Archive member included because of file (symbol)

c:/program files (x86)/gnu tools arm embedded/4.9 2015q3/bin/../lib/gcc/arm-none-eabi/4.9.3/armv6-m\libgcc.a(_udivsi3.o)
                              main.o (__aeabi_uidiv)
c:/program files (x86)/gnu tools arm embedded/4.9 2015q3/bin/../lib/gcc/arm-none-eabi/4.9.3/armv6-m\libgcc.a(_dvmd_tls.o)
                              c:/program files (x86)/gnu tools arm embedded/4.9 2015q3/bin/../lib/gcc/arm-none-eabi/4.9.3/armv6-m\libgcc.a(_udivsi3.o) (__aeabi_idiv0)
c:/program files (x86)/gnu tools arm embedded/4.9 2015q3/bin/../lib/gcc/arm-none-eabi/4.9.3/../../../../arm-none-eabi/lib/armv6-m\libc.a(lib_a-islower.o)
                              main.o (islower)
c:/program files (x86)/gnu tools arm embedded/4.9 2015q3/bin/../lib/gcc/arm-none-eabi/4.9.3/../../../../arm-none-eabi/lib/armv6-m\libc.a(lib_a-isupper.o)
                              main.o (isupper)
c:/program files (x86)/gnu tools arm embedded/4.9 2015q3/bin/../lib/gcc/arm-none-eabi/4.9.3/../../../../arm-none-eabi/lib/armv6-m\libc.a(lib_a-ctype_.o)
                              c:/program files (x86)/gnu tools arm embedded/4.9 2015q3/bin/../lib/gcc/arm-none-eabi/4.9.3/../../../../arm-none-eabi/lib/armv6-m\libc.a(lib_a-islower.o) (__ctype_ptr__)

Allocating common symbols
Common symbol       size              file

__dso_handle        0x4               cortex_startup.o

Discarded input sections

 .data          0x00000000        0x0 asm.o
 .bss           0x00000000        0x0 asm.o
 .group         0x00000000        0x8 main.o
 .group         0x00000000        0x8 main.o
 .group         0x00000000        0x8 main.o
 .text          0x00000000        0x0 main.o
 .data          0x00000000        0x0 main.o
 .bss           0x00000000        0x0 main.o
 .text.do_magic
                0x00000000       0x2a main.o
 .text          0x00000000        0x0 cortex_startup.o
 .data          0x00000000        0x0 cortex_startup.o
 .bss           0x00000000        0x0 cortex_startup.o
 .text.__cxa_pure_virtual
                0x00000000        0x2 cortex_startup.o
 COMMON         0x00000000        0x4 cortex_startup.o
 .group         0x00000000        0x8 cortex.o
 .group         0x00000000        0x8 cortex.o
 .group         0x00000000        0x8 cortex.o
 .text          0x00000000        0x0 cortex.o
 .data          0x00000000        0x0 cortex.o
 .bss           0x00000000        0x0 cortex.o
 .text._ZN5hwcpp12lpc1114_baseILi4096ELi32768ELi48000000EE16initialize_clockEv
                0x00000000       0x50 cortex.o
 .data._ZN5hwcpp2io4coutE
                0x00000000       0x14 cortex.o
 .data          0x00000000        0x0 c:/program files (x86)/gnu tools arm embedded/4.9 2015q3/bin/../lib/gcc/arm-none-eabi/4.9.3/armv6-m\libgcc.a(_udivsi3.o)
 .bss           0x00000000        0x0 c:/program files (x86)/gnu tools arm embedded/4.9 2015q3/bin/../lib/gcc/arm-none-eabi/4.9.3/armv6-m\libgcc.a(_udivsi3.o)
 .data          0x00000000        0x0 c:/program files (x86)/gnu tools arm embedded/4.9 2015q3/bin/../lib/gcc/arm-none-eabi/4.9.3/armv6-m\libgcc.a(_dvmd_tls.o)
 .bss           0x00000000        0x0 c:/program files (x86)/gnu tools arm embedded/4.9 2015q3/bin/../lib/gcc/arm-none-eabi/4.9.3/armv6-m\libgcc.a(_dvmd_tls.o)
 .text          0x00000000        0x0 c:/program files (x86)/gnu tools arm embedded/4.9 2015q3/bin/../lib/gcc/arm-none-eabi/4.9.3/../../../../arm-none-eabi/lib/armv6-m\libc.a(lib_a-islower.o)
 .data          0x00000000        0x0 c:/program files (x86)/gnu tools arm embedded/4.9 2015q3/bin/../lib/gcc/arm-none-eabi/4.9.3/../../../../arm-none-eabi/lib/armv6-m\libc.a(lib_a-islower.o)
 .bss           0x00000000        0x0 c:/program files (x86)/gnu tools arm embedded/4.9 2015q3/bin/../lib/gcc/arm-none-eabi/4.9.3/../../../../arm-none-eabi/lib/armv6-m\libc.a(lib_a-islower.o)
 .text.islower  0x00000000       0x18 c:/program files (x86)/gnu tools arm embedded/4.9 2015q3/bin/../lib/gcc/arm-none-eabi/4.9.3/../../../../arm-none-eabi/lib/armv6-m\libc.a(lib_a-islower.o)
 .text          0x00000000        0x0 c:/program files (x86)/gnu tools arm embedded/4.9 2015q3/bin/../lib/gcc/arm-none-eabi/4.9.3/../../../../arm-none-eabi/lib/armv6-m\libc.a(lib_a-isupper.o)
 .data          0x00000000        0x0 c:/program files (x86)/gnu tools arm embedded/4.9 2015q3/bin/../lib/gcc/arm-none-eabi/4.9.3/../../../../arm-none-eabi/lib/armv6-m\libc.a(lib_a-isupper.o)
 .bss           0x00000000        0x0 c:/program files (x86)/gnu tools arm embedded/4.9 2015q3/bin/../lib/gcc/arm-none-eabi/4.9.3/../../../../arm-none-eabi/lib/armv6-m\libc.a(lib_a-isupper.o)
 .text.isupper  0x00000000       0x18 c:/program files (x86)/gnu tools arm embedded/4.9 2015q3/bin/../lib/gcc/arm-none-eabi/4.9.3/../../../../arm-none-eabi/lib/armv6-m\libc.a(lib_a-isupper.o)
 .text          0x00000000        0x0 c:/program files (x86)/gnu tools arm embedded/4.9 2015q3/bin/../lib/gcc/arm-none-eabi/4.9.3/../../../../arm-none-eabi/lib/armv6-m\libc.a(lib_a-ctype_.o)
 .data          0x00000000        0x0 c:/program files (x86)/gnu tools arm embedded/4.9 2015q3/bin/../lib/gcc/arm-none-eabi/4.9.3/../../../../arm-none-eabi/lib/armv6-m\libc.a(lib_a-ctype_.o)
 .bss           0x00000000        0x0 c:/program files (x86)/gnu tools arm embedded/4.9 2015q3/bin/../lib/gcc/arm-none-eabi/4.9.3/../../../../arm-none-eabi/lib/armv6-m\libc.a(lib_a-ctype_.o)
 .data.__ctype_ptr__
                0x00000000        0x4 c:/program files (x86)/gnu tools arm embedded/4.9 2015q3/bin/../lib/gcc/arm-none-eabi/4.9.3/../../../../arm-none-eabi/lib/armv6-m\libc.a(lib_a-ctype_.o)
 .rodata._ctype_
                0x00000000      0x101 c:/program files (x86)/gnu tools arm embedded/4.9 2015q3/bin/../lib/gcc/arm-none-eabi/4.9.3/../../../../arm-none-eabi/lib/armv6-m\libc.a(lib_a-ctype_.o)

Memory Configuration

Name             Origin             Length             Attributes
rom              0x00000000         0x00008000         xr
ram              0x10000000         0x00001000         xrw
nul              0x20000000         0x00000000         xrw
*default*        0x00000000         0xffffffff

Linker script and memory map

LOAD asm.o
LOAD main.o
LOAD cortex_startup.o
LOAD cortex.o
LOAD c:/program files (x86)/gnu tools arm embedded/4.9 2015q3/bin/../lib/gcc/arm-none-eabi/4.9.3/../../../../arm-none-eabi/lib/armv6-m\libstdc++.a
LOAD c:/program files (x86)/gnu tools arm embedded/4.9 2015q3/bin/../lib/gcc/arm-none-eabi/4.9.3/../../../../arm-none-eabi/lib/armv6-m\libm.a
START GROUP
LOAD c:/program files (x86)/gnu tools arm embedded/4.9 2015q3/bin/../lib/gcc/arm-none-eabi/4.9.3/armv6-m\libgcc.a
LOAD c:/program files (x86)/gnu tools arm embedded/4.9 2015q3/bin/../lib/gcc/arm-none-eabi/4.9.3/../../../../arm-none-eabi/lib/armv6-m\libc.a
END GROUP
                0x00000800                __main_stack_size = 0x800
                0x00000000                __process_stack_size = 0x0
                [0x00000800]                PROVIDE (__main_stack_size, __main_stack_size)
                [0x00000000]                PROVIDE (__process_stack_size, __process_stack_size)
                0x00000000                __rom_start = ORIGIN (rom)
                0x00008000                __rom_size = 0x8000
                0x00008000                __rom_end = (__rom_start + __rom_size)
                0x10000000                __ram_start = ORIGIN (ram)
                0x00001000                __ram_size = 0x1000
                0x10001000                __ram_end = (__ram_start + __ram_size)
                [0x00000000]                PROVIDE (__rom_start, __rom_start)
                [0x00008000]                PROVIDE (__rom_size, __rom_size)
                [0x00008000]                PROVIDE (__rom_end, __rom_end)
                [0x10000000]                PROVIDE (__ram_start, __ram_start)
                [0x00001000]                PROVIDE (__ram_size, __ram_size)
                [0x10001000]                PROVIDE (__ram_end, __ram_end)

.text           0x00000000      0x428
                0x00000000                . = ALIGN (0x4)
                0x00000000                __text_start = .
                [0x00000000]                PROVIDE (__text_start, __text_start)
                0x00000000                . = ALIGN (0x4)
 *(.vectors)
 .vectors       0x00000000       0x20 cortex_startup.o
                0x00000000                __vectors
                0x00000020                . = ALIGN (0x4)
 *(.text .text.* .gnu.linkonce.t.*)
 .text          0x00000020       0x60 asm.o
                0x00000020                print_asciz
                0x00000038                application
 .text._ZN5hwcpp12lpc1114_baseILi4096ELi32768ELi48000000EE4uartILj38400EE3putEc
                0x00000080       0x10 main.o
                0x00000080                hwcpp::lpc1114_base<4096, 32768, 48000000>::uart<38400u>::put(char)
 .text.put_char
                0x00000090       0x14 main.o
                0x00000090                put_char
 .text._ZN5hwcpp12lpc1114_baseILi4096ELi32768ELi48000000EE16initialize_clockEv
                0x000000a4       0x50 main.o
                0x000000a4                hwcpp::lpc1114_base<4096, 32768, 48000000>::initialize_clock()
 .text._ZN5hwcpp12lpc1114_baseILi4096ELi32768ELi48000000EE4uartILj38400EE4initEv
                0x000000f4       0xac main.o
                0x000000f4                hwcpp::lpc1114_base<4096, 32768, 48000000>::uart<38400u>::init()
 .text.startup.main
                0x000001a0       0x6c main.o
                0x000001a0                main
 .text.__startup
                0x0000020c       0x58 cortex_startup.o
                0x0000020c                __startup
 .text._ZN5bmptk3nowEv
                0x00000264       0x64 cortex.o
                0x00000264                bmptk::now()
 .text._ZN5bmptk4waitEx
                0x000002c8       0x1e cortex.o
                0x000002c8                bmptk::wait(long long)
 *fill*         0x000002e6        0x2 
 .text          0x000002e8      0x120 c:/program files (x86)/gnu tools arm embedded/4.9 2015q3/bin/../lib/gcc/arm-none-eabi/4.9.3/armv6-m\libgcc.a(_udivsi3.o)
                0x000002e8                __aeabi_uidiv
                0x000002e8                __udivsi3
                0x000003f4                __aeabi_uidivmod
 .text          0x00000408        0x4 c:/program files (x86)/gnu tools arm embedded/4.9 2015q3/bin/../lib/gcc/arm-none-eabi/4.9.3/armv6-m\libgcc.a(_dvmd_tls.o)
                0x00000408                __aeabi_idiv0
                0x00000408                __aeabi_ldiv0
                0x0000040c                . = ALIGN (0x4)
 *(.glue_7t .glue_7)
 .glue_7        0x00000000        0x0 linker stubs
 .glue_7t       0x00000000        0x0 linker stubs
                0x0000040c                . = ALIGN (0x4)
 *(.rodata .rodata.* .gnu.linkonce.r.*)
 .rodata.str1.1
                0x0000040c       0x1a main.o
                0x00000428                . = ALIGN (0x4)
 *fill*         0x00000426        0x2 
 *(.ARM.extab* .gnu.linkonce.armextab.*)
                0x00000428                . = ALIGN (0x4)
 *(.gcc_except_table)
                0x00000428                . = ALIGN (0x4)
 *(.eh_frame_hdr)
                0x00000428                . = ALIGN (0x4)
 *(.eh_frame)
                0x00000428                . = ALIGN (0x4)
                0x00000428                __text_end = .
                [0x00000428]                PROVIDE (__text_end, __text_end)

.vfp11_veneer   0x00000428        0x0
 .vfp11_veneer  0x00000000        0x0 linker stubs

.v4_bx          0x00000428        0x0
 .v4_bx         0x00000000        0x0 linker stubs

.iplt           0x00000428        0x0
 .iplt          0x00000000        0x0 asm.o

.rel.dyn        0x00000428        0x0
 .rel.iplt      0x00000000        0x0 asm.o

.IF_YOU_SEE_THIS_YOU_HAVE_ONE_OR_MORE_GLOBAL_OBJECT_CONSTRUCTORS
 *(.init)
 *(.preinit_array)
 *(SORT(.init_array.*))
 *(.init_array)
                0x00000428                . = ALIGN (0x4)
                0x00000428                __exidx_start = .
                [0x00000428]                PROVIDE (__exidx_start, __exidx_start)

.ARM.exidx
 *(.ARM.exidx* .gnu.linkonce.armexidx.*)
                0x00000428                . = ALIGN (0x4)
                0x00000428                __exidx_end = .
                [0x00000428]                PROVIDE (__exidx_end, __exidx_end)

.data           0x10000000       0x14 load address 0x00000428
                0x10000000                . = ALIGN (0x4)
                0x00000428                __data_init_start = LOADADDR (.data)
                [0x00000428]                PROVIDE (__data_init_start, __data_init_start)
                0x10000000                __data_start = .
                [0x10000000]                PROVIDE (__data_start, __data_start)
                0x10000000                . = ALIGN (0x4)
 *(.data .data.* .gnu.linkonce.d.*)
 .data._ZN5hwcpp2io4coutE
                0x10000000       0x14 main.o
                0x10000000                hwcpp::io::cout
                0x10000014                . = ALIGN (0x4)
                0x10000014                __data_end = .
                [0x10000014]                PROVIDE (__data_end, __data_end)

.igot.plt       0x10000014        0x0 load address 0x0000043c
 .igot.plt      0x00000000        0x0 asm.o

.bss            0x10000018       0x10
                0x10000018                . = ALIGN (0x4)
                0x10000018                __bss_start = .
                [0x10000018]                PROVIDE (__bss_start, __bss_start)
                0x10000018                . = ALIGN (0x4)
 *(.bss .bss.* .gnu.linkonce.b.*)
 .bss._ZZN5hwcpp12lpc1114_baseILi4096ELi32768ELi48000000EE8timer_643nowEvE4high
                0x10000018        0x8 cortex.o
                0x10000018                hwcpp::lpc1114_base<4096, 32768, 48000000>::timer_64::now()::high
 .bss._ZZN5hwcpp12lpc1114_baseILi4096ELi32768ELi48000000EE8timer_643nowEvE8last_low
                0x10000020        0x4 cortex.o
                0x10000020                hwcpp::lpc1114_base<4096, 32768, 48000000>::timer_64::now()::last_low
 .bss._ZZN5bmptk3nowEvE9init_done
                0x10000024        0x1 cortex.o
                0x10000028                . = ALIGN (0x4)
 *fill*         0x10000025        0x3 
 *(COMMON)
                0x10000028                . = ALIGN (0x4)
                0x10000028                __bss_end = .
                [0x10000028]                PROVIDE (__bss_end, __bss_end)

.stack          0x10000028      0x800
                0x10000028                . = ALIGN (0x8)
                0x10000028                __stack_start = .
                [0x10000028]                PROVIDE (__stack_start, __stack_start)
                0x10000028                . = ALIGN (0x8)
                0x10000028                __main_stack_start = .
                [0x10000028]                PROVIDE (__main_stack_start, __main_stack_start)
                0x10000828                . = (. + __main_stack_size)
 *fill*         0x10000028      0x800 
                0x10000828                . = ALIGN (0x8)
                0x10000828                __main_stack_end = .
                [0x10000828]                PROVIDE (__main_stack_end, __main_stack_end)
                0x10000828                . = ALIGN (0x8)
                0x10000828                __process_stack_start = .
                [0x10000828]                PROVIDE (__process_stack_start, __process_stack_start)
                0x10000828                . = (. + __process_stack_size)
                0x10000828                . = ALIGN (0x8)
                0x10000828                __process_stack_end = .
                [0x10000828]                PROVIDE (__process_stack_end, __process_stack_end)
                0x10000828                . = ALIGN (0x8)
                0x10000828                __stack_end = .
                [0x10000828]                PROVIDE (__stack_end, __stack_end)
                0x10000828                . = ALIGN (0x4)
                0x10000828                __heap_start = .
                [0x10000828]                PROVIDE (__heap_start, __heap_start)
                0x10000828                . = ALIGN (0x4)
                0x10001000                __heap_end = __ram_end
                [0x10001000]                PROVIDE (__heap_end, __heap_end)

.stab
 *(.stab)

.stabstr
 *(.stabstr)

.debug
 *(.debug)

.line
 *(.line)

.debug_srcinfo
 *(.debug_srcinfo)

.debug_sfnames
 *(.debug_sfnames)

.debug_aranges
 *(.debug_aranges)

.debug_pubnames
 *(.debug_pubnames)

.debug_info
 *(.debug_info .gnu.linkonce.wi.*)

.debug_abbrev
 *(.debug_abbrev)

.debug_line
 *(.debug_line)

.debug_frame    0x00000000       0x60
 *(.debug_frame)
 .debug_frame   0x00000000       0x20 c:/program files (x86)/gnu tools arm embedded/4.9 2015q3/bin/../lib/gcc/arm-none-eabi/4.9.3/armv6-m\libgcc.a(_udivsi3.o)
 .debug_frame   0x00000020       0x20 c:/program files (x86)/gnu tools arm embedded/4.9 2015q3/bin/../lib/gcc/arm-none-eabi/4.9.3/../../../../arm-none-eabi/lib/armv6-m\libc.a(lib_a-islower.o)
 .debug_frame   0x00000040       0x20 c:/program files (x86)/gnu tools arm embedded/4.9 2015q3/bin/../lib/gcc/arm-none-eabi/4.9.3/../../../../arm-none-eabi/lib/armv6-m\libc.a(lib_a-isupper.o)

.comment        0x00000000       0x70
 .comment       0x00000000       0x70 main.o
                                 0x71 (size before relaxing)
 .comment       0x00000000       0x71 cortex_startup.o
 .comment       0x00000000       0x71 cortex.o

.debug_str
 *(.debug_str)

.debug_loc
 *(.debug_loc)

.debug_macinfo
 *(.debug_macinfo)

.debug_weaknames
 *(.debug_weaknames)

.debug_funcnames
 *(.debug_funcnames)

.debug_typenames
 *(.debug_typenames)

.debug_varnames
 *(.debug_varnames)

.note.gnu.arm.ident
 *(.note.gnu.arm.ident)

.ARM.attributes
                0x00000000       0x2d
 *(.ARM.attributes)
 .ARM.attributes
                0x00000000       0x21 asm.o
 .ARM.attributes
                0x00000021       0x31 main.o
 .ARM.attributes
                0x00000052       0x31 cortex_startup.o
 .ARM.attributes
                0x00000083       0x31 cortex.o
 .ARM.attributes
                0x000000b4       0x1e c:/program files (x86)/gnu tools arm embedded/4.9 2015q3/bin/../lib/gcc/arm-none-eabi/4.9.3/armv6-m\libgcc.a(_udivsi3.o)
 .ARM.attributes
                0x000000d2       0x1e c:/program files (x86)/gnu tools arm embedded/4.9 2015q3/bin/../lib/gcc/arm-none-eabi/4.9.3/armv6-m\libgcc.a(_dvmd_tls.o)
 .ARM.attributes
                0x000000f0       0x2c c:/program files (x86)/gnu tools arm embedded/4.9 2015q3/bin/../lib/gcc/arm-none-eabi/4.9.3/../../../../arm-none-eabi/lib/armv6-m\libc.a(lib_a-islower.o)
 .ARM.attributes
                0x0000011c       0x2c c:/program files (x86)/gnu tools arm embedded/4.9 2015q3/bin/../lib/gcc/arm-none-eabi/4.9.3/../../../../arm-none-eabi/lib/armv6-m\libc.a(lib_a-isupper.o)
 .ARM.attributes
                0x00000148       0x2c c:/program files (x86)/gnu tools arm embedded/4.9 2015q3/bin/../lib/gcc/arm-none-eabi/4.9.3/../../../../arm-none-eabi/lib/armv6-m\libc.a(lib_a-ctype_.o)

/DISCARD/
 *(.note.GNU-stack)
                0x00000428                PROVIDE (__text_size, (__text_end - __text_start))
                0x00000000                PROVIDE (__exidx_size, (__exidx_end - __exidx_start))
                0x00000014                PROVIDE (__data_size, (__data_end - __data_start))
                0x00000010                PROVIDE (__bss_size, (__bss_end - __bss_start))
                0x00000800                PROVIDE (__stack_size, (__stack_end - __stack_start))
                0x000007d8                PROVIDE (__heap_size, (__heap_end - __heap_start))
OUTPUT(main.elf elf32-littlearm)
