Archive member included to satisfy reference by file (symbol)

C:/Program Files (x86)/mingw-w64/i686-5.2.0-posix-dwarf-rt_v4-rev0/mingw32/bin/../lib/gcc/i686-w64-mingw32/5.2.0/../../../../i686-w64-mingw32/lib/../lib/libgdi32.a(dwlcs00337.o)
                              graphics.o (_imp__SetPixel@16)
C:/Program Files (x86)/mingw-w64/i686-5.2.0-posix-dwarf-rt_v4-rev0/mingw32/bin/../lib/gcc/i686-w64-mingw32/5.2.0/../../../../i686-w64-mingw32/lib/../lib/libgdi32.a(dwlch.o)
                              C:/Program Files (x86)/mingw-w64/i686-5.2.0-posix-dwarf-rt_v4-rev0/mingw32/bin/../lib/gcc/i686-w64-mingw32/5.2.0/../../../../i686-w64-mingw32/lib/../lib/libgdi32.a(dwlcs00337.o) (_head_lib32_libgdi32_a)
C:/Program Files (x86)/mingw-w64/i686-5.2.0-posix-dwarf-rt_v4-rev0/mingw32/bin/../lib/gcc/i686-w64-mingw32/5.2.0/../../../../i686-w64-mingw32/lib/../lib/libgdi32.a(dwlct.o)
                              C:/Program Files (x86)/mingw-w64/i686-5.2.0-posix-dwarf-rt_v4-rev0/mingw32/bin/../lib/gcc/i686-w64-mingw32/5.2.0/../../../../i686-w64-mingw32/lib/../lib/libgdi32.a(dwlch.o) (_lib32_libgdi32_a_iname)
C:/Program Files (x86)/mingw-w64/i686-5.2.0-posix-dwarf-rt_v4-rev0/mingw32/bin/../lib/gcc/i686-w64-mingw32/5.2.0/libstdc++.dll.a(d005750.o)
                              graphics.o (__cxa_pure_virtual)
C:/Program Files (x86)/mingw-w64/i686-5.2.0-posix-dwarf-rt_v4-rev0/mingw32/bin/../lib/gcc/i686-w64-mingw32/5.2.0/libstdc++.dll.a(d004782.o)
                              graphics.o (std::basic_ostream<char, std::char_traits<char> >& std::operator<< <char, std::char_traits<char> >(std::basic_ostream<char, std::char_traits<char> >&, std::_Setfill<char>))
C:/Program Files (x86)/mingw-w64/i686-5.2.0-posix-dwarf-rt_v4-rev0/mingw32/bin/../lib/gcc/i686-w64-mingw32/5.2.0/libstdc++.dll.a(d004775.o)
                              graphics.o (std::basic_ostream<char, std::char_traits<char> >& std::operator<< <std::char_traits<char> >(std::basic_ostream<char, std::char_traits<char> >&, char))
C:/Program Files (x86)/mingw-w64/i686-5.2.0-posix-dwarf-rt_v4-rev0/mingw32/bin/../lib/gcc/i686-w64-mingw32/5.2.0/libstdc++.dll.a(d004772.o)
                              graphics.o (std::basic_ostream<char, std::char_traits<char> >& std::operator<< <std::char_traits<char> >(std::basic_ostream<char, std::char_traits<char> >&, char const*))
C:/Program Files (x86)/mingw-w64/i686-5.2.0-posix-dwarf-rt_v4-rev0/mingw32/bin/../lib/gcc/i686-w64-mingw32/5.2.0/libstdc++.dll.a(d004378.o)
                              graphics.o (std::ios_base::Init::~Init())
C:/Program Files (x86)/mingw-w64/i686-5.2.0-posix-dwarf-rt_v4-rev0/mingw32/bin/../lib/gcc/i686-w64-mingw32/5.2.0/libstdc++.dll.a(d004376.o)
                              graphics.o (std::ios_base::Init::Init())
C:/Program Files (x86)/mingw-w64/i686-5.2.0-posix-dwarf-rt_v4-rev0/mingw32/bin/../lib/gcc/i686-w64-mingw32/5.2.0/libstdc++.dll.a(d001744.o)
                              graphics.o (std::ostream::operator<<(short))
C:/Program Files (x86)/mingw-w64/i686-5.2.0-posix-dwarf-rt_v4-rev0/mingw32/bin/../lib/gcc/i686-w64-mingw32/5.2.0/libstdc++.dll.a(d001732.o)
                              graphics.o (std::ostream::operator<<(std::ios_base& (*)(std::ios_base&)))
C:/Program Files (x86)/mingw-w64/i686-5.2.0-posix-dwarf-rt_v4-rev0/mingw32/bin/../lib/gcc/i686-w64-mingw32/5.2.0/libstdc++.dll.a(d000000.o)
                              C:/Program Files (x86)/mingw-w64/i686-5.2.0-posix-dwarf-rt_v4-rev0/mingw32/bin/../lib/gcc/i686-w64-mingw32/5.2.0/libstdc++.dll.a(d005750.o) (_head_libstdc___6_dll)
C:/Program Files (x86)/mingw-w64/i686-5.2.0-posix-dwarf-rt_v4-rev0/mingw32/bin/../lib/gcc/i686-w64-mingw32/5.2.0/libstdc++.dll.a(d005776.o)
                              C:/Program Files (x86)/mingw-w64/i686-5.2.0-posix-dwarf-rt_v4-rev0/mingw32/bin/../lib/gcc/i686-w64-mingw32/5.2.0/libstdc++.dll.a(d000000.o) (libstdc___6_dll_iname)
C:/Program Files (x86)/mingw-w64/i686-5.2.0-posix-dwarf-rt_v4-rev0/mingw32/bin/../lib/gcc/i686-w64-mingw32/5.2.0/../../../../i686-w64-mingw32/lib/../lib/libmingw32.a(lib32_libmingw32_a-atonexit.o)
                              C:/Program Files (x86)/mingw-w64/i686-5.2.0-posix-dwarf-rt_v4-rev0/mingw32/bin/../lib/gcc/i686-w64-mingw32/5.2.0/crtbegin.o (atexit)
C:/Program Files (x86)/mingw-w64/i686-5.2.0-posix-dwarf-rt_v4-rev0/mingw32/bin/../lib/gcc/i686-w64-mingw32/5.2.0/../../../../i686-w64-mingw32/lib/../lib/libmingw32.a(lib32_libmingw32_a-gccmain.o)
                              C:/Program Files (x86)/mingw-w64/i686-5.2.0-posix-dwarf-rt_v4-rev0/mingw32/bin/../lib/gcc/i686-w64-mingw32/5.2.0/../../../../i686-w64-mingw32/lib/../lib/crt2.o (__main)
C:/Program Files (x86)/mingw-w64/i686-5.2.0-posix-dwarf-rt_v4-rev0/mingw32/bin/../lib/gcc/i686-w64-mingw32/5.2.0/../../../../i686-w64-mingw32/lib/../lib/libmingw32.a(lib32_libmingw32_a-natstart.o)
[...]
Memory Configuration

Name             Origin             Length             Attributes
*default*        0x00000000         0xffffffff

Linker script and memory map

                0x00400000                __image_base__ = 0x400000
                0x00000000                __dll__ = 0x0
                0x00400000                ___ImageBase = 0x400000
                0x00001000                __section_alignment__ = 0x1000
                0x00000200                __file_alignment__ = 0x200
                0x00000004                __major_os_version__ = 0x4
                0x00000000                __minor_os_version__ = 0x0
                0x00000001                __major_image_version__ = 0x1
                0x00000000                __minor_image_version__ = 0x0
                0x00000004                __major_subsystem_version__ = 0x4
                0x00000000                __minor_subsystem_version__ = 0x0
                0x00000003                __subsystem__ = 0x3
                0x00200000                __size_of_stack_reserve__ = 0x200000
                0x00001000                __size_of_stack_commit__ = 0x1000
                0x00100000                __size_of_heap_reserve__ = 0x100000
                0x00001000                __size_of_heap_commit__ = 0x1000
                0x00000000                __loader_flags__ = 0x0
                0x00000000                __dll_characteristics__ = 0x0
LOAD C:/Program Files (x86)/mingw-w64/i686-5.2.0-posix-dwarf-rt_v4-rev0/mingw32/bin/../lib/gcc/i686-w64-mingw32/5.2.0/../../../../i686-w64-mingw32/lib/../lib/crt2.o
LOAD C:/Program Files (x86)/mingw-w64/i686-5.2.0-posix-dwarf-rt_v4-rev0/mingw32/bin/../lib/gcc/i686-w64-mingw32/5.2.0/crtbegin.o
LOAD graphics.o
LOAD font.o
LOAD main.o
LOAD win.o
LOAD C:/Program Files (x86)/mingw-w64/i686-5.2.0-posix-dwarf-rt_v4-rev0/mingw32/bin/../lib/gcc/i686-w64-mingw32/5.2.0/../../../../i686-w64-mingw32/lib/../lib/libgdi32.a
LOAD C:/Program Files (x86)/mingw-w64/i686-5.2.0-posix-dwarf-rt_v4-rev0/mingw32/bin/../lib/gcc/i686-w64-mingw32/5.2.0/libstdc++.dll.a
LOAD C:/Program Files (x86)/mingw-w64/i686-5.2.0-posix-dwarf-rt_v4-rev0/mingw32/bin/../lib/gcc/i686-w64-mingw32/5.2.0/../../../../i686-w64-mingw32/lib/../lib/libmingw32.a
LOAD C:/Program Files (x86)/mingw-w64/i686-5.2.0-posix-dwarf-rt_v4-rev0/mingw32/bin/../lib/gcc/i686-w64-mingw32/5.2.0/../../../../i686-w64-mingw32/lib/../lib/libgcc_s.a
LOAD C:/Program Files (x86)/mingw-w64/i686-5.2.0-posix-dwarf-rt_v4-rev0/mingw32/bin/../lib/gcc/i686-w64-mingw32/5.2.0/libgcc.a
LOAD C:/Program Files (x86)/mingw-w64/i686-5.2.0-posix-dwarf-rt_v4-rev0/mingw32/bin/../lib/gcc/i686-w64-mingw32/5.2.0/../../../../i686-w64-mingw32/lib/../lib/libmoldname.a
LOAD C:/Program Files (x86)/mingw-w64/i686-5.2.0-posix-dwarf-rt_v4-rev0/mingw32/bin/../lib/gcc/i686-w64-mingw32/5.2.0/../../../../i686-w64-mingw32/lib/../lib/libmingwex.a
LOAD C:/Program Files (x86)/mingw-w64/i686-5.2.0-posix-dwarf-rt_v4-rev0/mingw32/bin/../lib/gcc/i686-w64-mingw32/5.2.0/../../../../i686-w64-mingw32/lib/../lib/libmsvcrt.a
LOAD C:/Program Files (x86)/mingw-w64/i686-5.2.0-posix-dwarf-rt_v4-rev0/mingw32/bin/../lib/gcc/i686-w64-mingw32/5.2.0/../../../../i686-w64-mingw32/lib/../lib/libpthread.dll.a
LOAD C:/Program Files (x86)/mingw-w64/i686-5.2.0-posix-dwarf-rt_v4-rev0/mingw32/bin/../lib/gcc/i686-w64-mingw32/5.2.0/../../../../i686-w64-mingw32/lib/../lib/libadvapi32.a
LOAD C:/Program Files (x86)/mingw-w64/i686-5.2.0-posix-dwarf-rt_v4-rev0/mingw32/bin/../lib/gcc/i686-w64-mingw32/5.2.0/../../../../i686-w64-mingw32/lib/../lib/libshell32.a
LOAD C:/Program Files (x86)/mingw-w64/i686-5.2.0-posix-dwarf-rt_v4-rev0/mingw32/bin/../lib/gcc/i686-w64-mingw32/5.2.0/../../../../i686-w64-mingw32/lib/../lib/libuser32.a
LOAD C:/Program Files (x86)/mingw-w64/i686-5.2.0-posix-dwarf-rt_v4-rev0/mingw32/bin/../lib/gcc/i686-w64-mingw32/5.2.0/../../../../i686-w64-mingw32/lib/../lib/libkernel32.a
LOAD C:/Program Files (x86)/mingw-w64/i686-5.2.0-posix-dwarf-rt_v4-rev0/mingw32/bin/../lib/gcc/i686-w64-mingw32/5.2.0/../../../../i686-w64-mingw32/lib/../lib/libiconv.a
LOAD C:/Program Files (x86)/mingw-w64/i686-5.2.0-posix-dwarf-rt_v4-rev0/mingw32/bin/../lib/gcc/i686-w64-mingw32/5.2.0/../../../../i686-w64-mingw32/lib/../lib/libmingw32.a
LOAD C:/Program Files (x86)/mingw-w64/i686-5.2.0-posix-dwarf-rt_v4-rev0/mingw32/bin/../lib/gcc/i686-w64-mingw32/5.2.0/../../../../i686-w64-mingw32/lib/../lib/libgcc_s.a
LOAD C:/Program Files (x86)/mingw-w64/i686-5.2.0-posix-dwarf-rt_v4-rev0/mingw32/bin/../lib/gcc/i686-w64-mingw32/5.2.0/libgcc.a
LOAD C:/Program Files (x86)/mingw-w64/i686-5.2.0-posix-dwarf-rt_v4-rev0/mingw32/bin/../lib/gcc/i686-w64-mingw32/5.2.0/../../../../i686-w64-mingw32/lib/../lib/libmoldname.a
LOAD C:/Program Files (x86)/mingw-w64/i686-5.2.0-posix-dwarf-rt_v4-rev0/mingw32/bin/../lib/gcc/i686-w64-mingw32/5.2.0/../../../../i686-w64-mingw32/lib/../lib/libmingwex.a
LOAD C:/Program Files (x86)/mingw-w64/i686-5.2.0-posix-dwarf-rt_v4-rev0/mingw32/bin/../lib/gcc/i686-w64-mingw32/5.2.0/../../../../i686-w64-mingw32/lib/../lib/libmsvcrt.a
LOAD C:/Program Files (x86)/mingw-w64/i686-5.2.0-posix-dwarf-rt_v4-rev0/mingw32/bin/../lib/gcc/i686-w64-mingw32/5.2.0/crtend.o
                0x00000380                . = SIZEOF_HEADERS
                0x00001000                . = ALIGN (__section_alignment__)

.text           0x00401000     0x4400
 *(.init)
 *(.text)
 .text          0x00401000      0x500 C:/Program Files (x86)/mingw-w64/i686-5.2.0-posix-dwarf-rt_v4-rev0/mingw32/bin/../lib/gcc/i686-w64-mingw32/5.2.0/../../../../i686-w64-mingw32/lib/../lib/crt2.o
                0x004014c0                WinMainCRTStartup
                0x004014e0                mainCRTStartup
 .text          0x00401500      0x130 C:/Program Files (x86)/mingw-w64/i686-5.2.0-posix-dwarf-rt_v4-rev0/mingw32/bin/../lib/gcc/i686-w64-mingw32/5.2.0/crtbegin.o
                0x00401500                __gcc_register_frame
                0x00401600                __gcc_deregister_frame
 .text          0x00401630        0x0 graphics.o
 .text          0x00401630        0x0 font.o
 .text          0x00401630        0x0 main.o
 .text          0x00401630        0x0 win.o
 .text          0x00401630        0x0 C:/Program Files (x86)/mingw-w64/i686-5.2.0-posix-dwarf-rt_v4-rev0/mingw32/bin/../lib/gcc/i686-w64-mingw32/5.2.0/../../../../i686-w64-mingw32/lib/../lib/libgdi32.a(dwlch.o)
 .text          0x00401630        0x0 C:/Program Files (x86)/mingw-w64/i686-5.2.0-posix-dwarf-rt_v4-rev0/mingw32/bin/../lib/gcc/i686-w64-mingw32/5.2.0/../../../../i686-w64-mingw32/lib/../lib/libgdi32.a(dwlct.o)
 .text          0x00401630        0x8 C:/Program Files (x86)/mingw-w64/i686-5.2.0-posix-dwarf-rt_v4-rev0/mingw32/bin/../lib/gcc/i686-w64-mingw32/5.2.0/libstdc++.dll.a(d005750.o)
                0x00401630                __cxa_pure_virtual
 .text          0x00401638        0x8 C:/Program Files (x86)/mingw-w64/i686-5.2.0-posix-dwarf-rt_v4-rev0/mingw32/bin/../lib/gcc/i686-w64-mingw32/5.2.0/libstdc++.dll.a(d004782.o)
                0x00401638                std::basic_ostream<char, std::char_traits<char> >& std::operator<< <char, std::char_traits<char> >(std::basic_ostream<char, std::char_traits<char> >&, std::_Setfill<char>)
 .text          0x00401640        0x8 C:/Program Files (x86)/mingw-w64/i686-5.2.0-posix-dwarf-rt_v4-rev0/mingw32/bin/../lib/gcc/i686-w64-mingw32/5.2.0/libstdc++.dll.a(d004775.o)
                0x00401640                std::basic_ostream<char, std::char_traits<char> >& std::operator<< <std::char_traits<char> >(std::basic_ostream<char, std::char_traits<char> >&, char)
 .text          0x00401648        0x8 C:/Program Files (x86)/mingw-w64/i686-5.2.0-posix-dwarf-rt_v4-rev0/mingw32/bin/../lib/gcc/i686-w64-mingw32/5.2.0/libstdc++.dll.a(d004772.o)
                0x00401648                std::basic_ostream<char, std::char_traits<char> >& std::operator<< <std::char_traits<char> >(std::basic_ostream<char, std::char_traits<char> >&, char const*)
 .text          0x00401650        0x8 C:/Program Files (x86)/mingw-w64/i686-5.2.0-posix-dwarf-rt_v4-rev0/mingw32/bin/../lib/gcc/i686-w64-mingw32/5.2.0/libstdc++.dll.a(d004378.o)
                0x00401650                std::ios_base::Init::~Init()
 .text          0x00401658        0x8 C:/Program Files (x86)/mingw-w64/i686-5.2.0-posix-dwarf-rt_v4-rev0/mingw32/bin/../lib/gcc/i686-w64-mingw32/5.2.0/libstdc++.dll.a(d004376.o)
                0x00401658                std::ios_base::Init::Init()
 .text          0x00401660        0x8 C:/Program Files (x86)/mingw-w64/i686-5.2.0-posix-dwarf-rt_v4-rev0/mingw32/bin/../lib/gcc/i686-w64-mingw32/5.2.0/libstdc++.dll.a(d001744.o)
                0x00401660                std::ostream::operator<<(short)
 .text          0x00401668        0x8 C:/Program Files (x86)/mingw-w64/i686-5.2.0-posix-dwarf-rt_v4-rev0/mingw32/bin/../lib/gcc/i686-w64-mingw32/5.2.0/libstdc++.dll.a(d001732.o)
                0x00401668                std::ostream::operator<<(std::ios_base& (*)(std::ios_base&))
 .text          0x00401670       0xe0 C:/Program Files (x86)/mingw-w64/i686-5.2.0-posix-dwarf-rt_v4-rev0/mingw32/bin/../lib/gcc/i686-w64-mingw32/5.2.0/../../../../i686-w64-mingw32/lib/../lib/libmingw32.a(lib32_libmingw32_a-atonexit.o)
                0x00401670                mingw_onexit
                0x00401730                atexit
 .text          0x00401750       0xa0 C:/Program Files (x86)/mingw-w64/i686-5.2.0-posix-dwarf-rt_v4-rev0/mingw32/bin/../lib/gcc/i686-w64-mingw32/5.2.0/../../../../i686-w64-mingw32/lib/../lib/libmingw32.a(lib32_libmingw32_a-gccmain.o)
                0x00401750                __do_global_dtors
                0x00401780                __do_global_ctors
                0x004017d0                __main
 .text          0x004017f0        0x0 C:/Program Files (x86)/mingw-w64/i686-5.2.0-posix-dwarf-rt_v4-rev0/mingw32/bin/../lib/gcc/i686-w64-mingw32/5.2.0/../../../../i686-w64-mingw32/lib/../lib/libmingw32.a(lib32_libmingw32_a-natstart.o)
 .text          0x004017f0        0x0 C:/Program Files (x86)/mingw-w64/i686-5.2.0-posix-dwarf-rt_v4-rev0/mingw32/bin/../lib/gcc/i686-w64-mingw32/5.2.0/../../../../i686-w64-mingw32/lib/../lib/libmingw32.a(lib32_libmingw32_a-wildcard.o)
 .text          0x004017f0       0x10 C:/Program Files (x86)/mingw-w64/i686-5.2.0-posix-dwarf-rt_v4-rev0/mingw32/bin/../lib/gcc/i686-w64-mingw32/5.2.0/../../../../i686-w64-mingw32/lib/../lib/libmingw32.a(lib32_libmingw32_a-charmax.o)
 .text          0x00401800       0x10 C:/Program Files (x86)/mingw-w64/i686-5.2.0-posix-dwarf-rt_v4-rev0/mingw32/bin/../lib/gcc/i686-w64-mingw32/5.2.0/../../../../i686-w64-mingw32/lib/../lib/libmingw32.a(lib32_libmingw32_a-dllargv.o)
                0x00401800                _setargv
 .text          0x00401810      0x140 C:/Program Files (x86)/mingw-w64/i686-5.2.0-posix-dwarf-rt_v4-rev0/mingw32/bin/../lib/gcc/i686-w64-mingw32/5.2.0/../../../../i686-w64-mingw32/lib/../lib/libmingw32.a(lib32_libmingw32_a-gs_support.o)
                0x00401810                __security_init_cookie
                0x004018c0                __report_gsfailure
 .text          0x00401950        0x0 C:/Program Files (x86)/mingw-w64/i686-5.2.0-posix-dwarf-rt_v4-rev0/mingw32/bin/../lib/gcc/i686-w64-mingw32/5.2.0/../../../../i686-w64-mingw32/lib/../lib/libmingw32.a(lib32_libmingw32_a-_newmode.o)
 .text          0x00401950       0xe0 C:/Program Files (x86)/mingw-w64/i686-5.2.0-posix-dwarf-rt_v4-rev0/mingw32/bin/../lib/gcc/i686-w64-mingw32/5.2.0/../../../../i686-w64-mingw32/lib/../lib/libmingw32.a(lib32_libmingw32_a-tlssup.o)
                0x004019a0                __dyn_tls_init@12
                0x00401a20                __tlregdtor
 .text          0x00401a30        0x0 C:/Program Files (x86)/mingw-w64/i686-5.2.0-posix-dwarf-rt_v4-rev0/mingw32/bin/../lib/gcc/i686-w64-mingw32/5.2.0/../../../../i686-w64-mingw32/lib/../lib/libmingw32.a(lib32_libmingw32_a-cinitexe.o)
 .text          0x00401a30       0xc0 C:/Program Files (x86)/mingw-w64/i686-5.2.0-posix-dwarf-rt_v4-rev0/mingw32/bin/../lib/gcc/i686-w64-mingw32/5.2.0/../../../../i686-w64-mingw32/lib/../lib/libmingw32.a(lib32_libmingw32_a-merr.o)
                0x00401a30                __mingw_raise_matherr
                0x00401a80                __mingw_setusermatherr
                0x00401a90                _matherr
 .text          0x00401af0       0x10 C:/Program Files (x86)/mingw-w64/i686-5.2.0-posix-dwarf-rt_v4-rev0/mingw32/bin/../lib/gcc/i686-w64-mingw32/5.2.0/../../../../i686-w64-mingw32/lib/../lib/libmingw32.a(lib32_libmingw32_a-CRT_fp10.o)
                0x00401af0                fpreset
                0x00401af0                _fpreset
 .text          0x00401b00       0x20 C:/Program Files (x86)/mingw-w64/i686-5.2.0-posix-dwarf-rt_v4-rev0/mingw32/bin/../lib/gcc/i686-w64-mingw32/5.2.0/../../../../i686-w64-mingw32/lib/../lib/libmingw32.a(lib32_libmingw32_a-mingw_helpers.o)
                0x00401b00                _decode_pointer
                0x00401b10                _encode_pointer
 .text          0x00401b20      0x460 C:/Program Files (x86)/mingw-w64/i686-5.2.0-posix-dwarf-rt_v4-rev0/mingw32/bin/../lib/gcc/i686-w64-mingw32/5.2.0/../../../../i686-w64-mingw32/lib/../lib/libmingw32.a(lib32_libmingw32_a-pseudo-reloc.o)
                0x00401cc0                _pei386_runtime_relocator
 .text          0x00401f80        0x0 C:/Program Files (x86)/mingw-w64/i686-5.2.0-posix-dwarf-rt_v4-rev0/mingw32/bin/../lib/gcc/i686-w64-mingw32/5.2.0/../../../../i686-w64-mingw32/lib/../lib/libmingw32.a(lib32_libmingw32_a-xtxtmode.o)
 .text          0x00401f80      0x1a0 C:/Program Files (x86)/mingw-w64/i686-5.2.0-posix-dwarf-rt_v4-rev0/mingw32/bin/../lib/gcc/i686-w64-mingw32/5.2.0/../../../../i686-w64-mingw32/lib/../lib/libmingw32.a(lib32_libmingw32_a-crt_handler.o)
                0x00401f80                _gnu_exception_handler@4
 .text          0x00402120      0x270 C:/Program Files (x86)/mingw-w64/i686-5.2.0-posix-dwarf-rt_v4-rev0/mingw32/bin/../lib/gcc/i686-w64-mingw32/5.2.0/../../../../i686-w64-mingw32/lib/../lib/libmingw32.a(lib32_libmingw32_a-tlsthrd.o)
                0x00402190                ___w64_mingwthr_add_key_dtor
                0x00402210                ___w64_mingwthr_remove_key_dtor
                0x004022b0                __mingw_TLScallback
 .text          0x00402390        0x0 C:/Program Files (x86)/mingw-w64/i686-5.2.0-posix-dwarf-rt_v4-rev0/mingw32/bin/../lib/gcc/i686-w64-mingw32/5.2.0/../../../../i686-w64-mingw32/lib/../lib/libmingw32.a(lib32_libmingw32_a-tlsmcrt.o)
 .text          0x00402390        0x0 C:/Program Files (x86)/mingw-w64/i686-5.2.0-posix-dwarf-rt_v4-rev0/mingw32/bin/../lib/gcc/i686-w64-mingw32/5.2.0/../../../../i686-w64-mingw32/lib/../lib/libmingw32.a(lib32_libmingw32_a-pseudo-reloc-list.o)
 .text          0x00402390      0x350 C:/Program Files (x86)/mingw-w64/i686-5.2.0-posix-dwarf-rt_v4-rev0/mingw32/bin/../lib/gcc/i686-w64-mingw32/5.2.0/../../../../i686-w64-mingw32/lib/../lib/libmingw32.a(lib32_libmingw32_a-pesect.o)
                0x004023b0                _ValidateImageBase
                0x004023d0                _FindPESection
                0x00402410                _FindPESectionByName
                0x004024b0                __mingw_GetSectionForAddress
                0x00402500                __mingw_GetSectionCount
                0x00402530                _FindPESectionExec
                0x004025b0                _GetPEImageBase
                0x004025e0                _IsNonwritableInCurrentImage
                0x00402640                __mingw_enum_import_library_names
 .text          0x004026e0        0x8 C:/Program Files (x86)/mingw-w64/i686-5.2.0-posix-dwarf-rt_v4-rev0/mingw32/bin/../lib/gcc/i686-w64-mingw32/5.2.0/../../../../i686-w64-mingw32/lib/../lib/libgcc_s.a(d000106.o)
                0x004026e0                __register_frame_info
 .text          0x004026e8        0x8 C:/Program Files (x86)/mingw-w64/i686-5.2.0-posix-dwarf-rt_v4-rev0/mingw32/bin/../lib/gcc/i686-w64-mingw32/5.2.0/../../../../i686-w64-mingw32/lib/../lib/libgcc_s.a(d000037.o)
                0x004026e8                __deregister_frame_info
 .text          0x004026f0       0x2c C:/Program Files (x86)/mingw-w64/i686-5.2.0-posix-dwarf-rt_v4-rev0/mingw32/bin/../lib/gcc/i686-w64-mingw32/5.2.0/libgcc.a(_chkstk_ms.o)
                0x004026f0                __chkstk_ms
 .text          0x0040271c        0x0 C:/Program Files (x86)/mingw-w64/i686-5.2.0-posix-dwarf-rt_v4-rev0/mingw32/bin/../lib/gcc/i686-w64-mingw32/5.2.0/libgcc.a(_ctors.o)
 .text          0x0040271c        0x0 C:/Program Files (x86)/mingw-w64/i686-5.2.0-posix-dwarf-rt_v4-rev0/mingw32/bin/../lib/gcc/i686-w64-mingw32/5.2.0/../../../../i686-w64-mingw32/lib/../lib/libmingwex.a(lib32_libmingwex_a-mingw_matherr.o)
 .text          0x0040271c        0x8 C:/Program Files (x86)/mingw-w64/i686-5.2.0-posix-dwarf-rt_v4-rev0/mingw32/bin/../lib/gcc/i686-w64-mingw32/5.2.0/../../../../i686-w64-mingw32/lib/../lib/libmsvcrt.a(dkhcs01249.o)
                0x0040271c                vfprintf
 .text          0x00402724        0x8 C:/Program Files (x86)/mingw-w64/i686-5.2.0-posix-dwarf-rt_v4-rev0/mingw32/bin/../lib/gcc/i686-w64-mingw32/5.2.0/../../../../i686-w64-mingw32/lib/../lib/libmsvcrt.a(dkhcs01216.o)
                0x00402724                strncmp
 .text          0x0040272c        0x8 C:/Program Files (x86)/mingw-w64/i686-5.2.0-posix-dwarf-rt_v4-rev0/mingw32/bin/../lib/gcc/i686-w64-mingw32/5.2.0/../../../../i686-w64-mingw32/lib/../lib/libmsvcrt.a(dkhcs01213.o)
                0x0040272c                strlen
 .text          0x00402734        0x8 C:/Program Files (x86)/mingw-w64/i686-5.2.0-posix-dwarf-rt_v4-rev0/mingw32/bin/../lib/gcc/i686-w64-mingw32/5.2.0/../../../../i686-w64-mingw32/lib/../lib/libmsvcrt.a(dkhcs01195.o)
                0x00402734                signal
 .text          0x0040273c        0x8 C:/Program Files (x86)/mingw-w64/i686-5.2.0-posix-dwarf-rt_v4-rev0/mingw32/bin/../lib/gcc/i686-w64-mingw32/5.2.0/../../../../i686-w64-mingw32/lib/../lib/libmsvcrt.a(dkhcs01170.o)
                0x0040273c                memcpy
 .text          0x00402744        0x8 C:/Program Files (x86)/mingw-w64/i686-5.2.0-posix-dwarf-rt_v4-rev0/mingw32/bin/../lib/gcc/i686-w64-mingw32/5.2.0/../../../../i686-w64-mingw32/lib/../lib/libmsvcrt.a(dkhcs01159.o)
                0x00402744                malloc
 .text          0x0040274c        0x8 C:/Program Files (x86)/mingw-w64/i686-5.2.0-posix-dwarf-rt_v4-rev0/mingw32/bin/../lib/gcc/i686-w64-mingw32/5.2.0/../../../../i686-w64-mingw32/lib/../lib/libmsvcrt.a(dkhcs01112.o)
                0x0040274c                fwrite
 .text          0x00402754        0x8 C:/Program Files (x86)/mingw-w64/i686-5.2.0-posix-dwarf-rt_v4-rev0/mingw32/bin/../lib/gcc/i686-w64-mingw32/5.2.0/../../../../i686-w64-mingw32/lib/../lib/libmsvcrt.a(dkhcs01101.o)
                0x00402754                free
 .text          0x0040275c        0x8 C:/Program Files (x86)/mingw-w64/i686-5.2.0-posix-dwarf-rt_v4-rev0/mingw32/bin/../lib/gcc/i686-w64-mingw32/5.2.0/../../../../i686-w64-mingw32/lib/../lib/libmsvcrt.a(dkhcs01094.o)
                0x0040275c                fprintf
 .text          0x00402764        0x8 C:/Program Files (x86)/mingw-w64/i686-5.2.0-posix-dwarf-rt_v4-rev0/mingw32/bin/../lib/gcc/i686-w64-mingw32/5.2.0/../../../../i686-w64-mingw32/lib/../lib/libmsvcrt.a(dkhcs01078.o)
                0x00402764                exit
 .text          0x0040276c        0x8 C:/Program Files (x86)/mingw-w64/i686-5.2.0-posix-dwarf-rt_v4-rev0/mingw32/bin/../lib/gcc/i686-w64-mingw32/5.2.0/../../../../i686-w64-mingw32/lib/../lib/libmsvcrt.a(dkhcs01067.o)
                0x0040276c                calloc
 .text          0x00402774        0x8 C:/Program Files (x86)/mingw-w64/i686-5.2.0-posix-dwarf-rt_v4-rev0/mingw32/bin/../lib/gcc/i686-w64-mingw32/5.2.0/../../../../i686-w64-mingw32/lib/../lib/libmsvcrt.a(dkhcs01055.o)
                0x00402774                abort
 .text          0x0040277c        0x8 C:/Program Files (x86)/mingw-w64/i686-5.2.0-posix-dwarf-rt_v4-rev0/mingw32/bin/../lib/gcc/i686-w64-mingw32/5.2.0/../../../../i686-w64-mingw32/lib/../lib/libmsvcrt.a(dkhcs00840.o)
                0x0040277c                _unlock
 .text          0x00402784        0x0 C:/Program Files (x86)/mingw-w64/i686-5.2.0-posix-dwarf-rt_v4-rev0/mingw32/bin/../lib/gcc/i686-w64-mingw32/5.2.0/../../../../i686-w64-mingw32/lib/../lib/libmsvcrt.a(dkhcs00627.o)
 .text          0x00402784        0x8 C:/Program Files (x86)/mingw-w64/i686-5.2.0-posix-dwarf-rt_v4-rev0/mingw32/bin/../lib/gcc/i686-w64-mingw32/5.2.0/../../../../i686-w64-mingw32/lib/../lib/libmsvcrt.a(dkhcs00460.o)
                0x00402784                _lock
 .text          0x0040278c        0x0 C:/Program Files (x86)/mingw-w64/i686-5.2.0-posix-dwarf-rt_v4-rev0/mingw32/bin/../lib/gcc/i686-w64-mingw32/5.2.0/../../../../i686-w64-mingw32/lib/../lib/libmsvcrt.a(dkhcs00354.o)
 .text          0x0040278c        0x8 C:/Program Files (x86)/mingw-w64/i686-5.2.0-posix-dwarf-rt_v4-rev0/mingw32/bin/../lib/gcc/i686-w64-mingw32/5.2.0/../../../../i686-w64-mingw32/lib/../lib/libmsvcrt.a(dkhcs00350.o)
                0x0040278c                _initterm
 .text          0x00402794        0x0 C:/Program Files (x86)/mingw-w64/i686-5.2.0-posix-dwarf-rt_v4-rev0/mingw32/bin/../lib/gcc/i686-w64-mingw32/5.2.0/../../../../i686-w64-mingw32/lib/../lib/libmsvcrt.a(dkhcs00275.o)
 .text          0x00402794        0x8 C:/Program Files (x86)/mingw-w64/i686-5.2.0-posix-dwarf-rt_v4-rev0/mingw32/bin/../lib/gcc/i686-w64-mingw32/5.2.0/../../../../i686-w64-mingw32/lib/../lib/libmsvcrt.a(dkhcs00163.o)
                0x00402794                _cexit
 .text          0x0040279c        0x8 C:/Program Files (x86)/mingw-w64/i686-5.2.0-posix-dwarf-rt_v4-rev0/mingw32/bin/../lib/gcc/i686-w64-mingw32/5.2.0/../../../../i686-w64-mingw32/lib/../lib/libmsvcrt.a(dkhcs00145.o)
                0x0040279c                _amsg_exit
 .text          0x004027a4        0x0 C:/Program Files (x86)/mingw-w64/i686-5.2.0-posix-dwarf-rt_v4-rev0/mingw32/bin/../lib/gcc/i686-w64-mingw32/5.2.0/../../../../i686-w64-mingw32/lib/../lib/libmsvcrt.a(dkhcs00123.o)
 .text          0x004027a4        0x8 C:/Program Files (x86)/mingw-w64/i686-5.2.0-posix-dwarf-rt_v4-rev0/mingw32/bin/../lib/gcc/i686-w64-mingw32/5.2.0/../../../../i686-w64-mingw32/lib/../lib/libmsvcrt.a(dkhcs00108.o)
                0x004027a4                __setusermatherr
 .text          0x004027ac        0x8 C:/Program Files (x86)/mingw-w64/i686-5.2.0-posix-dwarf-rt_v4-rev0/mingw32/bin/../lib/gcc/i686-w64-mingw32/5.2.0/../../../../i686-w64-mingw32/lib/../lib/libmsvcrt.a(dkhcs00105.o)
                0x004027ac                __set_app_type
 .text          0x004027b4        0x0 C:/Program Files (x86)/mingw-w64/i686-5.2.0-posix-dwarf-rt_v4-rev0/mingw32/bin/../lib/gcc/i686-w64-mingw32/5.2.0/../../../../i686-w64-mingw32/lib/../lib/libmsvcrt.a(dkhcs00059.o)
 .text          0x004027b4        0x8 C:/Program Files (x86)/mingw-w64/i686-5.2.0-posix-dwarf-rt_v4-rev0/mingw32/bin/../lib/gcc/i686-w64-mingw32/5.2.0/../../../../i686-w64-mingw32/lib/../lib/libmsvcrt.a(dkhcs00058.o)
                0x004027b4                __getmainargs
 .text          0x004027bc        0x8 C:/Program Files (x86)/mingw-w64/i686-5.2.0-posix-dwarf-rt_v4-rev0/mingw32/bin/../lib/gcc/i686-w64-mingw32/5.2.0/../../../../i686-w64-mingw32/lib/../lib/libmsvcrt.a(dkhcs00055.o)
                0x004027bc                __dllonexit
 *fill*         0x004027c4        0xc 
 .text          0x004027d0       0x20 C:/Program Files (x86)/mingw-w64/i686-5.2.0-posix-dwarf-rt_v4-rev0/mingw32/bin/../lib/gcc/i686-w64-mingw32/5.2.0/../../../../i686-w64-mingw32/lib/../lib/libmsvcrt.a(lib32_libmsvcrt_a-invalid_parameter_handler.o)
                0x004027d0                _get_invalid_parameter_handler
                0x004027e0                _set_invalid_parameter_handler
 .text          0x004027f0        0x0 C:/Program Files (x86)/mingw-w64/i686-5.2.0-posix-dwarf-rt_v4-rev0/mingw32/bin/../lib/gcc/i686-w64-mingw32/5.2.0/../../../../i686-w64-mingw32/lib/../lib/libmsvcrt.a(dkhch.o)
 .text          0x004027f0        0x0 C:/Program Files (x86)/mingw-w64/i686-5.2.0-posix-dwarf-rt_v4-rev0/mingw32/bin/../lib/gcc/i686-w64-mingw32/5.2.0/../../../../i686-w64-mingw32/lib/../lib/libmsvcrt.a(dkhct.o)
 .text          0x004027f0        0x0 C:/Program Files (x86)/mingw-w64/i686-5.2.0-posix-dwarf-rt_v4-rev0/mingw32/bin/../lib/gcc/i686-w64-mingw32/5.2.0/../../../../i686-w64-mingw32/lib/../lib/libuser32.a(duyeh.o)
 .text          0x004027f0        0x0 C:/Program Files (x86)/mingw-w64/i686-5.2.0-posix-dwarf-rt_v4-rev0/mingw32/bin/../lib/gcc/i686-w64-mingw32/5.2.0/../../../../i686-w64-mingw32/lib/../lib/libuser32.a(duyet.o)
 .text          0x004027f0        0x0 C:/Program Files (x86)/mingw-w64/i686-5.2.0-posix-dwarf-rt_v4-rev0/mingw32/bin/../lib/gcc/i686-w64-mingw32/5.2.0/../../../../i686-w64-mingw32/lib/../lib/libkernel32.a(degeh.o)
 .text          0x004027f0        0x0 C:/Program Files (x86)/mingw-w64/i686-5.2.0-posix-dwarf-rt_v4-rev0/mingw32/bin/../lib/gcc/i686-w64-mingw32/5.2.0/../../../../i686-w64-mingw32/lib/../lib/libkernel32.a(deget.o)
 .text          0x004027f0        0x0 C:/Program Files (x86)/mingw-w64/i686-5.2.0-posix-dwarf-rt_v4-rev0/mingw32/bin/../lib/gcc/i686-w64-mingw32/5.2.0/crtend.o
 *(SORT(.text$*))
 .text$_ZN5bmptk3nowEv
                0x004027f0       0x18 win.o
                0x004027f0                bmptk::now()
 .text$_ZN5bmptk4waitEx
                0x00402808       0xa4 win.o
                0x00402808                bmptk::wait(long long)
 .text$_ZN7picture4drawERN8graphics5frameE
                0x004028ac      0x9c8 main.o
                0x004028ac                picture::draw(graphics::frame&)
 .text$_ZN8graphics10line_charsEPKcNS_6vectorERKNS_6formatE
                0x00403274       0x54 graphics.o
                0x00403274                graphics::line_chars(char const*, graphics::vector, graphics::format const&)
 .text$_ZN8graphics10line_countEPKcNS_6vectorERKNS_6formatE
                0x004032c8       0x64 graphics.o
                0x004032c8                graphics::line_count(char const*, graphics::vector, graphics::format const&)
 .text$_ZN8graphics10line_widthEPKcNS_6vectorERKNS_6formatE
                0x0040332c       0x50 graphics.o
                0x0040332c                graphics::line_width(char const*, graphics::vector, graphics::format const&)
 .text$_ZN8graphics11frame_dummy13checked_writeENS_6vectorENS_5colorE
                0x0040337c        0x8 main.o
                0x0040337c                graphics::frame_dummy::checked_write(graphics::vector, graphics::color)
 .text$_ZN8graphics12font_defaultEv
                0x00403384       0xa0 font.o
                0x00403384                graphics::font_default()
 .text$_ZN8graphics13target_screen13checked_writeENS_6vectorENS_5colorE
                0x00403424       0x44 graphics.o
                0x00403424                graphics::target_screen::checked_write(graphics::vector, graphics::color)
 .text$_ZN8graphics13target_screenC2Eii
                0x00403468      0x1e4 graphics.o
                0x00403468                graphics::target_screen::target_screen(int, int)
                0x00403468                graphics::target_screen::target_screen(int, int)
 .text$_ZN8graphics14draw_text_lineERNS_5frameERNS_6vectorERKNS_6formatEPPKc
                0x0040364c      0x1cc graphics.o
                0x0040364c                graphics::draw_text_line(graphics::frame&, graphics::vector&, graphics::format const&, char const**)
 .text$_ZN8graphics4flipENS_6reliefE
                0x00403818       0x18 graphics.o
                0x00403818                graphics::flip(graphics::relief)
 .text$_ZN8graphics4line4drawERNS_5frameE
                0x00403830      0x1a0 graphics.o
                0x00403830                graphics::line::draw(graphics::frame&)
 .text$_ZN8graphics4lineC4ENS_6vectorES1_NS_5colorEi.constprop.4
                0x004039d0       0x68 main.o
 .text$_ZN8graphics5frame13checked_clearEv
                0x00403a38       0x68 graphics.o
                0x00403a38                graphics::frame::checked_clear()
 .text$_ZN8graphics5frame5clearENS_5colorE
                0x00403aa0       0x1c main.o
                0x00403aa0                graphics::frame::clear(graphics::color)
 .text$_ZN8graphics5frame5flushEv
                0x00403abc        0x8 graphics.o
                0x00403abc                graphics::frame::flush()
 .text$_ZN8graphics5frame5writeENS_6vectorENS_5colorE
                0x00403ac4       0x40 graphics.o
                0x00403ac4                graphics::frame::write(graphics::vector, graphics::color)
 .text$_ZN8graphics6circle4drawERNS_5frameE
                0x00403b04       0x4c graphics.o
                0x00403b04                graphics::circle::draw(graphics::frame&)
 .text$_ZN8graphics6vector9is_withinEss
                0x00403b50       0x30 graphics.o
                0x00403b50                graphics::vector::is_within(short, short)
 .text$_ZN8graphics6vectorpLES0_
                0x00403b80       0x28 graphics.o
                0x00403b80                graphics::vector::operator+=(graphics::vector)
 .text$_ZN8graphics7WndProcEP6HWND__jjl
                0x00403ba8       0x58 graphics.o
                0x00403ba8                graphics::WndProc(HWND__*, unsigned int, unsigned int, long)@16
 .text$_ZN8graphics8subframe13checked_writeENS_6vectorENS_5colorE
                0x00403c00       0x74 graphics.o
                0x00403c00                graphics::subframe::checked_write(graphics::vector, graphics::color)
 .text$_ZN8graphics8subframeC4ERNS_5frameENS_6vectorES3_b.constprop.19
                0x00403c74       0x88 graphics.o
 .text$_ZN8graphics8subframeC4ERNS_5frameENS_6vectorES3_b.constprop.5
                0x00403cfc       0x78 main.o
 .text$_ZN8graphics9frame_tee13checked_clearEv
                0x00403d74       0x4c main.o
                0x00403d74                graphics::frame_tee::checked_clear()
 .text$_ZN8graphics9frame_tee13checked_writeENS_6vectorENS_5colorE
                0x00403dc0       0x5c main.o
                0x00403dc0                graphics::frame_tee::checked_write(graphics::vector, graphics::color)
 .text$_ZN8graphics9frame_tee15frame_dummy_refEv
                0x00403e1c       0x54 main.o
                0x00403e1c                graphics::frame_tee::frame_dummy_ref()
 .text$_ZN8graphics9frame_tee5flushEv
                0x00403e70       0x2c main.o
                0x00403e70                graphics::frame_tee::flush()
 .text$_ZN8graphics9rectangle4drawERNS_5frameE
                0x00403e9c      0x3bc graphics.o
                0x00403e9c                graphics::rectangle::draw(graphics::frame&)
 .text$_ZN8graphicslsERSoNS_5colorE
                0x00404258      0x100 graphics.o
                0x00404258                graphics::operator<<(std::ostream&, graphics::color)
 .text$_ZN8graphicslsERSoNS_6vectorE
                0x00404358       0x74 graphics.o
                0x00404358                graphics::operator<<(std::ostream&, graphics::vector)
 .text$_ZN8graphicslsERSoRKNS_14font_alignmentE
                0x004043cc       0x3c graphics.o
                0x004043cc                graphics::operator<<(std::ostream&, graphics::font_alignment const&)
 .text$_ZN8graphicslsERSoRKNS_6formatE
                0x00404408       0xa4 graphics.o
                0x00404408                graphics::operator<<(std::ostream&, graphics::format const&)
 .text$_ZN8graphicslsERSoRKNS_6reliefE
                0x004044ac       0x3c graphics.o
                0x004044ac                graphics::operator<<(std::ostream&, graphics::relief const&)
 .text$_ZN9decorator13checked_writeEN8graphics6vectorENS0_5colorE
                0x004044e8       0x3c main.o
                0x004044e8                decorator::checked_write(graphics::vector, graphics::color)
 .text$_ZNK8graphics10char_photo12checked_readENS_6vectorE
                0x00404524       0x38 graphics.o
                0x00404524                graphics::char_photo::checked_read(graphics::vector) const
 .text$_ZNK8graphics11inline_font3hasEc
                0x0040455c       0x28 graphics.o
                0x0040455c                graphics::inline_font::has(char) const
 .text$_ZNK8graphics11inline_font4readEcNS_6vectorE
                0x00404584       0x34 graphics.o
                0x00404584                graphics::inline_font::read(char, graphics::vector) const
 .text$_ZNK8graphics11inline_font9char_sizeEc
                0x004045b8       0x54 graphics.o
                0x004045b8                graphics::inline_font::char_size(char) const
 .text$_ZNK8graphics12image_pixels4drawERNS_5frameENS_6vectorE
                0x0040460c       0xe0 graphics.o
                0x0040460c                graphics::image_pixels::draw(graphics::frame&, graphics::vector) const
 .text$_ZNK8graphics15inline_bw_photo12checked_readENS_6vectorE
                0x004046ec       0x28 graphics.o
                0x004046ec                graphics::inline_bw_photo::checked_read(graphics::vector) const
 .text$_ZNK8graphics15inline_bw_photo9bool_readENS_6vectorE
                0x00404714       0x34 graphics.o
                0x00404714                graphics::inline_bw_photo::bool_read(graphics::vector) const
 .text$_ZNK8graphics16inline_rgb_photo12checked_readENS_6vectorE
                0x00404748       0x3c graphics.o
                0x00404748                graphics::inline_rgb_photo::checked_read(graphics::vector) const
 .text$_ZNK8graphics4text4drawERNS_5frameENS_6vectorE
                0x00404784      0x198 graphics.o
                0x00404784                graphics::text::draw(graphics::frame&, graphics::vector) const
 .text$_ZNK8graphics5frame14translate_intoENS_6vectorE
                0x0040491c        0xc graphics.o
                0x0040491c                graphics::frame::translate_into(graphics::vector) const
 .text$_ZNK8graphics5frame17translate_outfromENS_6vectorE
                0x00404928        0xc graphics.o
                0x00404928                graphics::frame::translate_outfrom(graphics::vector) const
 .text$_ZNK8graphics6circle11circle_drawERNS_5frameENS_5colorEb
                0x00404934      0x4c0 graphics.o
                0x00404934                graphics::circle::circle_draw(graphics::frame&, graphics::color, bool) const
 .text$_ZNK8graphics6circle17circle_draw_pixelERNS_5frameENS_6vectorENS_5colorE
                0x00404df4       0x94 graphics.o
                0x00404df4                graphics::circle::circle_draw_pixel(graphics::frame&, graphics::vector, graphics::color) const
 .text$_ZNK8graphics6vector9directionEv
                0x00404e88       0x34 graphics.o
                0x00404e88                graphics::vector::direction() const
 .text$_ZNK8graphics6vector9is_withinES0_
                0x00404ebc       0x40 graphics.o
                0x00404ebc                graphics::vector::is_within(graphics::vector) const
 .text$_ZNK8graphics6vectorplES0_
                0x00404efc       0x24 graphics.o
                0x00404efc                graphics::vector::operator+(graphics::vector) const
 .text$_ZNK8graphics8drawable19drawable_draw_pixelERNS_5frameENS_6vectorENS_5colorE
                0x00404f20       0x30 graphics.o
                0x00404f20                graphics::drawable::drawable_draw_pixel(graphics::frame&, graphics::vector, graphics::color) const
 .text$_ZNK8graphics8subframe14translate_intoENS_6vectorE
                0x00404f50       0x48 graphics.o
                0x00404f50                graphics::subframe::translate_into(graphics::vector) const
 .text$_ZNK8graphics8subframe17translate_outfromENS_6vectorE
                0x00404f98       0x50 graphics.o
                0x00404f98                graphics::subframe::translate_outfrom(graphics::vector) const
 .text$_ZSt3decRSt8ios_base
                0x00404fe8       0x14 graphics.o
                0x00404fe8                std::dec(std::ios_base&)
 .text$_ZSt3hexRSt8ios_base
                0x00404ffc       0x14 graphics.o
                0x00404ffc                std::hex(std::ios_base&)
 .text$__tcf_0  0x00405010       0x10 graphics.o
 .text$__tcf_0  0x00405020       0x10 font.o
 .text$__tcf_0  0x00405030       0x10 main.o
 .text$__tcf_0  0x00405040       0x10 win.o
 .text$abs      0x00405050       0x10 graphics.o
                0x00405050                abs
 *(.text.*)
 .text.unlikely
                0x00405060        0x0 C:/Program Files (x86)/mingw-w64/i686-5.2.0-posix-dwarf-rt_v4-rev0/mingw32/bin/../lib/gcc/i686-w64-mingw32/5.2.0/../../../../i686-w64-mingw32/lib/../lib/crt2.o
 .text.unlikely
                0x00405060        0x0 C:/Program Files (x86)/mingw-w64/i686-5.2.0-posix-dwarf-rt_v4-rev0/mingw32/bin/../lib/gcc/i686-w64-mingw32/5.2.0/crtbegin.o
 .text.unlikely._ZN8graphics7WndProcEP6HWND__jjl@16
                0x00405060        0x0 graphics.o
 .text.unlikely._ZN8graphics13target_screen13checked_writeENS_6vectorENS_5colorE
                0x00405060        0x0 graphics.o
 .text.unlikely.__tcf_0
                0x00405060        0x0 graphics.o
 .text.unlikely._ZNK8graphics16inline_rgb_photo12checked_readENS_6vectorE
                0x00405060        0x0 graphics.o
 .text.unlikely._ZNK8graphics11inline_font9char_sizeEc
                0x00405060        0x0 graphics.o
 .text.unlikely._ZN8graphics8subframeC4ERNS_5frameENS_6vectorES3_b.constprop.19
                0x00405060        0x0 graphics.o
 .text.unlikely._ZNK8graphics12image_pixels4drawERNS_5frameENS_6vectorE
                0x00405060        0x0 graphics.o
 .text.unlikely._ZN8graphics4line4drawERNS_5frameE
                0x00405060        0x0 graphics.o
 .text.unlikely._ZN8graphics9rectangle4drawERNS_5frameE
                0x00405060        0x0 graphics.o
 .text.unlikely.abs
                0x00405060        0x0 graphics.o
 .text.unlikely._ZN8graphics4flipENS_6reliefE
                0x00405060        0x0 graphics.o
 .text.unlikely._ZN8graphicslsERSoRKNS_6reliefE
                0x00405060        0x0 graphics.o
 .text.unlikely._ZNK8graphics6circle17circle_draw_pixelERNS_5frameENS_6vectorENS_5colorE
                0x00405060        0x0 graphics.o
 .text.unlikely._ZNK8graphics6circle11circle_drawERNS_5frameENS_5colorEb
                0x00405060        0x0 graphics.o
 .text.unlikely._ZN8graphics6circle4drawERNS_5frameE
                0x00405060        0x0 graphics.o
 .text.unlikely._ZNK8graphics15inline_bw_photo9bool_readENS_6vectorE
                0x00405060        0x0 graphics.o
 .text.unlikely._ZNK8graphics11inline_font4readEcNS_6vectorE
                0x00405060        0x0 graphics.o
 .text.unlikely._ZN8graphicslsERSoRKNS_14font_alignmentE
                0x00405060        0x0 graphics.o
 .text.unlikely._ZN8graphicslsERSoRKNS_6formatE
                0x00405060        0x0 graphics.o
 .text.unlikely._ZN8graphics10line_countEPKcNS_6vectorERKNS_6formatE
                0x00405060        0x0 graphics.o
 .text.unlikely._ZN8graphics10line_widthEPKcNS_6vectorERKNS_6formatE
                0x00405060        0x0 graphics.o
 .text.unlikely._ZN8graphics10line_charsEPKcNS_6vectorERKNS_6formatE
                0x00405060        0x0 graphics.o
 .text.unlikely._ZN8graphics14draw_text_lineERNS_5frameERNS_6vectorERKNS_6formatEPPKc
                0x00405060        0x0 graphics.o
 .text.unlikely._ZNK8graphics4text4drawERNS_5frameENS_6vectorE
                0x00405060        0x0 graphics.o
 .text.unlikely._ZN8graphics13target_screenC2Eii
                0x00405060        0x0 graphics.o
 .text.unlikely._GLOBAL__sub_I_abs
                0x00405060        0x0 graphics.o
 .text.startup._GLOBAL__sub_I_abs
                0x00405060       0x20 graphics.o
 .text.unlikely.__tcf_0
                0x00405080        0x0 font.o
 .text.unlikely._ZN8graphics12font_defaultEv
                0x00405080        0x0 font.o
 .text.unlikely._GLOBAL__sub_I__ZN8graphics12font_defaultEv
                0x00405080        0x0 font.o
 .text.startup._GLOBAL__sub_I__ZN8graphics12font_defaultEv
                0x00405080       0x20 font.o
 .text.unlikely.__tcf_0
                0x004050a0        0x0 main.o
 .text.unlikely._ZN8graphics8subframeC4ERNS_5frameENS_6vectorES3_b.constprop.5
                0x004050a0        0x0 main.o
 .text.unlikely.main
                0x004050a0        0x0 main.o
 .text.startup.main
                0x004050a0      0x14c main.o
                0x004050a0                main
 .text.unlikely._GLOBAL__sub_I_main
                0x004051ec        0x0 main.o
 .text.startup._GLOBAL__sub_I_main
                0x004051ec       0x20 main.o
 .text.unlikely.__tcf_0
                0x0040520c        0x0 win.o
 .text.unlikely._ZN5bmptk3nowEv
                0x0040520c        0x0 win.o
 .text.unlikely._ZN5bmptk4waitEx
                0x0040520c        0x0 win.o
 .text.unlikely._GLOBAL__sub_I__ZN5bmptk3nowEv
                0x0040520c        0x0 win.o
 .text.startup._GLOBAL__sub_I__ZN5bmptk3nowEv
                0x0040520c       0x20 win.o
 .text.unlikely
                0x0040522c        0x0 C:/Program Files (x86)/mingw-w64/i686-5.2.0-posix-dwarf-rt_v4-rev0/mingw32/bin/../lib/gcc/i686-w64-mingw32/5.2.0/../../../../i686-w64-mingw32/lib/../lib/libmingw32.a(lib32_libmingw32_a-atonexit.o)
 .text.unlikely
                0x0040522c        0x0 C:/Program Files (x86)/mingw-w64/i686-5.2.0-posix-dwarf-rt_v4-rev0/mingw32/bin/../lib/gcc/i686-w64-mingw32/5.2.0/../../../../i686-w64-mingw32/lib/../lib/libmingw32.a(lib32_libmingw32_a-gccmain.o)
 .text.unlikely
                0x0040522c        0x0 C:/Program Files (x86)/mingw-w64/i686-5.2.0-posix-dwarf-rt_v4-rev0/mingw32/bin/../lib/gcc/i686-w64-mingw32/5.2.0/../../../../i686-w64-mingw32/lib/../lib/libmingw32.a(lib32_libmingw32_a-charmax.o)
 .text.unlikely
                0x0040522c        0x0 C:/Program Files (x86)/mingw-w64/i686-5.2.0-posix-dwarf-rt_v4-rev0/mingw32/bin/../lib/gcc/i686-w64-mingw32/5.2.0/../../../../i686-w64-mingw32/lib/../lib/libmingw32.a(lib32_libmingw32_a-dllargv.o)
 .text.unlikely
                0x0040522c        0x0 C:/Program Files (x86)/mingw-w64/i686-5.2.0-posix-dwarf-rt_v4-rev0/mingw32/bin/../lib/gcc/i686-w64-mingw32/5.2.0/../../../../i686-w64-mingw32/lib/../lib/libmingw32.a(lib32_libmingw32_a-gs_support.o)
 .text.unlikely
                0x0040522c        0x0 C:/Program Files (x86)/mingw-w64/i686-5.2.0-posix-dwarf-rt_v4-rev0/mingw32/bin/../lib/gcc/i686-w64-mingw32/5.2.0/../../../../i686-w64-mingw32/lib/../lib/libmingw32.a(lib32_libmingw32_a-tlssup.o)
 .text.unlikely
                0x0040522c        0x0 C:/Program Files (x86)/mingw-w64/i686-5.2.0-posix-dwarf-rt_v4-rev0/mingw32/bin/../lib/gcc/i686-w64-mingw32/5.2.0/../../../../i686-w64-mingw32/lib/../lib/libmingw32.a(lib32_libmingw32_a-merr.o)
 .text.unlikely
                0x0040522c        0x0 C:/Program Files (x86)/mingw-w64/i686-5.2.0-posix-dwarf-rt_v4-rev0/mingw32/bin/../lib/gcc/i686-w64-mingw32/5.2.0/../../../../i686-w64-mingw32/lib/../lib/libmingw32.a(lib32_libmingw32_a-CRT_fp10.o)
 .text.unlikely
                0x0040522c        0x0 C:/Program Files (x86)/mingw-w64/i686-5.2.0-posix-dwarf-rt_v4-rev0/mingw32/bin/../lib/gcc/i686-w64-mingw32/5.2.0/../../../../i686-w64-mingw32/lib/../lib/libmingw32.a(lib32_libmingw32_a-mingw_helpers.o)
 .text.unlikely
                0x0040522c        0x0 C:/Program Files (x86)/mingw-w64/i686-5.2.0-posix-dwarf-rt_v4-rev0/mingw32/bin/../lib/gcc/i686-w64-mingw32/5.2.0/../../../../i686-w64-mingw32/lib/../lib/libmingw32.a(lib32_libmingw32_a-pseudo-reloc.o)
 .text.unlikely
                0x0040522c        0x0 C:/Program Files (x86)/mingw-w64/i686-5.2.0-posix-dwarf-rt_v4-rev0/mingw32/bin/../lib/gcc/i686-w64-mingw32/5.2.0/../../../../i686-w64-mingw32/lib/../lib/libmingw32.a(lib32_libmingw32_a-crt_handler.o)
 .text.unlikely
                0x0040522c        0x0 C:/Program Files (x86)/mingw-w64/i686-5.2.0-posix-dwarf-rt_v4-rev0/mingw32/bin/../lib/gcc/i686-w64-mingw32/5.2.0/../../../../i686-w64-mingw32/lib/../lib/libmingw32.a(lib32_libmingw32_a-tlsthrd.o)
 .text.unlikely
                0x0040522c        0x0 C:/Program Files (x86)/mingw-w64/i686-5.2.0-posix-dwarf-rt_v4-rev0/mingw32/bin/../lib/gcc/i686-w64-mingw32/5.2.0/../../../../i686-w64-mingw32/lib/../lib/libmingw32.a(lib32_libmingw32_a-pesect.o)
 .text.unlikely
                0x0040522c        0x0 C:/Program Files (x86)/mingw-w64/i686-5.2.0-posix-dwarf-rt_v4-rev0/mingw32/bin/../lib/gcc/i686-w64-mingw32/5.2.0/../../../../i686-w64-mingw32/lib/../lib/libmsvcrt.a(lib32_libmsvcrt_a-invalid_parameter_handler.o)
 .text.unlikely
                0x0040522c        0x0 C:/Program Files (x86)/mingw-w64/i686-5.2.0-posix-dwarf-rt_v4-rev0/mingw32/bin/../lib/gcc/i686-w64-mingw32/5.2.0/crtend.o
 *fill*         0x0040522c        0x4 
 .text.startup  0x00405230       0x10 C:/Program Files (x86)/mingw-w64/i686-5.2.0-posix-dwarf-rt_v4-rev0/mingw32/bin/../lib/gcc/i686-w64-mingw32/5.2.0/crtend.o
 *(.gnu.linkonce.t.*)
 *(.glue_7t)
 *(.glue_7)
                0x00405240                ___CTOR_LIST__ = .
                0x00405240                __CTOR_LIST__ = .
                0x00405240        0x4 LONG 0xffffffff
 *(.ctors)
 .ctors         0x00405244        0x4 graphics.o
 .ctors         0x00405248        0x4 font.o
 .ctors         0x0040524c        0x4 main.o
 .ctors         0x00405250        0x4 win.o
 *(.ctor)
 *(SORT(.ctors.*))
 .ctors.65535   0x00405254        0x4 C:/Program Files (x86)/mingw-w64/i686-5.2.0-posix-dwarf-rt_v4-rev0/mingw32/bin/../lib/gcc/i686-w64-mingw32/5.2.0/crtend.o
                0x00405258        0x4 LONG 0x0
                0x0040525c                ___DTOR_LIST__ = .
                0x0040525c                __DTOR_LIST__ = .
                0x0040525c        0x4 LONG 0xffffffff
 *(.dtors)
 *(.dtor)
 *(SORT(.dtors.*))
                0x00405260        0x4 LONG 0x0
 *(.fini)
 *(.gcc_exc)
                0x00405264                PROVIDE (etext, .)
                0x00405264                PROVIDE (_etext, .)
 *(.gcc_except_table)

.data           0x00406000      0x200
                0x00406000                __data_start__ = .
 *(.data)
 .data          0x00406000        0x4 C:/Program Files (x86)/mingw-w64/i686-5.2.0-posix-dwarf-rt_v4-rev0/mingw32/bin/../lib/gcc/i686-w64-mingw32/5.2.0/../../../../i686-w64-mingw32/lib/../lib/crt2.o
                0x00406000                __mingw_winmain_nShowCmd
 .data          0x00406004        0x4 C:/Program Files (x86)/mingw-w64/i686-5.2.0-posix-dwarf-rt_v4-rev0/mingw32/bin/../lib/gcc/i686-w64-mingw32/5.2.0/crtbegin.o
 .data          0x00406008        0x0 graphics.o
 .data          0x00406008        0x0 font.o
 .data          0x00406008        0x0 main.o
 .data          0x00406008        0x0 win.o
 .data          0x00406008        0x0 C:/Program Files (x86)/mingw-w64/i686-5.2.0-posix-dwarf-rt_v4-rev0/mingw32/bin/../lib/gcc/i686-w64-mingw32/5.2.0/../../../../i686-w64-mingw32/lib/../lib/libgdi32.a(dwlcs00337.o)
 .data          0x00406008        0x0 C:/Program Files (x86)/mingw-w64/i686-5.2.0-posix-dwarf-rt_v4-rev0/mingw32/bin/../lib/gcc/i686-w64-mingw32/5.2.0/../../../../i686-w64-mingw32/lib/../lib/libgdi32.a(dwlch.o)
 .data          0x00406008        0x0 C:/Program Files (x86)/mingw-w64/i686-5.2.0-posix-dwarf-rt_v4-rev0/mingw32/bin/../lib/gcc/i686-w64-mingw32/5.2.0/../../../../i686-w64-mingw32/lib/../lib/libgdi32.a(dwlct.o)
 .data          0x00406008        0x0 C:/Program Files (x86)/mingw-w64/i686-5.2.0-posix-dwarf-rt_v4-rev0/mingw32/bin/../lib/gcc/i686-w64-mingw32/5.2.0/../../../../i686-w64-mingw32/lib/../lib/libmingw32.a(lib32_libmingw32_a-atonexit.o)
 .data          0x00406008        0x4 C:/Program Files (x86)/mingw-w64/i686-5.2.0-posix-dwarf-rt_v4-rev0/mingw32/bin/../lib/gcc/i686-w64-mingw32/5.2.0/../../../../i686-w64-mingw32/lib/../lib/libmingw32.a(lib32_libmingw32_a-gccmain.o)
 .data          0x0040600c        0x8 C:/Program Files (x86)/mingw-w64/i686-5.2.0-posix-dwarf-rt_v4-rev0/mingw32/bin/../lib/gcc/i686-w64-mingw32/5.2.0/../../../../i686-w64-mingw32/lib/../lib/libmingw32.a(lib32_libmingw32_a-natstart.o)
                0x0040600c                __native_vcclrit_reason
                0x00406010                __native_dllmain_reason
 .data          0x00406014        0x4 C:/Program Files (x86)/mingw-w64/i686-5.2.0-posix-dwarf-rt_v4-rev0/mingw32/bin/../lib/gcc/i686-w64-mingw32/5.2.0/../../../../i686-w64-mingw32/lib/../lib/libmingw32.a(lib32_libmingw32_a-wildcard.o)
                0x00406014                _dowildcard
 .data          0x00406018        0x4 C:/Program Files (x86)/mingw-w64/i686-5.2.0-posix-dwarf-rt_v4-rev0/mingw32/bin/../lib/gcc/i686-w64-mingw32/5.2.0/../../../../i686-w64-mingw32/lib/../lib/libmingw32.a(lib32_libmingw32_a-charmax.o)
                0x00406018                _charmax
 .data          0x0040601c        0x0 C:/Program Files (x86)/mingw-w64/i686-5.2.0-posix-dwarf-rt_v4-rev0/mingw32/bin/../lib/gcc/i686-w64-mingw32/5.2.0/../../../../i686-w64-mingw32/lib/../lib/libmingw32.a(lib32_libmingw32_a-dllargv.o)
 .data          0x0040601c        0x0 C:/Program Files (x86)/mingw-w64/i686-5.2.0-posix-dwarf-rt_v4-rev0/mingw32/bin/../lib/gcc/i686-w64-mingw32/5.2.0/../../../../i686-w64-mingw32/lib/../lib/libmingw32.a(lib32_libmingw32_a-gs_support.o)
 .data          0x0040601c        0x0 C:/Program Files (x86)/mingw-w64/i686-5.2.0-posix-dwarf-rt_v4-rev0/mingw32/bin/../lib/gcc/i686-w64-mingw32/5.2.0/../../../../i686-w64-mingw32/lib/../lib/libmingw32.a(lib32_libmingw32_a-_newmode.o)
 .data          0x0040601c        0x0 C:/Program Files (x86)/mingw-w64/i686-5.2.0-posix-dwarf-rt_v4-rev0/mingw32/bin/../lib/gcc/i686-w64-mingw32/5.2.0/../../../../i686-w64-mingw32/lib/../lib/libmingw32.a(lib32_libmingw32_a-tlssup.o)
 .data          0x0040601c        0x0 C:/Program Files (x86)/mingw-w64/i686-5.2.0-posix-dwarf-rt_v4-rev0/mingw32/bin/../lib/gcc/i686-w64-mingw32/5.2.0/../../../../i686-w64-mingw32/lib/../lib/libmingw32.a(lib32_libmingw32_a-cinitexe.o)
 .data          0x0040601c        0x0 C:/Program Files (x86)/mingw-w64/i686-5.2.0-posix-dwarf-rt_v4-rev0/mingw32/bin/../lib/gcc/i686-w64-mingw32/5.2.0/../../../../i686-w64-mingw32/lib/../lib/libmingw32.a(lib32_libmingw32_a-merr.o)
 .data          0x0040601c        0x0 C:/Program Files (x86)/mingw-w64/i686-5.2.0-posix-dwarf-rt_v4-rev0/mingw32/bin/../lib/gcc/i686-w64-mingw32/5.2.0/../../../../i686-w64-mingw32/lib/../lib/libmingw32.a(lib32_libmingw32_a-CRT_fp10.o)
 .data          0x0040601c        0x0 C:/Program Files (x86)/mingw-w64/i686-5.2.0-posix-dwarf-rt_v4-rev0/mingw32/bin/../lib/gcc/i686-w64-mingw32/5.2.0/../../../../i686-w64-mingw32/lib/../lib/libmingw32.a(lib32_libmingw32_a-mingw_helpers.o)
 .data          0x0040601c        0x0 C:/Program Files (x86)/mingw-w64/i686-5.2.0-posix-dwarf-rt_v4-rev0/mingw32/bin/../lib/gcc/i686-w64-mingw32/5.2.0/../../../../i686-w64-mingw32/lib/../lib/libmingw32.a(lib32_libmingw32_a-pseudo-reloc.o)
 .data          0x0040601c        0x0 C:/Program Files (x86)/mingw-w64/i686-5.2.0-posix-dwarf-rt_v4-rev0/mingw32/bin/../lib/gcc/i686-w64-mingw32/5.2.0/../../../../i686-w64-mingw32/lib/../lib/libmingw32.a(lib32_libmingw32_a-xtxtmode.o)
 .data          0x0040601c        0x0 C:/Program Files (x86)/mingw-w64/i686-5.2.0-posix-dwarf-rt_v4-rev0/mingw32/bin/../lib/gcc/i686-w64-mingw32/5.2.0/../../../../i686-w64-mingw32/lib/../lib/libmingw32.a(lib32_libmingw32_a-crt_handler.o)
 .data          0x0040601c        0x0 C:/Program Files (x86)/mingw-w64/i686-5.2.0-posix-dwarf-rt_v4-rev0/mingw32/bin/../lib/gcc/i686-w64-mingw32/5.2.0/../../../../i686-w64-mingw32/lib/../lib/libmingw32.a(lib32_libmingw32_a-tlsthrd.o)
 .data          0x0040601c        0x4 C:/Program Files (x86)/mingw-w64/i686-5.2.0-posix-dwarf-rt_v4-rev0/mingw32/bin/../lib/gcc/i686-w64-mingw32/5.2.0/../../../../i686-w64-mingw32/lib/../lib/libmingw32.a(lib32_libmingw32_a-tlsmcrt.o)
                0x0040601c                _CRT_MT
 .data          0x00406020        0x0 C:/Program Files (x86)/mingw-w64/i686-5.2.0-posix-dwarf-rt_v4-rev0/mingw32/bin/../lib/gcc/i686-w64-mingw32/5.2.0/../../../../i686-w64-mingw32/lib/../lib/libmingw32.a(lib32_libmingw32_a-pseudo-reloc-list.o)
 .data          0x00406020        0x0 C:/Program Files (x86)/mingw-w64/i686-5.2.0-posix-dwarf-rt_v4-rev0/mingw32/bin/../lib/gcc/i686-w64-mingw32/5.2.0/../../../../i686-w64-mingw32/lib/../lib/libmingw32.a(lib32_libmingw32_a-pesect.o)
 .data          0x00406020        0x0 C:/Program Files (x86)/mingw-w64/i686-5.2.0-posix-dwarf-rt_v4-rev0/mingw32/bin/../lib/gcc/i686-w64-mingw32/5.2.0/libgcc.a(_chkstk_ms.o)
 .data          0x00406020        0x0 C:/Program Files (x86)/mingw-w64/i686-5.2.0-posix-dwarf-rt_v4-rev0/mingw32/bin/../lib/gcc/i686-w64-mingw32/5.2.0/libgcc.a(_ctors.o)
 .data          0x00406020        0x4 C:/Program Files (x86)/mingw-w64/i686-5.2.0-posix-dwarf-rt_v4-rev0/mingw32/bin/../lib/gcc/i686-w64-mingw32/5.2.0/../../../../i686-w64-mingw32/lib/../lib/libmingwex.a(lib32_libmingwex_a-mingw_matherr.o)
                0x00406020                _MINGW_INSTALL_DEBUG_MATHERR
 .data          0x00406024        0x0 C:/Program Files (x86)/mingw-w64/i686-5.2.0-posix-dwarf-rt_v4-rev0/mingw32/bin/../lib/gcc/i686-w64-mingw32/5.2.0/../../../../i686-w64-mingw32/lib/../lib/libmsvcrt.a(dkhcs01249.o)
 .data          0x00406024        0x0 C:/Program Files (x86)/mingw-w64/i686-5.2.0-posix-dwarf-rt_v4-rev0/mingw32/bin/../lib/gcc/i686-w64-mingw32/5.2.0/../../../../i686-w64-mingw32/lib/../lib/libmsvcrt.a(dkhcs01216.o)
 .data          0x00406024        0x0 C:/Program Files (x86)/mingw-w64/i686-5.2.0-posix-dwarf-rt_v4-rev0/mingw32/bin/../lib/gcc/i686-w64-mingw32/5.2.0/../../../../i686-w64-mingw32/lib/../lib/libmsvcrt.a(dkhcs01213.o)
 .data          0x00406024        0x0 C:/Program Files (x86)/mingw-w64/i686-5.2.0-posix-dwarf-rt_v4-rev0/mingw32/bin/../lib/gcc/i686-w64-mingw32/5.2.0/../../../../i686-w64-mingw32/lib/../lib/libmsvcrt.a(dkhcs01195.o)
 .data          0x00406024        0x0 C:/Program Files (x86)/mingw-w64/i686-5.2.0-posix-dwarf-rt_v4-rev0/mingw32/bin/../lib/gcc/i686-w64-mingw32/5.2.0/../../../../i686-w64-mingw32/lib/../lib/libmsvcrt.a(dkhcs01170.o)
 .data          0x00406024        0x0 C:/Program Files (x86)/mingw-w64/i686-5.2.0-posix-dwarf-rt_v4-rev0/mingw32/bin/../lib/gcc/i686-w64-mingw32/5.2.0/../../../../i686-w64-mingw32/lib/../lib/libmsvcrt.a(dkhcs01159.o)
 .data          0x00406024        0x0 C:/Program Files (x86)/mingw-w64/i686-5.2.0-posix-dwarf-rt_v4-rev0/mingw32/bin/../lib/gcc/i686-w64-mingw32/5.2.0/../../../../i686-w64-mingw32/lib/../lib/libmsvcrt.a(dkhcs01112.o)
 .data          0x00406024        0x0 C:/Program Files (x86)/mingw-w64/i686-5.2.0-posix-dwarf-rt_v4-rev0/mingw32/bin/../lib/gcc/i686-w64-mingw32/5.2.0/../../../../i686-w64-mingw32/lib/../lib/libmsvcrt.a(dkhcs01101.o)
 .data          0x00406024        0x0 C:/Program Files (x86)/mingw-w64/i686-5.2.0-posix-dwarf-rt_v4-rev0/mingw32/bin/../lib/gcc/i686-w64-mingw32/5.2.0/../../../../i686-w64-mingw32/lib/../lib/libmsvcrt.a(dkhcs01094.o)
 .data          0x00406024        0x0 C:/Program Files (x86)/mingw-w64/i686-5.2.0-posix-dwarf-rt_v4-rev0/mingw32/bin/../lib/gcc/i686-w64-mingw32/5.2.0/../../../../i686-w64-mingw32/lib/../lib/libmsvcrt.a(dkhcs01078.o)
 .data          0x00406024        0x0 C:/Program Files (x86)/mingw-w64/i686-5.2.0-posix-dwarf-rt_v4-rev0/mingw32/bin/../lib/gcc/i686-w64-mingw32/5.2.0/../../../../i686-w64-mingw32/lib/../lib/libmsvcrt.a(dkhcs01067.o)
 .data          0x00406024        0x0 C:/Program Files (x86)/mingw-w64/i686-5.2.0-posix-dwarf-rt_v4-rev0/mingw32/bin/../lib/gcc/i686-w64-mingw32/5.2.0/../../../../i686-w64-mingw32/lib/../lib/libmsvcrt.a(dkhcs01055.o)
 .data          0x00406024        0x0 C:/Program Files (x86)/mingw-w64/i686-5.2.0-posix-dwarf-rt_v4-rev0/mingw32/bin/../lib/gcc/i686-w64-mingw32/5.2.0/../../../../i686-w64-mingw32/lib/../lib/libmsvcrt.a(dkhcs00840.o)
 .data          0x00406024        0x0 C:/Program Files (x86)/mingw-w64/i686-5.2.0-posix-dwarf-rt_v4-rev0/mingw32/bin/../lib/gcc/i686-w64-mingw32/5.2.0/../../../../i686-w64-mingw32/lib/../lib/libmsvcrt.a(dkhcs00627.o)
 .data          0x00406024        0x0 C:/Program Files (x86)/mingw-w64/i686-5.2.0-posix-dwarf-rt_v4-rev0/mingw32/bin/../lib/gcc/i686-w64-mingw32/5.2.0/../../../../i686-w64-mingw32/lib/../lib/libmsvcrt.a(dkhcs00460.o)
 .data          0x00406024        0x0 C:/Program Files (x86)/mingw-w64/i686-5.2.0-posix-dwarf-rt_v4-rev0/mingw32/bin/../lib/gcc/i686-w64-mingw32/5.2.0/../../../../i686-w64-mingw32/lib/../lib/libmsvcrt.a(dkhcs00354.o)
 .data          0x00406024        0x0 C:/Program Files (x86)/mingw-w64/i686-5.2.0-posix-dwarf-rt_v4-rev0/mingw32/bin/../lib/gcc/i686-w64-mingw32/5.2.0/../../../../i686-w64-mingw32/lib/../lib/libmsvcrt.a(dkhcs00350.o)
 .data          0x00406024        0x0 C:/Program Files (x86)/mingw-w64/i686-5.2.0-posix-dwarf-rt_v4-rev0/mingw32/bin/../lib/gcc/i686-w64-mingw32/5.2.0/../../../../i686-w64-mingw32/lib/../lib/libmsvcrt.a(dkhcs00275.o)
 .data          0x00406024        0x0 C:/Program Files (x86)/mingw-w64/i686-5.2.0-posix-dwarf-rt_v4-rev0/mingw32/bin/../lib/gcc/i686-w64-mingw32/5.2.0/../../../../i686-w64-mingw32/lib/../lib/libmsvcrt.a(dkhcs00163.o)
 .data          0x00406024        0x0 C:/Program Files (x86)/mingw-w64/i686-5.2.0-posix-dwarf-rt_v4-rev0/mingw32/bin/../lib/gcc/i686-w64-mingw32/5.2.0/../../../../i686-w64-mingw32/lib/../lib/libmsvcrt.a(dkhcs00145.o)
 .data          0x00406024        0x0 C:/Program Files (x86)/mingw-w64/i686-5.2.0-posix-dwarf-rt_v4-rev0/mingw32/bin/../lib/gcc/i686-w64-mingw32/5.2.0/../../../../i686-w64-mingw32/lib/../lib/libmsvcrt.a(dkhcs00123.o)
 .data          0x00406024        0x0 C:/Program Files (x86)/mingw-w64/i686-5.2.0-posix-dwarf-rt_v4-rev0/mingw32/bin/../lib/gcc/i686-w64-mingw32/5.2.0/../../../../i686-w64-mingw32/lib/../lib/libmsvcrt.a(dkhcs00108.o)
 .data          0x00406024        0x0 C:/Program Files (x86)/mingw-w64/i686-5.2.0-posix-dwarf-rt_v4-rev0/mingw32/bin/../lib/gcc/i686-w64-mingw32/5.2.0/../../../../i686-w64-mingw32/lib/../lib/libmsvcrt.a(dkhcs00105.o)
 .data          0x00406024        0x0 C:/Program Files (x86)/mingw-w64/i686-5.2.0-posix-dwarf-rt_v4-rev0/mingw32/bin/../lib/gcc/i686-w64-mingw32/5.2.0/../../../../i686-w64-mingw32/lib/../lib/libmsvcrt.a(dkhcs00069.o)
 .data          0x00406024        0x0 C:/Program Files (x86)/mingw-w64/i686-5.2.0-posix-dwarf-rt_v4-rev0/mingw32/bin/../lib/gcc/i686-w64-mingw32/5.2.0/../../../../i686-w64-mingw32/lib/../lib/libmsvcrt.a(dkhcs00059.o)
 .data          0x00406024        0x0 C:/Program Files (x86)/mingw-w64/i686-5.2.0-posix-dwarf-rt_v4-rev0/mingw32/bin/../lib/gcc/i686-w64-mingw32/5.2.0/../../../../i686-w64-mingw32/lib/../lib/libmsvcrt.a(dkhcs00058.o)
 .data          0x00406024        0x0 C:/Program Files (x86)/mingw-w64/i686-5.2.0-posix-dwarf-rt_v4-rev0/mingw32/bin/../lib/gcc/i686-w64-mingw32/5.2.0/../../../../i686-w64-mingw32/lib/../lib/libmsvcrt.a(dkhcs00055.o)
 .data          0x00406024        0x8 C:/Program Files (x86)/mingw-w64/i686-5.2.0-posix-dwarf-rt_v4-rev0/mingw32/bin/../lib/gcc/i686-w64-mingw32/5.2.0/../../../../i686-w64-mingw32/lib/../lib/libmsvcrt.a(lib32_libmsvcrt_a-invalid_parameter_handler.o)
                0x00406024                _imp___get_invalid_parameter_handler
                0x00406028                _imp___set_invalid_parameter_handler
 .data          0x0040602c        0x0 C:/Program Files (x86)/mingw-w64/i686-5.2.0-posix-dwarf-rt_v4-rev0/mingw32/bin/../lib/gcc/i686-w64-mingw32/5.2.0/../../../../i686-w64-mingw32/lib/../lib/libmsvcrt.a(dkhch.o)
 .data          0x0040602c        0x0 C:/Program Files (x86)/mingw-w64/i686-5.2.0-posix-dwarf-rt_v4-rev0/mingw32/bin/../lib/gcc/i686-w64-mingw32/5.2.0/../../../../i686-w64-mingw32/lib/../lib/libmsvcrt.a(dkhct.o)
 .data          0x0040602c        0x0 C:/Program Files (x86)/mingw-w64/i686-5.2.0-posix-dwarf-rt_v4-rev0/mingw32/bin/../lib/gcc/i686-w64-mingw32/5.2.0/../../../../i686-w64-mingw32/lib/../lib/libuser32.a(duyes00851.o)
 .data          0x0040602c        0x0 C:/Program Files (x86)/mingw-w64/i686-5.2.0-posix-dwarf-rt_v4-rev0/mingw32/bin/../lib/gcc/i686-w64-mingw32/5.2.0/../../../../i686-w64-mingw32/lib/../lib/libuser32.a(duyes00657.o)
 .data          0x0040602c        0x0 C:/Program Files (x86)/mingw-w64/i686-5.2.0-posix-dwarf-rt_v4-rev0/mingw32/bin/../lib/gcc/i686-w64-mingw32/5.2.0/../../../../i686-w64-mingw32/lib/../lib/libuser32.a(duyes00631.o)
 .data          0x0040602c        0x0 C:/Program Files (x86)/mingw-w64/i686-5.2.0-posix-dwarf-rt_v4-rev0/mingw32/bin/../lib/gcc/i686-w64-mingw32/5.2.0/../../../../i686-w64-mingw32/lib/../lib/libuser32.a(duyes00625.o)
 .data          0x0040602c        0x0 C:/Program Files (x86)/mingw-w64/i686-5.2.0-posix-dwarf-rt_v4-rev0/mingw32/bin/../lib/gcc/i686-w64-mingw32/5.2.0/../../../../i686-w64-mingw32/lib/../lib/libuser32.a(duyes00588.o)
 .data          0x0040602c        0x0 C:/Program Files (x86)/mingw-w64/i686-5.2.0-posix-dwarf-rt_v4-rev0/mingw32/bin/../lib/gcc/i686-w64-mingw32/5.2.0/../../../../i686-w64-mingw32/lib/../lib/libuser32.a(duyes00552.o)
 .data          0x0040602c        0x0 C:/Program Files (x86)/mingw-w64/i686-5.2.0-posix-dwarf-rt_v4-rev0/mingw32/bin/../lib/gcc/i686-w64-mingw32/5.2.0/../../../../i686-w64-mingw32/lib/../lib/libuser32.a(duyes00548.o)
 .data          0x0040602c        0x0 C:/Program Files (x86)/mingw-w64/i686-5.2.0-posix-dwarf-rt_v4-rev0/mingw32/bin/../lib/gcc/i686-w64-mingw32/5.2.0/../../../../i686-w64-mingw32/lib/../lib/libuser32.a(duyes00311.o)
 .data          0x0040602c        0x0 C:/Program Files (x86)/mingw-w64/i686-5.2.0-posix-dwarf-rt_v4-rev0/mingw32/bin/../lib/gcc/i686-w64-mingw32/5.2.0/../../../../i686-w64-mingw32/lib/../lib/libuser32.a(duyes00183.o)
 .data          0x0040602c        0x0 C:/Program Files (x86)/mingw-w64/i686-5.2.0-posix-dwarf-rt_v4-rev0/mingw32/bin/../lib/gcc/i686-w64-mingw32/5.2.0/../../../../i686-w64-mingw32/lib/../lib/libuser32.a(duyes00175.o)
 .data          0x0040602c        0x0 C:/Program Files (x86)/mingw-w64/i686-5.2.0-posix-dwarf-rt_v4-rev0/mingw32/bin/../lib/gcc/i686-w64-mingw32/5.2.0/../../../../i686-w64-mingw32/lib/../lib/libuser32.a(duyes00162.o)
 .data          0x0040602c        0x0 C:/Program Files (x86)/mingw-w64/i686-5.2.0-posix-dwarf-rt_v4-rev0/mingw32/bin/../lib/gcc/i686-w64-mingw32/5.2.0/../../../../i686-w64-mingw32/lib/../lib/libuser32.a(duyes00114.o)
 .data          0x0040602c        0x0 C:/Program Files (x86)/mingw-w64/i686-5.2.0-posix-dwarf-rt_v4-rev0/mingw32/bin/../lib/gcc/i686-w64-mingw32/5.2.0/../../../../i686-w64-mingw32/lib/../lib/libuser32.a(duyeh.o)
 .data          0x0040602c        0x0 C:/Program Files (x86)/mingw-w64/i686-5.2.0-posix-dwarf-rt_v4-rev0/mingw32/bin/../lib/gcc/i686-w64-mingw32/5.2.0/../../../../i686-w64-mingw32/lib/../lib/libuser32.a(duyet.o)
 .data          0x0040602c        0x0 C:/Program Files (x86)/mingw-w64/i686-5.2.0-posix-dwarf-rt_v4-rev0/mingw32/bin/../lib/gcc/i686-w64-mingw32/5.2.0/../../../../i686-w64-mingw32/lib/../lib/libkernel32.a(deges01209.o)
 .data          0x0040602c        0x0 C:/Program Files (x86)/mingw-w64/i686-5.2.0-posix-dwarf-rt_v4-rev0/mingw32/bin/../lib/gcc/i686-w64-mingw32/5.2.0/../../../../i686-w64-mingw32/lib/../lib/libkernel32.a(deges01206.o)
 .data          0x0040602c        0x0 C:/Program Files (x86)/mingw-w64/i686-5.2.0-posix-dwarf-rt_v4-rev0/mingw32/bin/../lib/gcc/i686-w64-mingw32/5.2.0/../../../../i686-w64-mingw32/lib/../lib/libkernel32.a(deges01174.o)
 .data          0x0040602c        0x0 C:/Program Files (x86)/mingw-w64/i686-5.2.0-posix-dwarf-rt_v4-rev0/mingw32/bin/../lib/gcc/i686-w64-mingw32/5.2.0/../../../../i686-w64-mingw32/lib/../lib/libkernel32.a(deges01161.o)
 .data          0x0040602c        0x0 C:/Program Files (x86)/mingw-w64/i686-5.2.0-posix-dwarf-rt_v4-rev0/mingw32/bin/../lib/gcc/i686-w64-mingw32/5.2.0/../../../../i686-w64-mingw32/lib/../lib/libkernel32.a(deges01154.o)
 .data          0x0040602c        0x0 C:/Program Files (x86)/mingw-w64/i686-5.2.0-posix-dwarf-rt_v4-rev0/mingw32/bin/../lib/gcc/i686-w64-mingw32/5.2.0/../../../../i686-w64-mingw32/lib/../lib/libkernel32.a(deges01140.o)
 .data          0x0040602c        0x0 C:/Program Files (x86)/mingw-w64/i686-5.2.0-posix-dwarf-rt_v4-rev0/mingw32/bin/../lib/gcc/i686-w64-mingw32/5.2.0/../../../../i686-w64-mingw32/lib/../lib/libkernel32.a(deges01127.o)
 .data          0x0040602c        0x0 C:/Program Files (x86)/mingw-w64/i686-5.2.0-posix-dwarf-rt_v4-rev0/mingw32/bin/../lib/gcc/i686-w64-mingw32/5.2.0/../../../../i686-w64-mingw32/lib/../lib/libkernel32.a(deges00915.o)
 .data          0x0040602c        0x0 C:/Program Files (x86)/mingw-w64/i686-5.2.0-posix-dwarf-rt_v4-rev0/mingw32/bin/../lib/gcc/i686-w64-mingw32/5.2.0/../../../../i686-w64-mingw32/lib/../lib/libkernel32.a(deges00809.o)
 .data          0x0040602c        0x0 C:/Program Files (x86)/mingw-w64/i686-5.2.0-posix-dwarf-rt_v4-rev0/mingw32/bin/../lib/gcc/i686-w64-mingw32/5.2.0/../../../../i686-w64-mingw32/lib/../lib/libkernel32.a(deges00806.o)
 .data          0x0040602c        0x0 C:/Program Files (x86)/mingw-w64/i686-5.2.0-posix-dwarf-rt_v4-rev0/mingw32/bin/../lib/gcc/i686-w64-mingw32/5.2.0/../../../../i686-w64-mingw32/lib/../lib/libkernel32.a(deges00747.o)
 .data          0x0040602c        0x0 C:/Program Files (x86)/mingw-w64/i686-5.2.0-posix-dwarf-rt_v4-rev0/mingw32/bin/../lib/gcc/i686-w64-mingw32/5.2.0/../../../../i686-w64-mingw32/lib/../lib/libkernel32.a(deges00663.o)
 .data          0x0040602c        0x0 C:/Program Files (x86)/mingw-w64/i686-5.2.0-posix-dwarf-rt_v4-rev0/mingw32/bin/../lib/gcc/i686-w64-mingw32/5.2.0/../../../../i686-w64-mingw32/lib/../lib/libkernel32.a(deges00635.o)
 .data          0x0040602c        0x0 C:/Program Files (x86)/mingw-w64/i686-5.2.0-posix-dwarf-rt_v4-rev0/mingw32/bin/../lib/gcc/i686-w64-mingw32/5.2.0/../../../../i686-w64-mingw32/lib/../lib/libkernel32.a(deges00612.o)
 .data          0x0040602c        0x0 C:/Program Files (x86)/mingw-w64/i686-5.2.0-posix-dwarf-rt_v4-rev0/mingw32/bin/../lib/gcc/i686-w64-mingw32/5.2.0/../../../../i686-w64-mingw32/lib/../lib/libkernel32.a(deges00581.o)
 .data          0x0040602c        0x0 C:/Program Files (x86)/mingw-w64/i686-5.2.0-posix-dwarf-rt_v4-rev0/mingw32/bin/../lib/gcc/i686-w64-mingw32/5.2.0/../../../../i686-w64-mingw32/lib/../lib/libkernel32.a(deges00533.o)
 .data          0x0040602c        0x0 C:/Program Files (x86)/mingw-w64/i686-5.2.0-posix-dwarf-rt_v4-rev0/mingw32/bin/../lib/gcc/i686-w64-mingw32/5.2.0/../../../../i686-w64-mingw32/lib/../lib/libkernel32.a(deges00515.o)
 .data          0x0040602c        0x0 C:/Program Files (x86)/mingw-w64/i686-5.2.0-posix-dwarf-rt_v4-rev0/mingw32/bin/../lib/gcc/i686-w64-mingw32/5.2.0/../../../../i686-w64-mingw32/lib/../lib/libkernel32.a(deges00457.o)
 .data          0x0040602c        0x0 C:/Program Files (x86)/mingw-w64/i686-5.2.0-posix-dwarf-rt_v4-rev0/mingw32/bin/../lib/gcc/i686-w64-mingw32/5.2.0/../../../../i686-w64-mingw32/lib/../lib/libkernel32.a(deges00453.o)
 .data          0x0040602c        0x0 C:/Program Files (x86)/mingw-w64/i686-5.2.0-posix-dwarf-rt_v4-rev0/mingw32/bin/../lib/gcc/i686-w64-mingw32/5.2.0/../../../../i686-w64-mingw32/lib/../lib/libkernel32.a(deges00452.o)
 .data          0x0040602c        0x0 C:/Program Files (x86)/mingw-w64/i686-5.2.0-posix-dwarf-rt_v4-rev0/mingw32/bin/../lib/gcc/i686-w64-mingw32/5.2.0/../../../../i686-w64-mingw32/lib/../lib/libkernel32.a(deges00356.o)
 .data          0x0040602c        0x0 C:/Program Files (x86)/mingw-w64/i686-5.2.0-posix-dwarf-rt_v4-rev0/mingw32/bin/../lib/gcc/i686-w64-mingw32/5.2.0/../../../../i686-w64-mingw32/lib/../lib/libkernel32.a(deges00239.o)
 .data          0x0040602c        0x0 C:/Program Files (x86)/mingw-w64/i686-5.2.0-posix-dwarf-rt_v4-rev0/mingw32/bin/../lib/gcc/i686-w64-mingw32/5.2.0/../../../../i686-w64-mingw32/lib/../lib/libkernel32.a(deges00212.o)
 .data          0x0040602c        0x0 C:/Program Files (x86)/mingw-w64/i686-5.2.0-posix-dwarf-rt_v4-rev0/mingw32/bin/../lib/gcc/i686-w64-mingw32/5.2.0/../../../../i686-w64-mingw32/lib/../lib/libkernel32.a(degeh.o)
 .data          0x0040602c        0x0 C:/Program Files (x86)/mingw-w64/i686-5.2.0-posix-dwarf-rt_v4-rev0/mingw32/bin/../lib/gcc/i686-w64-mingw32/5.2.0/../../../../i686-w64-mingw32/lib/../lib/libkernel32.a(deget.o)
 .data          0x0040602c        0x0 C:/Program Files (x86)/mingw-w64/i686-5.2.0-posix-dwarf-rt_v4-rev0/mingw32/bin/../lib/gcc/i686-w64-mingw32/5.2.0/crtend.o
 *(.data2)
 *(SORT(.data$*))
 *fill*         0x0040602c        0x4 
 .data$_ZGVZN8graphics12font_defaultEvE3fnt
                0x00406030        0x8 font.o
 .data$_ZGVZN8graphics9frame_tee15frame_dummy_refEvE5dummy
                0x00406038        0x8 main.o
                0x00406038                guard variable for graphics::frame_tee::frame_dummy_ref()::dummy
 .data$_ZN8graphics2wcE
                0x00406040       0x40 graphics.o
                0x00406040                graphics::wc
 .data$_ZN8graphics3MsgE
                0x00406080       0x1c graphics.o
                0x00406080                graphics::Msg
 .data$_ZN8graphics3hdcE
                0x0040609c        0x4 graphics.o
                0x0040609c                graphics::hdc
 .data$_ZN8graphics4hwndE
                0x004060a0        0x4 graphics.o
                0x004060a0                graphics::hwnd
 .data$_ZN8graphics9hInstanceE
                0x004060a4        0x4 graphics.o
                0x004060a4                graphics::hInstance
 .data$_ZStL8__ioinit
                0x004060a8        0x4 graphics.o
 .data$_ZStL8__ioinit
                0x004060ac        0x4 font.o
 .data$_ZStL8__ioinit
                0x004060b0        0x4 main.o
 .data$_ZStL8__ioinit
                0x004060b4        0x4 win.o
 *fill*         0x004060b8        0x8 
 .data$_ZZN8graphics12font_defaultEvE3fnt
                0x004060c0       0x40 font.o
 .data$_ZZN8graphics9frame_tee15frame_dummy_refEvE5dummy
                0x00406100        0xc main.o
                0x00406100                graphics::frame_tee::frame_dummy_ref()::dummy
 .data$__security_cookie
                0x0040610c        0x4 C:/Program Files (x86)/mingw-w64/i686-5.2.0-posix-dwarf-rt_v4-rev0/mingw32/bin/../lib/gcc/i686-w64-mingw32/5.2.0/../../../../i686-w64-mingw32/lib/../lib/libmingw32.a(lib32_libmingw32_a-gs_support.o)
                0x0040610c                __security_cookie
 .data$__security_cookie_complement
                0x00406110        0x4 C:/Program Files (x86)/mingw-w64/i686-5.2.0-posix-dwarf-rt_v4-rev0/mingw32/bin/../lib/gcc/i686-w64-mingw32/5.2.0/../../../../i686-w64-mingw32/lib/../lib/libmingw32.a(lib32_libmingw32_a-gs_support.o)
                0x00406110                __security_cookie_complement
 *(.jcr)
 .jcr           0x00406114        0x0 C:/Program Files (x86)/mingw-w64/i686-5.2.0-posix-dwarf-rt_v4-rev0/mingw32/bin/../lib/gcc/i686-w64-mingw32/5.2.0/crtbegin.o
 .jcr           0x00406114        0x4 C:/Program Files (x86)/mingw-w64/i686-5.2.0-posix-dwarf-rt_v4-rev0/mingw32/bin/../lib/gcc/i686-w64-mingw32/5.2.0/crtend.o
                0x00406118                __data_end__ = .
 *(.data_cygwin_nocopy)

.rdata          0x00407000     0x1000
 *(.rdata)
 .rdata         0x00407000       0x64 C:/Program Files (x86)/mingw-w64/i686-5.2.0-posix-dwarf-rt_v4-rev0/mingw32/bin/../lib/gcc/i686-w64-mingw32/5.2.0/crtbegin.o
 .rdata         0x00407064       0xb0 graphics.o
 .rdata         0x00407114        0x8 C:/Program Files (x86)/mingw-w64/i686-5.2.0-posix-dwarf-rt_v4-rev0/mingw32/bin/../lib/gcc/i686-w64-mingw32/5.2.0/../../../../i686-w64-mingw32/lib/../lib/libmingw32.a(lib32_libmingw32_a-gs_support.o)
 .rdata         0x0040711c        0x4 C:/Program Files (x86)/mingw-w64/i686-5.2.0-posix-dwarf-rt_v4-rev0/mingw32/bin/../lib/gcc/i686-w64-mingw32/5.2.0/../../../../i686-w64-mingw32/lib/../lib/libmingw32.a(lib32_libmingw32_a-tlssup.o)
                0x0040711c                __dyn_tls_init_callback
 .rdata         0x00407120      0x134 C:/Program Files (x86)/mingw-w64/i686-5.2.0-posix-dwarf-rt_v4-rev0/mingw32/bin/../lib/gcc/i686-w64-mingw32/5.2.0/../../../../i686-w64-mingw32/lib/../lib/libmingw32.a(lib32_libmingw32_a-merr.o)
 .rdata         0x00407254       0xf8 C:/Program Files (x86)/mingw-w64/i686-5.2.0-posix-dwarf-rt_v4-rev0/mingw32/bin/../lib/gcc/i686-w64-mingw32/5.2.0/../../../../i686-w64-mingw32/lib/../lib/libmingw32.a(lib32_libmingw32_a-pseudo-reloc.o)
 *(SORT(.rdata$*))
 *fill*         0x0040734c       0x14 
 .rdata$_ZN8graphics17font_default_dataE
                0x00407360      0x1c0 font.o
                0x00407360                graphics::font_default_data
 .rdata$_ZN8graphics18font_default_startE
                0x00407520      0x1a0 font.o
                0x00407520                graphics::font_default_start
 .rdata$_ZN8graphicsL17shape_relief_nameE
                0x004076c0        0xc graphics.o
 .rdata$_ZN8graphicsL19font_alignment_nameE
                0x004076cc       0x10 graphics.o
 .rdata$_ZN8graphicsL5blackE
                0x004076dc        0x4 main.o
 .rdata$_ZN8graphicsL5whiteE
                0x004076e0        0x4 main.o
 .rdata$_ZTV9decorator
                0x004076e4       0x1c main.o
                0x004076e4                vtable for decorator
 .rdata$_ZTVN8graphics10char_photoE
                0x00407700       0x10 graphics.o
                0x00407700                vtable for graphics::char_photo
 .rdata$_ZTVN8graphics11frame_dummyE
                0x00407710       0x1c main.o
                0x00407710                vtable for graphics::frame_dummy
 .rdata$_ZTVN8graphics11inline_fontE
                0x0040772c       0x24 graphics.o
                0x0040772c                vtable for graphics::inline_font
 .rdata$_ZTVN8graphics12image_pixelsE
                0x00407750       0x10 graphics.o
                0x00407750                vtable for graphics::image_pixels
 .rdata$_ZTVN8graphics13target_screenE
                0x00407760       0x1c graphics.o
                0x00407760                vtable for graphics::target_screen
 .rdata$_ZTVN8graphics16inline_rgb_photoE
                0x0040777c       0x10 graphics.o
                0x0040777c                vtable for graphics::inline_rgb_photo
 .rdata$_ZTVN8graphics4lineE
                0x0040778c        0xc graphics.o
                0x0040778c                vtable for graphics::line
 .rdata$_ZTVN8graphics4textE
                0x00407798        0xc graphics.o
                0x00407798                vtable for graphics::text
 .rdata$_ZTVN8graphics6circleE
                0x004077a4        0xc graphics.o
                0x004077a4                vtable for graphics::circle
 .rdata$_ZTVN8graphics8subframeE
                0x004077b0       0x1c graphics.o
                0x004077b0                vtable for graphics::subframe
 .rdata$_ZTVN8graphics9frame_teeE
                0x004077cc       0x1c main.o
                0x004077cc                vtable for graphics::frame_tee
 .rdata$_ZTVN8graphics9rectangleE
                0x004077e8        0xc graphics.o
                0x004077e8                vtable for graphics::rectangle
 .rdata$zzz     0x004077f4       0x40 C:/Program Files (x86)/mingw-w64/i686-5.2.0-posix-dwarf-rt_v4-rev0/mingw32/bin/../lib/gcc/i686-w64-mingw32/5.2.0/../../../../i686-w64-mingw32/lib/../lib/crt2.o
 .rdata$zzz     0x00407834       0x40 C:/Program Files (x86)/mingw-w64/i686-5.2.0-posix-dwarf-rt_v4-rev0/mingw32/bin/../lib/gcc/i686-w64-mingw32/5.2.0/crtbegin.o
 .rdata$zzz     0x00407874       0x40 graphics.o
 .rdata$zzz     0x004078b4       0x40 font.o
 .rdata$zzz     0x004078f4       0x40 main.o
 .rdata$zzz     0x00407934       0x40 win.o
 .rdata$zzz     0x00407974       0x40 C:/Program Files (x86)/mingw-w64/i686-5.2.0-posix-dwarf-rt_v4-rev0/mingw32/bin/../lib/gcc/i686-w64-mingw32/5.2.0/../../../../i686-w64-mingw32/lib/../lib/libmingw32.a(lib32_libmingw32_a-atonexit.o)
 .rdata$zzz     0x004079b4       0x40 C:/Program Files (x86)/mingw-w64/i686-5.2.0-posix-dwarf-rt_v4-rev0/mingw32/bin/../lib/gcc/i686-w64-mingw32/5.2.0/../../../../i686-w64-mingw32/lib/../lib/libmingw32.a(lib32_libmingw32_a-gccmain.o)
 .rdata$zzz     0x004079f4       0x40 C:/Program Files (x86)/mingw-w64/i686-5.2.0-posix-dwarf-rt_v4-rev0/mingw32/bin/../lib/gcc/i686-w64-mingw32/5.2.0/../../../../i686-w64-mingw32/lib/../lib/libmingw32.a(lib32_libmingw32_a-natstart.o)
 .rdata$zzz     0x00407a34       0x40 C:/Program Files (x86)/mingw-w64/i686-5.2.0-posix-dwarf-rt_v4-rev0/mingw32/bin/../lib/gcc/i686-w64-mingw32/5.2.0/../../../../i686-w64-mingw32/lib/../lib/libmingw32.a(lib32_libmingw32_a-wildcard.o)
 .rdata$zzz     0x00407a74       0x40 C:/Program Files (x86)/mingw-w64/i686-5.2.0-posix-dwarf-rt_v4-rev0/mingw32/bin/../lib/gcc/i686-w64-mingw32/5.2.0/../../../../i686-w64-mingw32/lib/../lib/libmingw32.a(lib32_libmingw32_a-charmax.o)
 .rdata$zzz     0x00407ab4       0x40 C:/Program Files (x86)/mingw-w64/i686-5.2.0-posix-dwarf-rt_v4-rev0/mingw32/bin/../lib/gcc/i686-w64-mingw32/5.2.0/../../../../i686-w64-mingw32/lib/../lib/libmingw32.a(lib32_libmingw32_a-dllargv.o)
 .rdata$zzz     0x00407af4       0x40 C:/Program Files (x86)/mingw-w64/i686-5.2.0-posix-dwarf-rt_v4-rev0/mingw32/bin/../lib/gcc/i686-w64-mingw32/5.2.0/../../../../i686-w64-mingw32/lib/../lib/libmingw32.a(lib32_libmingw32_a-gs_support.o)
 .rdata$zzz     0x00407b34       0x40 C:/Program Files (x86)/mingw-w64/i686-5.2.0-posix-dwarf-rt_v4-rev0/mingw32/bin/../lib/gcc/i686-w64-mingw32/5.2.0/../../../../i686-w64-mingw32/lib/../lib/libmingw32.a(lib32_libmingw32_a-_newmode.o)
 .rdata$zzz     0x00407b74       0x40 C:/Program Files (x86)/mingw-w64/i686-5.2.0-posix-dwarf-rt_v4-rev0/mingw32/bin/../lib/gcc/i686-w64-mingw32/5.2.0/../../../../i686-w64-mingw32/lib/../lib/libmingw32.a(lib32_libmingw32_a-tlssup.o)
 .rdata$zzz     0x00407bb4       0x40 C:/Program Files (x86)/mingw-w64/i686-5.2.0-posix-dwarf-rt_v4-rev0/mingw32/bin/../lib/gcc/i686-w64-mingw32/5.2.0/../../../../i686-w64-mingw32/lib/../lib/libmingw32.a(lib32_libmingw32_a-cinitexe.o)
 .rdata$zzz     0x00407bf4       0x40 C:/Program Files (x86)/mingw-w64/i686-5.2.0-posix-dwarf-rt_v4-rev0/mingw32/bin/../lib/gcc/i686-w64-mingw32/5.2.0/../../../../i686-w64-mingw32/lib/../lib/libmingw32.a(lib32_libmingw32_a-merr.o)
 .rdata$zzz     0x00407c34       0x40 C:/Program Files (x86)/mingw-w64/i686-5.2.0-posix-dwarf-rt_v4-rev0/mingw32/bin/../lib/gcc/i686-w64-mingw32/5.2.0/../../../../i686-w64-mingw32/lib/../lib/libmingw32.a(lib32_libmingw32_a-CRT_fp10.o)
 .rdata$zzz     0x00407c74       0x40 C:/Program Files (x86)/mingw-w64/i686-5.2.0-posix-dwarf-rt_v4-rev0/mingw32/bin/../lib/gcc/i686-w64-mingw32/5.2.0/../../../../i686-w64-mingw32/lib/../lib/libmingw32.a(lib32_libmingw32_a-mingw_helpers.o)
 .rdata$zzz     0x00407cb4       0x40 C:/Program Files (x86)/mingw-w64/i686-5.2.0-posix-dwarf-rt_v4-rev0/mingw32/bin/../lib/gcc/i686-w64-mingw32/5.2.0/../../../../i686-w64-mingw32/lib/../lib/libmingw32.a(lib32_libmingw32_a-pseudo-reloc.o)
 .rdata$zzz     0x00407cf4       0x40 C:/Program Files (x86)/mingw-w64/i686-5.2.0-posix-dwarf-rt_v4-rev0/mingw32/bin/../lib/gcc/i686-w64-mingw32/5.2.0/../../../../i686-w64-mingw32/lib/../lib/libmingw32.a(lib32_libmingw32_a-xtxtmode.o)
 .rdata$zzz     0x00407d34       0x40 C:/Program Files (x86)/mingw-w64/i686-5.2.0-posix-dwarf-rt_v4-rev0/mingw32/bin/../lib/gcc/i686-w64-mingw32/5.2.0/../../../../i686-w64-mingw32/lib/../lib/libmingw32.a(lib32_libmingw32_a-crt_handler.o)
 .rdata$zzz     0x00407d74       0x40 C:/Program Files (x86)/mingw-w64/i686-5.2.0-posix-dwarf-rt_v4-rev0/mingw32/bin/../lib/gcc/i686-w64-mingw32/5.2.0/../../../../i686-w64-mingw32/lib/../lib/libmingw32.a(lib32_libmingw32_a-tlsthrd.o)
 .rdata$zzz     0x00407db4       0x40 C:/Program Files (x86)/mingw-w64/i686-5.2.0-posix-dwarf-rt_v4-rev0/mingw32/bin/../lib/gcc/i686-w64-mingw32/5.2.0/../../../../i686-w64-mingw32/lib/../lib/libmingw32.a(lib32_libmingw32_a-tlsmcrt.o)
 .rdata$zzz     0x00407df4       0x40 C:/Program Files (x86)/mingw-w64/i686-5.2.0-posix-dwarf-rt_v4-rev0/mingw32/bin/../lib/gcc/i686-w64-mingw32/5.2.0/../../../../i686-w64-mingw32/lib/../lib/libmingw32.a(lib32_libmingw32_a-pseudo-reloc-list.o)
 .rdata$zzz     0x00407e34       0x40 C:/Program Files (x86)/mingw-w64/i686-5.2.0-posix-dwarf-rt_v4-rev0/mingw32/bin/../lib/gcc/i686-w64-mingw32/5.2.0/../../../../i686-w64-mingw32/lib/../lib/libmingw32.a(lib32_libmingw32_a-pesect.o)
 .rdata$zzz     0x00407e74       0x40 C:/Program Files (x86)/mingw-w64/i686-5.2.0-posix-dwarf-rt_v4-rev0/mingw32/bin/../lib/gcc/i686-w64-mingw32/5.2.0/libgcc.a(_ctors.o)
 .rdata$zzz     0x00407eb4       0x40 C:/Program Files (x86)/mingw-w64/i686-5.2.0-posix-dwarf-rt_v4-rev0/mingw32/bin/../lib/gcc/i686-w64-mingw32/5.2.0/../../../../i686-w64-mingw32/lib/../lib/libmingwex.a(lib32_libmingwex_a-mingw_matherr.o)
 .rdata$zzz     0x00407ef4       0x40 C:/Program Files (x86)/mingw-w64/i686-5.2.0-posix-dwarf-rt_v4-rev0/mingw32/bin/../lib/gcc/i686-w64-mingw32/5.2.0/../../../../i686-w64-mingw32/lib/../lib/libmsvcrt.a(lib32_libmsvcrt_a-invalid_parameter_handler.o)
 .rdata$zzz     0x00407f34       0x40 C:/Program Files (x86)/mingw-w64/i686-5.2.0-posix-dwarf-rt_v4-rev0/mingw32/bin/../lib/gcc/i686-w64-mingw32/5.2.0/crtend.o
                0x00407f74                __rt_psrelocs_start = .
 *(.rdata_runtime_pseudo_reloc)
                0x00407f74                __rt_psrelocs_end = .
                0x00000000                __rt_psrelocs_size = (__rt_psrelocs_end - __rt_psrelocs_start)
                0x00407f74                ___RUNTIME_PSEUDO_RELOC_LIST_END__ = .
                0x00407f74                __RUNTIME_PSEUDO_RELOC_LIST_END__ = .
                0x00407f74                ___RUNTIME_PSEUDO_RELOC_LIST__ = (. - __rt_psrelocs_size)
                0x00407f74                __RUNTIME_PSEUDO_RELOC_LIST__ = (. - __rt_psrelocs_size)

.eh_frame       0x00408000     0x1600
 *(.eh_frame*)
 .eh_frame      0x00408000       0xc8 C:/Program Files (x86)/mingw-w64/i686-5.2.0-posix-dwarf-rt_v4-rev0/mingw32/bin/../lib/gcc/i686-w64-mingw32/5.2.0/../../../../i686-w64-mingw32/lib/../lib/crt2.o
 .eh_frame      0x004080c8       0x68 C:/Program Files (x86)/mingw-w64/i686-5.2.0-posix-dwarf-rt_v4-rev0/mingw32/bin/../lib/gcc/i686-w64-mingw32/5.2.0/crtbegin.o
 .eh_frame$_ZSt3decRSt8ios_base
                0x00408130       0x38 graphics.o
 .eh_frame$_ZSt3hexRSt8ios_base
                0x00408168       0x38 graphics.o
 .eh_frame$_ZNK8graphics5frame17translate_outfromENS_6vectorE
                0x004081a0       0x38 graphics.o
 .eh_frame$_ZNK8graphics5frame14translate_intoENS_6vectorE
                0x004081d8       0x38 graphics.o
 .eh_frame$_ZN8graphics5frame5flushEv
                0x00408210       0x38 graphics.o
 .eh_frame$_ZNK8graphics8subframe17translate_outfromENS_6vectorE
                0x00408248       0x44 graphics.o
 .eh_frame$_ZNK8graphics8subframe14translate_intoENS_6vectorE
                0x0040828c       0x3c graphics.o
 .eh_frame$_ZNK8graphics10char_photo12checked_readENS_6vectorE
                0x004082c8       0x3c graphics.o
 .eh_frame$_ZNK8graphics11inline_font3hasEc
                0x00408304       0x3c graphics.o
 .eh_frame      0x00408340      0x438 graphics.o
 .eh_frame$_ZN8graphics6vector9is_withinEss
                0x00408778       0x3c graphics.o
 .eh_frame$_ZNK8graphics6vectorplES0_
                0x004087b4       0x38 graphics.o
 .eh_frame$_ZN8graphics6vectorpLES0_
                0x004087ec       0x38 graphics.o
 .eh_frame$_ZN8graphicslsERSoNS_6vectorE
                0x00408824       0x40 graphics.o
 .eh_frame$_ZNK8graphics6vector9directionEv
                0x00408864       0x3c graphics.o
 .eh_frame$_ZNK8graphics6vector9is_withinES0_
                0x004088a0       0x3c graphics.o
 .eh_frame$_ZN8graphicslsERSoNS_5colorE
                0x004088dc       0x44 graphics.o
 .eh_frame$_ZN8graphics5frame5writeENS_6vectorENS_5colorE
                0x00408920       0x54 graphics.o
 .eh_frame$_ZN8graphics8subframe13checked_writeENS_6vectorENS_5colorE
                0x00408974       0x44 graphics.o
 .eh_frame$_ZN8graphics5frame13checked_clearEv
                0x004089b8       0x44 graphics.o
 .eh_frame$_ZNK8graphics8drawable19drawable_draw_pixelERNS_5frameENS_6vectorENS_5colorE
                0x004089fc       0x38 graphics.o
 .eh_frame$_ZNK8graphics15inline_bw_photo12checked_readENS_6vectorE
                0x00408a34       0x3c graphics.o
 .eh_frame      0x00408a70       0x78 font.o
 .eh_frame$_ZN8graphics11frame_dummy13checked_writeENS_6vectorENS_5colorE
                0x00408ae8       0x38 main.o
 .eh_frame$_ZN8graphics9frame_tee5flushEv
                0x00408b20       0x3c main.o
 .eh_frame      0x00408b5c       0xdc main.o
 .eh_frame$_ZN9decorator13checked_writeEN8graphics6vectorENS0_5colorE
                0x00408c38       0x3c main.o
 .eh_frame$_ZN8graphics9frame_tee13checked_writeENS_6vectorENS_5colorE
                0x00408c74       0x48 main.o
 .eh_frame$_ZN8graphics5frame5clearENS_5colorE
                0x00408cbc       0x38 main.o
 .eh_frame$_ZN8graphics9frame_tee13checked_clearEv
                0x00408cf4       0x3c main.o
 .eh_frame$_ZN8graphics9frame_tee15frame_dummy_refEv
                0x00408d30       0x38 main.o
 .eh_frame$_ZN7picture4drawERN8graphics5frameE
                0x00408d68       0x44 main.o
 .eh_frame      0x00408dac       0xa4 win.o
 .eh_frame      0x00408e50       0x5c C:/Program Files (x86)/mingw-w64/i686-5.2.0-posix-dwarf-rt_v4-rev0/mingw32/bin/../lib/gcc/i686-w64-mingw32/5.2.0/../../../../i686-w64-mingw32/lib/../lib/libmingw32.a(lib32_libmingw32_a-atonexit.o)
 .eh_frame      0x00408eac       0x68 C:/Program Files (x86)/mingw-w64/i686-5.2.0-posix-dwarf-rt_v4-rev0/mingw32/bin/../lib/gcc/i686-w64-mingw32/5.2.0/../../../../i686-w64-mingw32/lib/../lib/libmingw32.a(lib32_libmingw32_a-gccmain.o)
 .eh_frame      0x00408f14       0x2c C:/Program Files (x86)/mingw-w64/i686-5.2.0-posix-dwarf-rt_v4-rev0/mingw32/bin/../lib/gcc/i686-w64-mingw32/5.2.0/../../../../i686-w64-mingw32/lib/../lib/libmingw32.a(lib32_libmingw32_a-charmax.o)
 .eh_frame      0x00408f40       0x2c C:/Program Files (x86)/mingw-w64/i686-5.2.0-posix-dwarf-rt_v4-rev0/mingw32/bin/../lib/gcc/i686-w64-mingw32/5.2.0/../../../../i686-w64-mingw32/lib/../lib/libmingw32.a(lib32_libmingw32_a-dllargv.o)
 .eh_frame      0x00408f6c       0x94 C:/Program Files (x86)/mingw-w64/i686-5.2.0-posix-dwarf-rt_v4-rev0/mingw32/bin/../lib/gcc/i686-w64-mingw32/5.2.0/../../../../i686-w64-mingw32/lib/../lib/libmingw32.a(lib32_libmingw32_a-gs_support.o)
 .eh_frame      0x00409000       0x7c C:/Program Files (x86)/mingw-w64/i686-5.2.0-posix-dwarf-rt_v4-rev0/mingw32/bin/../lib/gcc/i686-w64-mingw32/5.2.0/../../../../i686-w64-mingw32/lib/../lib/libmingw32.a(lib32_libmingw32_a-tlssup.o)
 .eh_frame      0x0040907c       0x5c C:/Program Files (x86)/mingw-w64/i686-5.2.0-posix-dwarf-rt_v4-rev0/mingw32/bin/../lib/gcc/i686-w64-mingw32/5.2.0/../../../../i686-w64-mingw32/lib/../lib/libmingw32.a(lib32_libmingw32_a-merr.o)
 .eh_frame      0x004090d8       0x2c C:/Program Files (x86)/mingw-w64/i686-5.2.0-posix-dwarf-rt_v4-rev0/mingw32/bin/../lib/gcc/i686-w64-mingw32/5.2.0/../../../../i686-w64-mingw32/lib/../lib/libmingw32.a(lib32_libmingw32_a-CRT_fp10.o)
 .eh_frame      0x00409104       0x40 C:/Program Files (x86)/mingw-w64/i686-5.2.0-posix-dwarf-rt_v4-rev0/mingw32/bin/../lib/gcc/i686-w64-mingw32/5.2.0/../../../../i686-w64-mingw32/lib/../lib/libmingw32.a(lib32_libmingw32_a-mingw_helpers.o)
 .eh_frame      0x00409144       0xa8 C:/Program Files (x86)/mingw-w64/i686-5.2.0-posix-dwarf-rt_v4-rev0/mingw32/bin/../lib/gcc/i686-w64-mingw32/5.2.0/../../../../i686-w64-mingw32/lib/../lib/libmingw32.a(lib32_libmingw32_a-pseudo-reloc.o)
 .eh_frame      0x004091ec       0x4c C:/Program Files (x86)/mingw-w64/i686-5.2.0-posix-dwarf-rt_v4-rev0/mingw32/bin/../lib/gcc/i686-w64-mingw32/5.2.0/../../../../i686-w64-mingw32/lib/../lib/libmingw32.a(lib32_libmingw32_a-crt_handler.o)
 .eh_frame      0x00409238      0x114 C:/Program Files (x86)/mingw-w64/i686-5.2.0-posix-dwarf-rt_v4-rev0/mingw32/bin/../lib/gcc/i686-w64-mingw32/5.2.0/../../../../i686-w64-mingw32/lib/../lib/libmingw32.a(lib32_libmingw32_a-tlsthrd.o)
 .eh_frame      0x0040934c      0x1e0 C:/Program Files (x86)/mingw-w64/i686-5.2.0-posix-dwarf-rt_v4-rev0/mingw32/bin/../lib/gcc/i686-w64-mingw32/5.2.0/../../../../i686-w64-mingw32/lib/../lib/libmingw32.a(lib32_libmingw32_a-pesect.o)
 .eh_frame      0x0040952c       0x40 C:/Program Files (x86)/mingw-w64/i686-5.2.0-posix-dwarf-rt_v4-rev0/mingw32/bin/../lib/gcc/i686-w64-mingw32/5.2.0/../../../../i686-w64-mingw32/lib/../lib/libmsvcrt.a(lib32_libmsvcrt_a-invalid_parameter_handler.o)
 .eh_frame      0x0040956c       0x3c C:/Program Files (x86)/mingw-w64/i686-5.2.0-posix-dwarf-rt_v4-rev0/mingw32/bin/../lib/gcc/i686-w64-mingw32/5.2.0/crtend.o

.pdata
 *(.pdata)

.bss            0x0040a000      0x444
                0x0040a000                __bss_start__ = .
 *(.bss)
 .bss           0x0040a000       0x20 C:/Program Files (x86)/mingw-w64/i686-5.2.0-posix-dwarf-rt_v4-rev0/mingw32/bin/../lib/gcc/i686-w64-mingw32/5.2.0/../../../../i686-w64-mingw32/lib/../lib/crt2.o
 .bss           0x0040a020       0x18 C:/Program Files (x86)/mingw-w64/i686-5.2.0-posix-dwarf-rt_v4-rev0/mingw32/bin/../lib/gcc/i686-w64-mingw32/5.2.0/crtbegin.o
 .bss           0x0040a038        0x0 graphics.o
 .bss           0x0040a038        0x0 font.o
 .bss           0x0040a038        0x0 main.o
 .bss           0x0040a038        0x0 win.o
 .bss           0x0040a038        0x0 C:/Program Files (x86)/mingw-w64/i686-5.2.0-posix-dwarf-rt_v4-rev0/mingw32/bin/../lib/gcc/i686-w64-mingw32/5.2.0/../../../../i686-w64-mingw32/lib/../lib/libgdi32.a(dwlcs00337.o)
 .bss           0x0040a038        0x0 C:/Program Files (x86)/mingw-w64/i686-5.2.0-posix-dwarf-rt_v4-rev0/mingw32/bin/../lib/gcc/i686-w64-mingw32/5.2.0/../../../../i686-w64-mingw32/lib/../lib/libgdi32.a(dwlch.o)
 .bss           0x0040a038        0x0 C:/Program Files (x86)/mingw-w64/i686-5.2.0-posix-dwarf-rt_v4-rev0/mingw32/bin/../lib/gcc/i686-w64-mingw32/5.2.0/../../../../i686-w64-mingw32/lib/../lib/libgdi32.a(dwlct.o)
 .bss           0x0040a038        0x0 C:/Program Files (x86)/mingw-w64/i686-5.2.0-posix-dwarf-rt_v4-rev0/mingw32/bin/../lib/gcc/i686-w64-mingw32/5.2.0/../../../../i686-w64-mingw32/lib/../lib/libmingw32.a(lib32_libmingw32_a-atonexit.o)
 .bss           0x0040a038        0x4 C:/Program Files (x86)/mingw-w64/i686-5.2.0-posix-dwarf-rt_v4-rev0/mingw32/bin/../lib/gcc/i686-w64-mingw32/5.2.0/../../../../i686-w64-mingw32/lib/../lib/libmingw32.a(lib32_libmingw32_a-gccmain.o)
 .bss           0x0040a03c        0x0 C:/Program Files (x86)/mingw-w64/i686-5.2.0-posix-dwarf-rt_v4-rev0/mingw32/bin/../lib/gcc/i686-w64-mingw32/5.2.0/../../../../i686-w64-mingw32/lib/../lib/libmingw32.a(lib32_libmingw32_a-natstart.o)
 .bss           0x0040a03c        0x0 C:/Program Files (x86)/mingw-w64/i686-5.2.0-posix-dwarf-rt_v4-rev0/mingw32/bin/../lib/gcc/i686-w64-mingw32/5.2.0/../../../../i686-w64-mingw32/lib/../lib/libmingw32.a(lib32_libmingw32_a-wildcard.o)
 .bss           0x0040a03c        0x4 C:/Program Files (x86)/mingw-w64/i686-5.2.0-posix-dwarf-rt_v4-rev0/mingw32/bin/../lib/gcc/i686-w64-mingw32/5.2.0/../../../../i686-w64-mingw32/lib/../lib/libmingw32.a(lib32_libmingw32_a-charmax.o)
                0x0040a03c                mingw_initcharmax
 .bss           0x0040a040        0x0 C:/Program Files (x86)/mingw-w64/i686-5.2.0-posix-dwarf-rt_v4-rev0/mingw32/bin/../lib/gcc/i686-w64-mingw32/5.2.0/../../../../i686-w64-mingw32/lib/../lib/libmingw32.a(lib32_libmingw32_a-dllargv.o)
 .bss           0x0040a040      0x380 C:/Program Files (x86)/mingw-w64/i686-5.2.0-posix-dwarf-rt_v4-rev0/mingw32/bin/../lib/gcc/i686-w64-mingw32/5.2.0/../../../../i686-w64-mingw32/lib/../lib/libmingw32.a(lib32_libmingw32_a-gs_support.o)
 .bss           0x0040a3c0        0x4 C:/Program Files (x86)/mingw-w64/i686-5.2.0-posix-dwarf-rt_v4-rev0/mingw32/bin/../lib/gcc/i686-w64-mingw32/5.2.0/../../../../i686-w64-mingw32/lib/../lib/libmingw32.a(lib32_libmingw32_a-_newmode.o)
                0x0040a3c0                _newmode
 .bss           0x0040a3c4       0x10 C:/Program Files (x86)/mingw-w64/i686-5.2.0-posix-dwarf-rt_v4-rev0/mingw32/bin/../lib/gcc/i686-w64-mingw32/5.2.0/../../../../i686-w64-mingw32/lib/../lib/libmingw32.a(lib32_libmingw32_a-tlssup.o)
                0x0040a3c4                mingw_initltssuo_force
                0x0040a3c8                mingw_initltsdyn_force
                0x0040a3cc                mingw_initltsdrot_force
                0x0040a3d0                _tls_index
 .bss           0x0040a3d4        0x0 C:/Program Files (x86)/mingw-w64/i686-5.2.0-posix-dwarf-rt_v4-rev0/mingw32/bin/../lib/gcc/i686-w64-mingw32/5.2.0/../../../../i686-w64-mingw32/lib/../lib/libmingw32.a(lib32_libmingw32_a-cinitexe.o)
 .bss           0x0040a3d4        0x4 C:/Program Files (x86)/mingw-w64/i686-5.2.0-posix-dwarf-rt_v4-rev0/mingw32/bin/../lib/gcc/i686-w64-mingw32/5.2.0/../../../../i686-w64-mingw32/lib/../lib/libmingw32.a(lib32_libmingw32_a-merr.o)
 .bss           0x0040a3d8        0x0 C:/Program Files (x86)/mingw-w64/i686-5.2.0-posix-dwarf-rt_v4-rev0/mingw32/bin/../lib/gcc/i686-w64-mingw32/5.2.0/../../../../i686-w64-mingw32/lib/../lib/libmingw32.a(lib32_libmingw32_a-CRT_fp10.o)
 .bss           0x0040a3d8        0x4 C:/Program Files (x86)/mingw-w64/i686-5.2.0-posix-dwarf-rt_v4-rev0/mingw32/bin/../lib/gcc/i686-w64-mingw32/5.2.0/../../../../i686-w64-mingw32/lib/../lib/libmingw32.a(lib32_libmingw32_a-mingw_helpers.o)
                0x0040a3d8                mingw_app_type
 .bss           0x0040a3dc        0xc C:/Program Files (x86)/mingw-w64/i686-5.2.0-posix-dwarf-rt_v4-rev0/mingw32/bin/../lib/gcc/i686-w64-mingw32/5.2.0/../../../../i686-w64-mingw32/lib/../lib/libmingw32.a(lib32_libmingw32_a-pseudo-reloc.o)
 .bss           0x0040a3e8        0x4 C:/Program Files (x86)/mingw-w64/i686-5.2.0-posix-dwarf-rt_v4-rev0/mingw32/bin/../lib/gcc/i686-w64-mingw32/5.2.0/../../../../i686-w64-mingw32/lib/../lib/libmingw32.a(lib32_libmingw32_a-xtxtmode.o)
                0x0040a3e8                _fmode
 .bss           0x0040a3ec        0x4 C:/Program Files (x86)/mingw-w64/i686-5.2.0-posix-dwarf-rt_v4-rev0/mingw32/bin/../lib/gcc/i686-w64-mingw32/5.2.0/../../../../i686-w64-mingw32/lib/../lib/libmingw32.a(lib32_libmingw32_a-crt_handler.o)
                0x0040a3ec                __mingw_oldexcpt_handler
 .bss           0x0040a3f0       0x20 C:/Program Files (x86)/mingw-w64/i686-5.2.0-posix-dwarf-rt_v4-rev0/mingw32/bin/../lib/gcc/i686-w64-mingw32/5.2.0/../../../../i686-w64-mingw32/lib/../lib/libmingw32.a(lib32_libmingw32_a-tlsthrd.o)
 .bss           0x0040a410        0x0 C:/Program Files (x86)/mingw-w64/i686-5.2.0-posix-dwarf-rt_v4-rev0/mingw32/bin/../lib/gcc/i686-w64-mingw32/5.2.0/../../../../i686-w64-mingw32/lib/../lib/libmingw32.a(lib32_libmingw32_a-tlsmcrt.o)