Archive member included to satisfy reference by file (symbol)

c:/Program Files (x86)/mingw-w64/i686-5.2.0-posix-dwarf-rt_v4-rev0/mingw32/bin/../lib/gcc/i686-w64-mingw32/5.2.0/libstdc++.dll.a(d005750.o)
                              gtest-all.o (__cxa_pure_virtual)
c:/Program Files (x86)/mingw-w64/i686-5.2.0-posix-dwarf-rt_v4-rev0/mingw32/bin/../lib/gcc/i686-w64-mingw32/5.2.0/libstdc++.dll.a(d005727.o)
                              gtest-all.o (operator new(unsigned int))
c:/Program Files (x86)/mingw-w64/i686-5.2.0-posix-dwarf-rt_v4-rev0/mingw32/bin/../lib/gcc/i686-w64-mingw32/5.2.0/libstdc++.dll.a(d005725.o)
                              gtest-all.o (operator new[](unsigned int))
c:/Program Files (x86)/mingw-w64/i686-5.2.0-posix-dwarf-rt_v4-rev0/mingw32/bin/../lib/gcc/i686-w64-mingw32/5.2.0/libstdc++.dll.a(d005722.o)
                              gtest-all.o (operator delete(void*))
c:/Program Files (x86)/mingw-w64/i686-5.2.0-posix-dwarf-rt_v4-rev0/mingw32/bin/../lib/gcc/i686-w64-mingw32/5.2.0/libstdc++.dll.a(d005719.o)
                              gtest-all.o (operator delete[](void*))
c:/Program Files (x86)/mingw-w64/i686-5.2.0-posix-dwarf-rt_v4-rev0/mingw32/bin/../lib/gcc/i686-w64-mingw32/5.2.0/libstdc++.dll.a(d005457.o)
                              (__imp___ZTVN10__cxxabiv120__si_class_type_infoE)
c:/Program Files (x86)/mingw-w64/i686-5.2.0-posix-dwarf-rt_v4-rev0/mingw32/bin/../lib/gcc/i686-w64-mingw32/5.2.0/libstdc++.dll.a(d005452.o)
                              (__imp___ZTVN10__cxxabiv117__class_type_infoE)
c:/Program Files (x86)/mingw-w64/i686-5.2.0-posix-dwarf-rt_v4-rev0/mingw32/bin/../lib/gcc/i686-w64-mingw32/5.2.0/libstdc++.dll.a(d004783.o)
                              gtest-all.o (std::basic_ostream<char, std::char_traits<char> >& std::operator<< <char, std::char_traits<char>, std::allocator<char> >(std::basic_ostream<char, std::char_traits<char> >&, std::__cxx11::basic_string<char, std::char_traits<char>, std::allocator<char> > const&))
c:/Program Files (x86)/mingw-w64/i686-5.2.0-posix-dwarf-rt_v4-rev0/mingw32/bin/../lib/gcc/i686-w64-mingw32/5.2.0/libstdc++.dll.a(d004782.o)
                              gtest-all.o (std::basic_ostream<char, std::char_traits<char> >& std::operator<< <char, std::char_traits<char> >(std::basic_ostream<char, std::char_traits<char> >&, std::_Setfill<char>))
c:/Program Files (x86)/mingw-w64/i686-5.2.0-posix-dwarf-rt_v4-rev0/mingw32/bin/../lib/gcc/i686-w64-mingw32/5.2.0/libstdc++.dll.a(d004778.o)
                              gtest-all.o (std::basic_ostream<char, std::char_traits<char> >& std::operator<< <char, std::char_traits<char> >(std::basic_ostream<char, std::char_traits<char> >&, std::_Setprecision))
c:/Program Files (x86)/mingw-w64/i686-5.2.0-posix-dwarf-rt_v4-rev0/mingw32/bin/../lib/gcc/i686-w64-mingw32/5.2.0/libstdc++.dll.a(d004775.o)
                              gtest-all.o (std::basic_ostream<char, std::char_traits<char> >& std::operator<< <std::char_traits<char> >(std::basic_ostream<char, std::char_traits<char> >&, char))
c:/Program Files (x86)/mingw-w64/i686-5.2.0-posix-dwarf-rt_v4-rev0/mingw32/bin/../lib/gcc/i686-w64-mingw32/5.2.0/libstdc++.dll.a(d004772.o)
                              gtest-all.o (std::basic_ostream<char, std::char_traits<char> >& std::operator<< <std::char_traits<char> >(std::basic_ostream<char, std::char_traits<char> >&, char const*))
c:/Program Files (x86)/mingw-w64/i686-5.2.0-posix-dwarf-rt_v4-rev0/mingw32/bin/../lib/gcc/i686-w64-mingw32/5.2.0/libstdc++.dll.a(d004664.o)
                              gtest-all.o (std::basic_ostream<char, std::char_traits<char> >& std::endl<char, std::char_traits<char> >(std::basic_ostream<char, std::char_traits<char> >&))
c:/Program Files (x86)/mingw-w64/i686-5.2.0-posix-dwarf-rt_v4-rev0/mingw32/bin/../lib/gcc/i686-w64-mingw32/5.2.0/libstdc++.dll.a(d004663.o)
                              (__imp___ZSt4cout)
c:/Program Files (x86)/mingw-w64/i686-5.2.0-posix-dwarf-rt_v4-rev0/mingw32/bin/../lib/gcc/i686-w64-mingw32/5.2.0/libstdc++.dll.a(d004661.o)
                              (__imp___ZSt4cerr)
c:/Program Files (x86)/mingw-w64/i686-5.2.0-posix-dwarf-rt_v4-rev0/mingw32/bin/../lib/gcc/i686-w64-mingw32/5.2.0/libstdc++.dll.a(d004657.o)
                              gtest-all.o (std::_Rb_tree_insert_and_rebalance(bool, std::_Rb_tree_node_base*, std::_Rb_tree_node_base*, std::_Rb_tree_node_base&))
c:/Program Files (x86)/mingw-w64/i686-5.2.0-posix-dwarf-rt_v4-rev0/mingw32/bin/../lib/gcc/i686-w64-mingw32/5.2.0/libstdc++.dll.a(d004653.o)
                              gtest-all.o (std::__throw_out_of_range_fmt(char const*, ...))
c:/Program Files (x86)/mingw-w64/i686-5.2.0-posix-dwarf-rt_v4-rev0/mingw32/bin/../lib/gcc/i686-w64-mingw32/5.2.0/libstdc++.dll.a(d004641.o)
                              gtest-all.o (std::__throw_length_error(char const*))
c:/Program Files (x86)/mingw-w64/i686-5.2.0-posix-dwarf-rt_v4-rev0/mingw32/bin/../lib/gcc/i686-w64-mingw32/5.2.0/libstdc++.dll.a(d004634.o)
[...]
Memory Configuration

Name             Origin             Length             Attributes
*default*        0x00000000         0xffffffff

Linker script and memory map

                0x00400000                __image_base__ = 0x400000
                0x00000000                __dll__ = 0x0
                0x00400000                ___ImageBase = 0x400000
                0x00001000                __section_alignment__ = 0x1000
                0x00000200                __file_alignment__ = 0x200
                0x00000004                __major_os_version__ = 0x4
                0x00000000                __minor_os_version__ = 0x0
                0x00000001                __major_image_version__ = 0x1
                0x00000000                __minor_image_version__ = 0x0
                0x00000004                __major_subsystem_version__ = 0x4
                0x00000000                __minor_subsystem_version__ = 0x0
                0x00000003                __subsystem__ = 0x3
                0x00200000                __size_of_stack_reserve__ = 0x200000
                0x00001000                __size_of_stack_commit__ = 0x1000
                0x00100000                __size_of_heap_reserve__ = 0x100000
                0x00001000                __size_of_heap_commit__ = 0x1000
                0x00000000                __loader_flags__ = 0x0
                0x00000000                __dll_characteristics__ = 0x0
LOAD c:/Program Files (x86)/mingw-w64/i686-5.2.0-posix-dwarf-rt_v4-rev0/mingw32/bin/../lib/gcc/i686-w64-mingw32/5.2.0/../../../../i686-w64-mingw32/lib/../lib/crt2.o
LOAD c:/Program Files (x86)/mingw-w64/i686-5.2.0-posix-dwarf-rt_v4-rev0/mingw32/bin/../lib/gcc/i686-w64-mingw32/5.2.0/crtbegin.o
LOAD string20bugs.o
LOAD gtest-all.o
LOAD main.o
LOAD win.o
LOAD c:/Program Files (x86)/mingw-w64/i686-5.2.0-posix-dwarf-rt_v4-rev0/mingw32/bin/../lib/gcc/i686-w64-mingw32/5.2.0/../../../../i686-w64-mingw32/lib/../lib/libgdi32.a
LOAD c:/Program Files (x86)/mingw-w64/i686-5.2.0-posix-dwarf-rt_v4-rev0/mingw32/bin/../lib/gcc/i686-w64-mingw32/5.2.0/libstdc++.dll.a
LOAD c:/Program Files (x86)/mingw-w64/i686-5.2.0-posix-dwarf-rt_v4-rev0/mingw32/bin/../lib/gcc/i686-w64-mingw32/5.2.0/../../../../i686-w64-mingw32/lib/../lib/libmingw32.a
LOAD c:/Program Files (x86)/mingw-w64/i686-5.2.0-posix-dwarf-rt_v4-rev0/mingw32/bin/../lib/gcc/i686-w64-mingw32/5.2.0/../../../../i686-w64-mingw32/lib/../lib/libgcc_s.a
LOAD c:/Program Files (x86)/mingw-w64/i686-5.2.0-posix-dwarf-rt_v4-rev0/mingw32/bin/../lib/gcc/i686-w64-mingw32/5.2.0/libgcc.a
LOAD c:/Program Files (x86)/mingw-w64/i686-5.2.0-posix-dwarf-rt_v4-rev0/mingw32/bin/../lib/gcc/i686-w64-mingw32/5.2.0/../../../../i686-w64-mingw32/lib/../lib/libmoldname.a
LOAD c:/Program Files (x86)/mingw-w64/i686-5.2.0-posix-dwarf-rt_v4-rev0/mingw32/bin/../lib/gcc/i686-w64-mingw32/5.2.0/../../../../i686-w64-mingw32/lib/../lib/libmingwex.a
LOAD c:/Program Files (x86)/mingw-w64/i686-5.2.0-posix-dwarf-rt_v4-rev0/mingw32/bin/../lib/gcc/i686-w64-mingw32/5.2.0/../../../../i686-w64-mingw32/lib/../lib/libmsvcrt.a
LOAD c:/Program Files (x86)/mingw-w64/i686-5.2.0-posix-dwarf-rt_v4-rev0/mingw32/bin/../lib/gcc/i686-w64-mingw32/5.2.0/../../../../i686-w64-mingw32/lib/../lib/libpthread.dll.a
LOAD c:/Program Files (x86)/mingw-w64/i686-5.2.0-posix-dwarf-rt_v4-rev0/mingw32/bin/../lib/gcc/i686-w64-mingw32/5.2.0/../../../../i686-w64-mingw32/lib/../lib/libadvapi32.a
LOAD c:/Program Files (x86)/mingw-w64/i686-5.2.0-posix-dwarf-rt_v4-rev0/mingw32/bin/../lib/gcc/i686-w64-mingw32/5.2.0/../../../../i686-w64-mingw32/lib/../lib/libshell32.a
LOAD c:/Program Files (x86)/mingw-w64/i686-5.2.0-posix-dwarf-rt_v4-rev0/mingw32/bin/../lib/gcc/i686-w64-mingw32/5.2.0/../../../../i686-w64-mingw32/lib/../lib/libuser32.a
LOAD c:/Program Files (x86)/mingw-w64/i686-5.2.0-posix-dwarf-rt_v4-rev0/mingw32/bin/../lib/gcc/i686-w64-mingw32/5.2.0/../../../../i686-w64-mingw32/lib/../lib/libkernel32.a
LOAD c:/Program Files (x86)/mingw-w64/i686-5.2.0-posix-dwarf-rt_v4-rev0/mingw32/bin/../lib/gcc/i686-w64-mingw32/5.2.0/../../../../i686-w64-mingw32/lib/../lib/libiconv.a
LOAD c:/Program Files (x86)/mingw-w64/i686-5.2.0-posix-dwarf-rt_v4-rev0/mingw32/bin/../lib/gcc/i686-w64-mingw32/5.2.0/../../../../i686-w64-mingw32/lib/../lib/libmingw32.a
LOAD c:/Program Files (x86)/mingw-w64/i686-5.2.0-posix-dwarf-rt_v4-rev0/mingw32/bin/../lib/gcc/i686-w64-mingw32/5.2.0/../../../../i686-w64-mingw32/lib/../lib/libgcc_s.a
LOAD c:/Program Files (x86)/mingw-w64/i686-5.2.0-posix-dwarf-rt_v4-rev0/mingw32/bin/../lib/gcc/i686-w64-mingw32/5.2.0/libgcc.a
LOAD c:/Program Files (x86)/mingw-w64/i686-5.2.0-posix-dwarf-rt_v4-rev0/mingw32/bin/../lib/gcc/i686-w64-mingw32/5.2.0/../../../../i686-w64-mingw32/lib/../lib/libmoldname.a
LOAD c:/Program Files (x86)/mingw-w64/i686-5.2.0-posix-dwarf-rt_v4-rev0/mingw32/bin/../lib/gcc/i686-w64-mingw32/5.2.0/../../../../i686-w64-mingw32/lib/../lib/libmingwex.a
LOAD c:/Program Files (x86)/mingw-w64/i686-5.2.0-posix-dwarf-rt_v4-rev0/mingw32/bin/../lib/gcc/i686-w64-mingw32/5.2.0/../../../../i686-w64-mingw32/lib/../lib/libmsvcrt.a
LOAD c:/Program Files (x86)/mingw-w64/i686-5.2.0-posix-dwarf-rt_v4-rev0/mingw32/bin/../lib/gcc/i686-w64-mingw32/5.2.0/crtend.o
                0x00000380                . = SIZEOF_HEADERS
                0x00001000                . = ALIGN (__section_alignment__)

.text           0x00401000    0x18600
 *(.init)
 *(.text)
 .text          0x00401000      0x500 c:/Program Files (x86)/mingw-w64/i686-5.2.0-posix-dwarf-rt_v4-rev0/mingw32/bin/../lib/gcc/i686-w64-mingw32/5.2.0/../../../../i686-w64-mingw32/lib/../lib/crt2.o
                0x004014c0                WinMainCRTStartup
                0x004014e0                mainCRTStartup
 .text          0x00401500      0x130 c:/Program Files (x86)/mingw-w64/i686-5.2.0-posix-dwarf-rt_v4-rev0/mingw32/bin/../lib/gcc/i686-w64-mingw32/5.2.0/crtbegin.o
                0x00401500                __gcc_register_frame
                0x00401600                __gcc_deregister_frame
 .text          0x00401630        0x0 string20bugs.o
 .text          0x00401630        0x0 gtest-all.o
 .text          0x00401630        0x0 main.o
 .text          0x00401630        0x0 win.o
 .text          0x00401630        0x8 c:/Program Files (x86)/mingw-w64/i686-5.2.0-posix-dwarf-rt_v4-rev0/mingw32/bin/../lib/gcc/i686-w64-mingw32/5.2.0/libstdc++.dll.a(d005750.o)
                0x00401630                __cxa_pure_virtual
 .text          0x00401638        0x8 c:/Program Files (x86)/mingw-w64/i686-5.2.0-posix-dwarf-rt_v4-rev0/mingw32/bin/../lib/gcc/i686-w64-mingw32/5.2.0/libstdc++.dll.a(d005727.o)
                0x00401638                operator new(unsigned int)
 .text          0x00401640        0x8 c:/Program Files (x86)/mingw-w64/i686-5.2.0-posix-dwarf-rt_v4-rev0/mingw32/bin/../lib/gcc/i686-w64-mingw32/5.2.0/libstdc++.dll.a(d005725.o)
                0x00401640                operator new[](unsigned int)
 .text          0x00401648        0x8 c:/Program Files (x86)/mingw-w64/i686-5.2.0-posix-dwarf-rt_v4-rev0/mingw32/bin/../lib/gcc/i686-w64-mingw32/5.2.0/libstdc++.dll.a(d005722.o)
                0x00401648                operator delete(void*)
 .text          0x00401650        0x8 c:/Program Files (x86)/mingw-w64/i686-5.2.0-posix-dwarf-rt_v4-rev0/mingw32/bin/../lib/gcc/i686-w64-mingw32/5.2.0/libstdc++.dll.a(d005719.o)
                0x00401650                operator delete[](void*)
 .text          0x00401658        0x0 c:/Program Files (x86)/mingw-w64/i686-5.2.0-posix-dwarf-rt_v4-rev0/mingw32/bin/../lib/gcc/i686-w64-mingw32/5.2.0/libstdc++.dll.a(d005457.o)
 .text          0x00401658        0x0 c:/Program Files (x86)/mingw-w64/i686-5.2.0-posix-dwarf-rt_v4-rev0/mingw32/bin/../lib/gcc/i686-w64-mingw32/5.2.0/libstdc++.dll.a(d005452.o)
 .text          0x00401658        0x8 c:/Program Files (x86)/mingw-w64/i686-5.2.0-posix-dwarf-rt_v4-rev0/mingw32/bin/../lib/gcc/i686-w64-mingw32/5.2.0/libstdc++.dll.a(d004783.o)
                0x00401658                std::basic_ostream<char, std::char_traits<char> >& std::operator<< <char, std::char_traits<char>, std::allocator<char> >(std::basic_ostream<char, std::char_traits<char> >&, std::__cxx11::basic_string<char, std::char_traits<char>, std::allocator<char> > const&)
 .text          0x00401660        0x8 c:/Program Files (x86)/mingw-w64/i686-5.2.0-posix-dwarf-rt_v4-rev0/mingw32/bin/../lib/gcc/i686-w64-mingw32/5.2.0/libstdc++.dll.a(d004782.o)
                0x00401660                std::basic_ostream<char, std::char_traits<char> >& std::operator<< <char, std::char_traits<char> >(std::basic_ostream<char, std::char_traits<char> >&, std::_Setfill<char>)
 .text          0x00401668        0x8 c:/Program Files (x86)/mingw-w64/i686-5.2.0-posix-dwarf-rt_v4-rev0/mingw32/bin/../lib/gcc/i686-w64-mingw32/5.2.0/libstdc++.dll.a(d004778.o)
                0x00401668                std::basic_ostream<char, std::char_traits<char> >& std::operator<< <char, std::char_traits<char> >(std::basic_ostream<char, std::char_traits<char> >&, std::_Setprecision)
 .text          0x00401670        0x8 c:/Program Files (x86)/mingw-w64/i686-5.2.0-posix-dwarf-rt_v4-rev0/mingw32/bin/../lib/gcc/i686-w64-mingw32/5.2.0/libstdc++.dll.a(d004775.o)
                0x00401670                std::basic_ostream<char, std::char_traits<char> >& std::operator<< <std::char_traits<char> >(std::basic_ostream<char, std::char_traits<char> >&, char)
 .text          0x00401678        0x8 c:/Program Files (x86)/mingw-w64/i686-5.2.0-posix-dwarf-rt_v4-rev0/mingw32/bin/../lib/gcc/i686-w64-mingw32/5.2.0/libstdc++.dll.a(d004772.o)
                0x00401678                std::basic_ostream<char, std::char_traits<char> >& std::operator<< <std::char_traits<char> >(std::basic_ostream<char, std::char_traits<char> >&, char const*)
 .text          0x00401680        0x8 c:/Program Files (x86)/mingw-w64/i686-5.2.0-posix-dwarf-rt_v4-rev0/mingw32/bin/../lib/gcc/i686-w64-mingw32/5.2.0/libstdc++.dll.a(d004664.o)
                0x00401680                std::basic_ostream<char, std::char_traits<char> >& std::endl<char, std::char_traits<char> >(std::basic_ostream<char, std::char_traits<char> >&)
 .text          0x00401688        0x0 c:/Program Files (x86)/mingw-w64/i686-5.2.0-posix-dwarf-rt_v4-rev0/mingw32/bin/../lib/gcc/i686-w64-mingw32/5.2.0/libstdc++.dll.a(d004663.o)
 .text          0x00401688        0x0 c:/Program Files (x86)/mingw-w64/i686-5.2.0-posix-dwarf-rt_v4-rev0/mingw32/bin/../lib/gcc/i686-w64-mingw32/5.2.0/libstdc++.dll.a(d004661.o)
 .text          0x00401688        0x8 c:/Program Files (x86)/mingw-w64/i686-5.2.0-posix-dwarf-rt_v4-rev0/mingw32/bin/../lib/gcc/i686-w64-mingw32/5.2.0/libstdc++.dll.a(d004657.o)
                0x00401688                std::_Rb_tree_insert_and_rebalance(bool, std::_Rb_tree_node_base*, std::_Rb_tree_node_base*, std::_Rb_tree_node_base&)
 .text          0x00401690        0x8 c:/Program Files (x86)/mingw-w64/i686-5.2.0-posix-dwarf-rt_v4-rev0/mingw32/bin/../lib/gcc/i686-w64-mingw32/5.2.0/libstdc++.dll.a(d004653.o)
                0x00401690                std::__throw_out_of_range_fmt(char const*, ...)
 .text          0x00401698        0x8 c:/Program Files (x86)/mingw-w64/i686-5.2.0-posix-dwarf-rt_v4-rev0/mingw32/bin/../lib/gcc/i686-w64-mingw32/5.2.0/libstdc++.dll.a(d004641.o)
                0x00401698                std::__throw_length_error(char const*)
 .text          0x004016a0        0x8 c:/Program Files (x86)/mingw-w64/i686-5.2.0-posix-dwarf-rt_v4-rev0/mingw32/bin/../lib/gcc/i686-w64-mingw32/5.2.0/libstdc++.dll.a(d004634.o)
                0x004016a0                std::__throw_logic_error(char const*)
 .text          0x004016a8        0x8 c:/Program Files (x86)/mingw-w64/i686-5.2.0-posix-dwarf-rt_v4-rev0/mingw32/bin/../lib/gcc/i686-w64-mingw32/5.2.0/libstdc++.dll.a(d004629.o)
                0x004016a8                std::_Rb_tree_increment(std::_Rb_tree_node_base const*)
 .text          0x004016b0        0x8 c:/Program Files (x86)/mingw-w64/i686-5.2.0-posix-dwarf-rt_v4-rev0/mingw32/bin/../lib/gcc/i686-w64-mingw32/5.2.0/libstdc++.dll.a(d004628.o)
                0x004016b0                std::_Rb_tree_decrement(std::_Rb_tree_node_base*)
 .text          0x004016b8        0x8 c:/Program Files (x86)/mingw-w64/i686-5.2.0-posix-dwarf-rt_v4-rev0/mingw32/bin/../lib/gcc/i686-w64-mingw32/5.2.0/libstdc++.dll.a(d004621.o)
                0x004016b8                std::__throw_bad_alloc()
 .text          0x004016c0        0x8 c:/Program Files (x86)/mingw-w64/i686-5.2.0-posix-dwarf-rt_v4-rev0/mingw32/bin/../lib/gcc/i686-w64-mingw32/5.2.0/libstdc++.dll.a(d004378.o)
                0x004016c0                std::ios_base::Init::~Init()
 .text          0x004016c8        0x8 c:/Program Files (x86)/mingw-w64/i686-5.2.0-posix-dwarf-rt_v4-rev0/mingw32/bin/../lib/gcc/i686-w64-mingw32/5.2.0/libstdc++.dll.a(d004376.o)
                0x004016c8                std::ios_base::Init::Init()
 .text          0x004016d0        0x8 c:/Program Files (x86)/mingw-w64/i686-5.2.0-posix-dwarf-rt_v4-rev0/mingw32/bin/../lib/gcc/i686-w64-mingw32/5.2.0/libstdc++.dll.a(d004130.o)
                0x004016d0                std::__cxx11::basic_stringstream<char, std::char_traits<char>, std::allocator<char> >::~basic_stringstream()
 .text          0x004016d8        0x8 c:/Program Files (x86)/mingw-w64/i686-5.2.0-posix-dwarf-rt_v4-rev0/mingw32/bin/../lib/gcc/i686-w64-mingw32/5.2.0/libstdc++.dll.a(d004125.o)
                0x004016d8                std::__cxx11::basic_stringstream<char, std::char_traits<char>, std::allocator<char> >::basic_stringstream(std::_Ios_Openmode)
 .text          0x004016e0        0x8 c:/Program Files (x86)/mingw-w64/i686-5.2.0-posix-dwarf-rt_v4-rev0/mingw32/bin/../lib/gcc/i686-w64-mingw32/5.2.0/libstdc++.dll.a(d003930.o)
                0x004016e0                std::__cxx11::basic_string<wchar_t, std::char_traits<wchar_t>, std::allocator<wchar_t> >::_M_create(unsigned int&, unsigned int)
 .text          0x004016e8        0x8 c:/Program Files (x86)/mingw-w64/i686-5.2.0-posix-dwarf-rt_v4-rev0/mingw32/bin/../lib/gcc/i686-w64-mingw32/5.2.0/libstdc++.dll.a(d003853.o)
                0x004016e8                std::__cxx11::basic_string<wchar_t, std::char_traits<wchar_t>, std::allocator<wchar_t> >::_S_copy_chars(wchar_t*, wchar_t const*, wchar_t const*)
 .text          0x004016f0        0x8 c:/Program Files (x86)/mingw-w64/i686-5.2.0-posix-dwarf-rt_v4-rev0/mingw32/bin/../lib/gcc/i686-w64-mingw32/5.2.0/libstdc++.dll.a(d003850.o)
                0x004016f0                std::__cxx11::basic_string<wchar_t, std::char_traits<wchar_t>, std::allocator<wchar_t> >::_M_set_length(unsigned int)
 .text          0x004016f8        0x8 c:/Program Files (x86)/mingw-w64/i686-5.2.0-posix-dwarf-rt_v4-rev0/mingw32/bin/../lib/gcc/i686-w64-mingw32/5.2.0/libstdc++.dll.a(d003838.o)
                0x004016f8                std::__cxx11::basic_string<wchar_t, std::char_traits<wchar_t>, std::allocator<wchar_t> >::_M_dispose()
 .text          0x00401700        0x8 c:/Program Files (x86)/mingw-w64/i686-5.2.0-posix-dwarf-rt_v4-rev0/mingw32/bin/../lib/gcc/i686-w64-mingw32/5.2.0/libstdc++.dll.a(d003834.o)
                0x00401700                std::__cxx11::basic_string<char, std::char_traits<char>, std::allocator<char> >::operator+=(std::__cxx11::basic_string<char, std::char_traits<char>, std::allocator<char> > const&)
 .text          0x00401708        0x8 c:/Program Files (x86)/mingw-w64/i686-5.2.0-posix-dwarf-rt_v4-rev0/mingw32/bin/../lib/gcc/i686-w64-mingw32/5.2.0/libstdc++.dll.a(d003833.o)
                0x00401708                std::__cxx11::basic_string<char, std::char_traits<char>, std::allocator<char> >::operator+=(char const*)
 .text          0x00401710        0x8 c:/Program Files (x86)/mingw-w64/i686-5.2.0-posix-dwarf-rt_v4-rev0/mingw32/bin/../lib/gcc/i686-w64-mingw32/5.2.0/libstdc++.dll.a(d003828.o)
                0x00401710                std::__cxx11::basic_string<char, std::char_traits<char>, std::allocator<char> >::operator=(char const*)
 .text          0x00401718        0x8 c:/Program Files (x86)/mingw-w64/i686-5.2.0-posix-dwarf-rt_v4-rev0/mingw32/bin/../lib/gcc/i686-w64-mingw32/5.2.0/libstdc++.dll.a(d003800.o)
                0x00401718                std::__cxx11::basic_string<char, std::char_traits<char>, std::allocator<char> >::basic_string(std::__cxx11::basic_string<char, std::char_traits<char>, std::allocator<char> > const&)
 .text          0x00401720        0x8 c:/Program Files (x86)/mingw-w64/i686-5.2.0-posix-dwarf-rt_v4-rev0/mingw32/bin/../lib/gcc/i686-w64-mingw32/5.2.0/libstdc++.dll.a(d003795.o)
                0x00401720                std::__cxx11::basic_string<char, std::char_traits<char>, std::allocator<char> >::basic_string(std::__cxx11::basic_string<char, std::char_traits<char>, std::allocator<char> >&&)
 .text          0x00401728        0x8 c:/Program Files (x86)/mingw-w64/i686-5.2.0-posix-dwarf-rt_v4-rev0/mingw32/bin/../lib/gcc/i686-w64-mingw32/5.2.0/libstdc++.dll.a(d003794.o)
                0x00401728                std::__cxx11::basic_string<char, std::char_traits<char>, std::allocator<char> >::push_back(char)
 .text          0x00401730        0x8 c:/Program Files (x86)/mingw-w64/i686-5.2.0-posix-dwarf-rt_v4-rev0/mingw32/bin/../lib/gcc/i686-w64-mingw32/5.2.0/libstdc++.dll.a(d003790.o)
                0x00401730                std::__cxx11::basic_string<char, std::char_traits<char>, std::allocator<char> >::_M_create(unsigned int&, unsigned int)
 .text          0x00401738        0x8 c:/Program Files (x86)/mingw-w64/i686-5.2.0-posix-dwarf-rt_v4-rev0/mingw32/bin/../lib/gcc/i686-w64-mingw32/5.2.0/libstdc++.dll.a(d003789.o)
                0x00401738                std::__cxx11::basic_string<char, std::char_traits<char>, std::allocator<char> >::_M_assign(std::__cxx11::basic_string<char, std::char_traits<char>, std::allocator<char> > const&)
 .text          0x00401740        0x8 c:/Program Files (x86)/mingw-w64/i686-5.2.0-posix-dwarf-rt_v4-rev0/mingw32/bin/../lib/gcc/i686-w64-mingw32/5.2.0/libstdc++.dll.a(d003785.o)
                0x00401740                std::__cxx11::basic_string<char, std::char_traits<char>, std::allocator<char> >::reserve(unsigned int)
 .text          0x00401748        0x8 c:/Program Files (x86)/mingw-w64/i686-5.2.0-posix-dwarf-rt_v4-rev0/mingw32/bin/../lib/gcc/i686-w64-mingw32/5.2.0/libstdc++.dll.a(d003753.o)
                0x00401748                std::__cxx11::basic_string<char, std::char_traits<char>, std::allocator<char> >::insert(unsigned int, std::__cxx11::basic_string<char, std::char_traits<char>, std::allocator<char> > const&)
 .text          0x00401750        0x8 c:/Program Files (x86)/mingw-w64/i686-5.2.0-posix-dwarf-rt_v4-rev0/mingw32/bin/../lib/gcc/i686-w64-mingw32/5.2.0/libstdc++.dll.a(d003751.o)
                0x00401750                std::__cxx11::basic_string<char, std::char_traits<char>, std::allocator<char> >::insert(unsigned int, char const*)
 .text          0x00401758        0x8 c:/Program Files (x86)/mingw-w64/i686-5.2.0-posix-dwarf-rt_v4-rev0/mingw32/bin/../lib/gcc/i686-w64-mingw32/5.2.0/libstdc++.dll.a(d003738.o)
                0x00401758                std::__cxx11::basic_string<char, std::char_traits<char>, std::allocator<char> >::append(unsigned int, char)
 .text          0x00401760        0x8 c:/Program Files (x86)/mingw-w64/i686-5.2.0-posix-dwarf-rt_v4-rev0/mingw32/bin/../lib/gcc/i686-w64-mingw32/5.2.0/libstdc++.dll.a(d003735.o)
                0x00401760                std::__cxx11::basic_string<char, std::char_traits<char>, std::allocator<char> >::append(std::__cxx11::basic_string<char, std::char_traits<char>, std::allocator<char> > const&)
 .text          0x00401768        0x8 c:/Program Files (x86)/mingw-w64/i686-5.2.0-posix-dwarf-rt_v4-rev0/mingw32/bin/../lib/gcc/i686-w64-mingw32/5.2.0/libstdc++.dll.a(d003734.o)
                0x00401768                std::__cxx11::basic_string<char, std::char_traits<char>, std::allocator<char> >::append(char const*, unsigned int)
 .text          0x00401770        0x8 c:/Program Files (x86)/mingw-w64/i686-5.2.0-posix-dwarf-rt_v4-rev0/mingw32/bin/../lib/gcc/i686-w64-mingw32/5.2.0/libstdc++.dll.a(d003733.o)
                0x00401770                std::__cxx11::basic_string<char, std::char_traits<char>, std::allocator<char> >::append(char const*)
 .text          0x00401778        0x8 c:/Program Files (x86)/mingw-w64/i686-5.2.0-posix-dwarf-rt_v4-rev0/mingw32/bin/../lib/gcc/i686-w64-mingw32/5.2.0/libstdc++.dll.a(d003724.o)
                0x00401778                std::__cxx11::basic_string<char, std::char_traits<char>, std::allocator<char> >::swap(std::__cxx11::basic_string<char, std::char_traits<char>, std::allocator<char> >&)
 .text          0x00401780        0x8 c:/Program Files (x86)/mingw-w64/i686-5.2.0-posix-dwarf-rt_v4-rev0/mingw32/bin/../lib/gcc/i686-w64-mingw32/5.2.0/libstdc++.dll.a(d003714.o)
                0x00401780                std::__cxx11::basic_string<char, std::char_traits<char>, std::allocator<char> >::_S_copy_chars(char*, char*, char*)
 .text          0x00401788        0x8 c:/Program Files (x86)/mingw-w64/i686-5.2.0-posix-dwarf-rt_v4-rev0/mingw32/bin/../lib/gcc/i686-w64-mingw32/5.2.0/libstdc++.dll.a(d003698.o)
                0x00401788                std::__cxx11::basic_string<char, std::char_traits<char>, std::allocator<char> >::_M_dispose()
 .text          0x00401790        0x8 c:/Program Files (x86)/mingw-w64/i686-5.2.0-posix-dwarf-rt_v4-rev0/mingw32/bin/../lib/gcc/i686-w64-mingw32/5.2.0/libstdc++.dll.a(d001746.o)
                0x00401790                std::ostream::operator<<(long long)
 .text          0x00401798        0x8 c:/Program Files (x86)/mingw-w64/i686-5.2.0-posix-dwarf-rt_v4-rev0/mingw32/bin/../lib/gcc/i686-w64-mingw32/5.2.0/libstdc++.dll.a(d001741.o)
                0x00401798                std::ostream::operator<<(unsigned int)
 .text          0x004017a0        0x8 c:/Program Files (x86)/mingw-w64/i686-5.2.0-posix-dwarf-rt_v4-rev0/mingw32/bin/../lib/gcc/i686-w64-mingw32/5.2.0/libstdc++.dll.a(d001740.o)
                0x004017a0                std::ostream::operator<<(int)
 .text          0x004017a8        0x8 c:/Program Files (x86)/mingw-w64/i686-5.2.0-posix-dwarf-rt_v4-rev0/mingw32/bin/../lib/gcc/i686-w64-mingw32/5.2.0/libstdc++.dll.a(d001739.o)
                0x004017a8                std::ostream::operator<<(float)
 .text          0x004017b0        0x8 c:/Program Files (x86)/mingw-w64/i686-5.2.0-posix-dwarf-rt_v4-rev0/mingw32/bin/../lib/gcc/i686-w64-mingw32/5.2.0/libstdc++.dll.a(d001737.o)
                0x004017b0                std::ostream::operator<<(double)
 .text          0x004017b8        0x8 c:/Program Files (x86)/mingw-w64/i686-5.2.0-posix-dwarf-rt_v4-rev0/mingw32/bin/../lib/gcc/i686-w64-mingw32/5.2.0/libstdc++.dll.a(d001732.o)
                0x004017b8                std::ostream::operator<<(std::ios_base& (*)(std::ios_base&))
 .text          0x004017c0        0x8 c:/Program Files (x86)/mingw-w64/i686-5.2.0-posix-dwarf-rt_v4-rev0/mingw32/bin/../lib/gcc/i686-w64-mingw32/5.2.0/libstdc++.dll.a(d001716.o)
                0x004017c0                std::ostream& std::ostream::_M_insert<unsigned long>(unsigned long)
 .text          0x004017c8        0x8 c:/Program Files (x86)/mingw-w64/i686-5.2.0-posix-dwarf-rt_v4-rev0/mingw32/bin/../lib/gcc/i686-w64-mingw32/5.2.0/libstdc++.dll.a(d001711.o)
                0x004017c8                std::ostream& std::ostream::_M_insert<void const*>(void const*)
 .text          0x004017d0        0x8 c:/Program Files (x86)/mingw-w64/i686-5.2.0-posix-dwarf-rt_v4-rev0/mingw32/bin/../lib/gcc/i686-w64-mingw32/5.2.0/libstdc++.dll.a(d001705.o)
                0x004017d0                std::ostream::write(char const*, int)
 .text          0x004017d8        0x8 c:/Program Files (x86)/mingw-w64/i686-5.2.0-posix-dwarf-rt_v4-rev0/mingw32/bin/../lib/gcc/i686-w64-mingw32/5.2.0/libstdc++.dll.a(d001043.o)
                0x004017d8                std::__cxx11::basic_stringbuf<char, std::char_traits<char>, std::allocator<char> >::str() const
 .text          0x004017e0        0x8 c:/Program Files (x86)/mingw-w64/i686-5.2.0-posix-dwarf-rt_v4-rev0/mingw32/bin/../lib/gcc/i686-w64-mingw32/5.2.0/libstdc++.dll.a(d001013.o)
                0x004017e0                std::__cxx11::basic_string<wchar_t, std::char_traits<wchar_t>, std::allocator<wchar_t> >::find(std::__cxx11::basic_string<wchar_t, std::char_traits<wchar_t>, std::allocator<wchar_t> > const&, unsigned int) const
 .text          0x004017e8        0x8 c:/Program Files (x86)/mingw-w64/i686-5.2.0-posix-dwarf-rt_v4-rev0/mingw32/bin/../lib/gcc/i686-w64-mingw32/5.2.0/libstdc++.dll.a(d000972.o)
                0x004017e8                std::__cxx11::basic_string<char, std::char_traits<char>, std::allocator<char> >::compare(std::__cxx11::basic_string<char, std::char_traits<char>, std::allocator<char> > const&) const
 .text          0x004017f0        0x8 c:/Program Files (x86)/mingw-w64/i686-5.2.0-posix-dwarf-rt_v4-rev0/mingw32/bin/../lib/gcc/i686-w64-mingw32/5.2.0/libstdc++.dll.a(d000971.o)
                0x004017f0                std::__cxx11::basic_string<char, std::char_traits<char>, std::allocator<char> >::compare(char const*) const
 .text          0x004017f8        0x8 c:/Program Files (x86)/mingw-w64/i686-5.2.0-posix-dwarf-rt_v4-rev0/mingw32/bin/../lib/gcc/i686-w64-mingw32/5.2.0/libstdc++.dll.a(d000969.o)
                0x004017f8                std::__cxx11::basic_string<char, std::char_traits<char>, std::allocator<char> >::substr(unsigned int, unsigned int) const
 .text          0x00401800        0x8 c:/Program Files (x86)/mingw-w64/i686-5.2.0-posix-dwarf-rt_v4-rev0/mingw32/bin/../lib/gcc/i686-w64-mingw32/5.2.0/libstdc++.dll.a(d000954.o)
                0x00401800                std::__cxx11::basic_string<char, std::char_traits<char>, std::allocator<char> >::find(char, unsigned int) const
 .text          0x00401808        0x8 c:/Program Files (x86)/mingw-w64/i686-5.2.0-posix-dwarf-rt_v4-rev0/mingw32/bin/../lib/gcc/i686-w64-mingw32/5.2.0/libstdc++.dll.a(d000953.o)
                0x00401808                std::__cxx11::basic_string<char, std::char_traits<char>, std::allocator<char> >::find(std::__cxx11::basic_string<char, std::char_traits<char>, std::allocator<char> > const&, unsigned int) const
 .text          0x00401810       0xe0 c:/Program Files (x86)/mingw-w64/i686-5.2.0-posix-dwarf-rt_v4-rev0/mingw32/bin/../lib/gcc/i686-w64-mingw32/5.2.0/../../../../i686-w64-mingw32/lib/../lib/libmingw32.a(lib32_libmingw32_a-atonexit.o)
                0x00401810                mingw_onexit
                0x004018d0                atexit
 .text          0x004018f0       0xa0 c:/Program Files (x86)/mingw-w64/i686-5.2.0-posix-dwarf-rt_v4-rev0/mingw32/bin/../lib/gcc/i686-w64-mingw32/5.2.0/../../../../i686-w64-mingw32/lib/../lib/libmingw32.a(lib32_libmingw32_a-gccmain.o)
                0x004018f0                __do_global_dtors
                0x00401920                __do_global_ctors
                0x00401970                __main
 .text          0x00401990        0x0 c:/Program Files (x86)/mingw-w64/i686-5.2.0-posix-dwarf-rt_v4-rev0/mingw32/bin/../lib/gcc/i686-w64-mingw32/5.2.0/../../../../i686-w64-mingw32/lib/../lib/libmingw32.a(lib32_libmingw32_a-natstart.o)
 .text          0x00401990        0x0 c:/Program Files (x86)/mingw-w64/i686-5.2.0-posix-dwarf-rt_v4-rev0/mingw32/bin/../lib/gcc/i686-w64-mingw32/5.2.0/../../../../i686-w64-mingw32/lib/../lib/libmingw32.a(lib32_libmingw32_a-wildcard.o)
 .text          0x00401990       0x10 c:/Program Files (x86)/mingw-w64/i686-5.2.0-posix-dwarf-rt_v4-rev0/mingw32/bin/../lib/gcc/i686-w64-mingw32/5.2.0/../../../../i686-w64-mingw32/lib/../lib/libmingw32.a(lib32_libmingw32_a-charmax.o)
 .text          0x004019a0       0x10 c:/Program Files (x86)/mingw-w64/i686-5.2.0-posix-dwarf-rt_v4-rev0/mingw32/bin/../lib/gcc/i686-w64-mingw32/5.2.0/../../../../i686-w64-mingw32/lib/../lib/libmingw32.a(lib32_libmingw32_a-dllargv.o)
                0x004019a0                _setargv
 .text          0x004019b0      0x140 c:/Program Files (x86)/mingw-w64/i686-5.2.0-posix-dwarf-rt_v4-rev0/mingw32/bin/../lib/gcc/i686-w64-mingw32/5.2.0/../../../../i686-w64-mingw32/lib/../lib/libmingw32.a(lib32_libmingw32_a-gs_support.o)
                0x004019b0                __security_init_cookie
                0x00401a60                __report_gsfailure
 .text          0x00401af0        0x0 c:/Program Files (x86)/mingw-w64/i686-5.2.0-posix-dwarf-rt_v4-rev0/mingw32/bin/../lib/gcc/i686-w64-mingw32/5.2.0/../../../../i686-w64-mingw32/lib/../lib/libmingw32.a(lib32_libmingw32_a-_newmode.o)
 .text          0x00401af0       0xe0 c:/Program Files (x86)/mingw-w64/i686-5.2.0-posix-dwarf-rt_v4-rev0/mingw32/bin/../lib/gcc/i686-w64-mingw32/5.2.0/../../../../i686-w64-mingw32/lib/../lib/libmingw32.a(lib32_libmingw32_a-tlssup.o)
                0x00401b40                __dyn_tls_init@12
                0x00401bc0                __tlregdtor
 .text          0x00401bd0        0x0 c:/Program Files (x86)/mingw-w64/i686-5.2.0-posix-dwarf-rt_v4-rev0/mingw32/bin/../lib/gcc/i686-w64-mingw32/5.2.0/../../../../i686-w64-mingw32/lib/../lib/libmingw32.a(lib32_libmingw32_a-cinitexe.o)
 .text          0x00401bd0       0xc0 c:/Program Files (x86)/mingw-w64/i686-5.2.0-posix-dwarf-rt_v4-rev0/mingw32/bin/../lib/gcc/i686-w64-mingw32/5.2.0/../../../../i686-w64-mingw32/lib/../lib/libmingw32.a(lib32_libmingw32_a-merr.o)
                0x00401bd0                __mingw_raise_matherr
                0x00401c20                __mingw_setusermatherr
                0x00401c30                _matherr
 .text          0x00401c90       0x10 c:/Program Files (x86)/mingw-w64/i686-5.2.0-posix-dwarf-rt_v4-rev0/mingw32/bin/../lib/gcc/i686-w64-mingw32/5.2.0/../../../../i686-w64-mingw32/lib/../lib/libmingw32.a(lib32_libmingw32_a-CRT_fp10.o)
                0x00401c90                fpreset
                0x00401c90                _fpreset
 .text          0x00401ca0       0x20 c:/Program Files (x86)/mingw-w64/i686-5.2.0-posix-dwarf-rt_v4-rev0/mingw32/bin/../lib/gcc/i686-w64-mingw32/5.2.0/../../../../i686-w64-mingw32/lib/../lib/libmingw32.a(lib32_libmingw32_a-mingw_helpers.o)
                0x00401ca0                _decode_pointer
                0x00401cb0                _encode_pointer
 .text          0x00401cc0      0x460 c:/Program Files (x86)/mingw-w64/i686-5.2.0-posix-dwarf-rt_v4-rev0/mingw32/bin/../lib/gcc/i686-w64-mingw32/5.2.0/../../../../i686-w64-mingw32/lib/../lib/libmingw32.a(lib32_libmingw32_a-pseudo-reloc.o)
                0x00401e60                _pei386_runtime_relocator
 .text          0x00402120        0x0 c:/Program Files (x86)/mingw-w64/i686-5.2.0-posix-dwarf-rt_v4-rev0/mingw32/bin/../lib/gcc/i686-w64-mingw32/5.2.0/../../../../i686-w64-mingw32/lib/../lib/libmingw32.a(lib32_libmingw32_a-xtxtmode.o)
 .text          0x00402120      0x1a0 c:/Program Files (x86)/mingw-w64/i686-5.2.0-posix-dwarf-rt_v4-rev0/mingw32/bin/../lib/gcc/i686-w64-mingw32/5.2.0/../../../../i686-w64-mingw32/lib/../lib/libmingw32.a(lib32_libmingw32_a-crt_handler.o)
                0x00402120                _gnu_exception_handler@4
 .text          0x004022c0      0x270 c:/Program Files (x86)/mingw-w64/i686-5.2.0-posix-dwarf-rt_v4-rev0/mingw32/bin/../lib/gcc/i686-w64-mingw32/5.2.0/../../../../i686-w64-mingw32/lib/../lib/libmingw32.a(lib32_libmingw32_a-tlsthrd.o)
                0x00402330                ___w64_mingwthr_add_key_dtor
                0x004023b0                ___w64_mingwthr_remove_key_dtor
                0x00402450                __mingw_TLScallback
 .text          0x00402530        0x0 c:/Program Files (x86)/mingw-w64/i686-5.2.0-posix-dwarf-rt_v4-rev0/mingw32/bin/../lib/gcc/i686-w64-mingw32/5.2.0/../../../../i686-w64-mingw32/lib/../lib/libmingw32.a(lib32_libmingw32_a-tlsmcrt.o)
 .text          0x00402530        0x0 c:/Program Files (x86)/mingw-w64/i686-5.2.0-posix-dwarf-rt_v4-rev0/mingw32/bin/../lib/gcc/i686-w64-mingw32/5.2.0/../../../../i686-w64-mingw32/lib/../lib/libmingw32.a(lib32_libmingw32_a-pseudo-reloc-list.o)
 .text          0x00402530      0x350 c:/Program Files (x86)/mingw-w64/i686-5.2.0-posix-dwarf-rt_v4-rev0/mingw32/bin/../lib/gcc/i686-w64-mingw32/5.2.0/../../../../i686-w64-mingw32/lib/../lib/libmingw32.a(lib32_libmingw32_a-pesect.o)
                0x00402550                _ValidateImageBase
                0x00402570                _FindPESection
                0x004025b0                _FindPESectionByName
                0x00402650                __mingw_GetSectionForAddress
                0x004026a0                __mingw_GetSectionCount
                0x004026d0                _FindPESectionExec
                0x00402750                _GetPEImageBase
                0x00402780                _IsNonwritableInCurrentImage
                0x004027e0                __mingw_enum_import_library_names
 .text          0x00402880        0x8 c:/Program Files (x86)/mingw-w64/i686-5.2.0-posix-dwarf-rt_v4-rev0/mingw32/bin/../lib/gcc/i686-w64-mingw32/5.2.0/../../../../i686-w64-mingw32/lib/../lib/libgcc_s.a(d000106.o)
                0x00402880                __register_frame_info
 .text          0x00402888        0x8 c:/Program Files (x86)/mingw-w64/i686-5.2.0-posix-dwarf-rt_v4-rev0/mingw32/bin/../lib/gcc/i686-w64-mingw32/5.2.0/../../../../i686-w64-mingw32/lib/../lib/libgcc_s.a(d000040.o)
                0x00402888                __divdi3
 .text          0x00402890        0x8 c:/Program Files (x86)/mingw-w64/i686-5.2.0-posix-dwarf-rt_v4-rev0/mingw32/bin/../lib/gcc/i686-w64-mingw32/5.2.0/../../../../i686-w64-mingw32/lib/../lib/libgcc_s.a(d000037.o)
                0x00402890                __deregister_frame_info
 .text          0x00402898       0x2c c:/Program Files (x86)/mingw-w64/i686-5.2.0-posix-dwarf-rt_v4-rev0/mingw32/bin/../lib/gcc/i686-w64-mingw32/5.2.0/libgcc.a(_chkstk_ms.o)
                0x00402898                __chkstk_ms
 .text          0x004028c4        0x0 c:/Program Files (x86)/mingw-w64/i686-5.2.0-posix-dwarf-rt_v4-rev0/mingw32/bin/../lib/gcc/i686-w64-mingw32/5.2.0/libgcc.a(_ctors.o)
 *fill*         0x004028c4        0xc 
 .text          0x004028d0      0x1a0 c:/Program Files (x86)/mingw-w64/i686-5.2.0-posix-dwarf-rt_v4-rev0/mingw32/bin/../lib/gcc/i686-w64-mingw32/5.2.0/../../../../i686-w64-mingw32/lib/../lib/libmingwex.a(lib32_libmingwex_a-gettimeofday.o)
                0x004028d0                getntptimeofday
                0x004029b0                gettimeofday
                0x00402a10                mingw_gettimeofday
 .text          0x00402a70        0x0 c:/Program Files (x86)/mingw-w64/i686-5.2.0-posix-dwarf-rt_v4-rev0/mingw32/bin/../lib/gcc/i686-w64-mingw32/5.2.0/../../../../i686-w64-mingw32/lib/../lib/libmingwex.a(lib32_libmingwex_a-mingw_matherr.o)
 .text          0x00402a70      0x2e0 c:/Program Files (x86)/mingw-w64/i686-5.2.0-posix-dwarf-rt_v4-rev0/mingw32/bin/../lib/gcc/i686-w64-mingw32/5.2.0/../../../../i686-w64-mingw32/lib/../lib/libmingwex.a(lib32_libmingwex_a-strtoumax.o)
                0x00402a70                strtoumax
                0x00402a70                strtoull
 .text          0x00402d50       0x40 c:/Program Files (x86)/mingw-w64/i686-5.2.0-posix-dwarf-rt_v4-rev0/mingw32/bin/../lib/gcc/i686-w64-mingw32/5.2.0/../../../../i686-w64-mingw32/lib/../lib/libmingwex.a(lib32_libmingwex_a-mingw_vfprintf.o)
                0x00402d50                __mingw_vfprintf
 .text          0x00402d90       0x40 c:/Program Files (x86)/mingw-w64/i686-5.2.0-posix-dwarf-rt_v4-rev0/mingw32/bin/../lib/gcc/i686-w64-mingw32/5.2.0/../../../../i686-w64-mingw32/lib/../lib/libmingwex.a(lib32_libmingwex_a-mingw_vprintf.o)
                0x00402d90                __mingw_vprintf
 .text          0x00402dd0       0x80 c:/Program Files (x86)/mingw-w64/i686-5.2.0-posix-dwarf-rt_v4-rev0/mingw32/bin/../lib/gcc/i686-w64-mingw32/5.2.0/../../../../i686-w64-mingw32/lib/../lib/libmingwex.a(lib32_libmingwex_a-mingw_vsnprintf.o)
                0x00402dd0                __mingw_vsnprintf
 .text          0x00402e50     0x23c0 c:/Program Files (x86)/mingw-w64/i686-5.2.0-posix-dwarf-rt_v4-rev0/mingw32/bin/../lib/gcc/i686-w64-mingw32/5.2.0/../../../../i686-w64-mingw32/lib/../lib/libmingwex.a(lib32_libmingwex_a-mingw_pformat.o)
                0x00404710                __mingw_pformat
 .text          0x00405210      0x2b0 c:/Program Files (x86)/mingw-w64/i686-5.2.0-posix-dwarf-rt_v4-rev0/mingw32/bin/../lib/gcc/i686-w64-mingw32/5.2.0/../../../../i686-w64-mingw32/lib/../lib/libmingwex.a(lib32_libmingwex_a-dmisc.o)
                0x00405210                __rv_alloc_D2A
                0x00405250                __nrv_alloc_D2A
                0x004052a0                __freedtoa
                0x004052c0                __quorem_D2A
 .text          0x004054c0     0x1540 c:/Program Files (x86)/mingw-w64/i686-5.2.0-posix-dwarf-rt_v4-rev0/mingw32/bin/../lib/gcc/i686-w64-mingw32/5.2.0/../../../../i686-w64-mingw32/lib/../lib/libmingwex.a(lib32_libmingwex_a-gdtoa.o)
                0x004054c0                __gdtoa
 .text          0x00406a00      0x160 c:/Program Files (x86)/mingw-w64/i686-5.2.0-posix-dwarf-rt_v4-rev0/mingw32/bin/../lib/gcc/i686-w64-mingw32/5.2.0/../../../../i686-w64-mingw32/lib/../lib/libmingwex.a(lib32_libmingwex_a-gmisc.o)
                0x00406a00                __rshift_D2A
                0x00406b20                __trailz_D2A
 .text          0x00406b60      0xbd0 c:/Program Files (x86)/mingw-w64/i686-5.2.0-posix-dwarf-rt_v4-rev0/mingw32/bin/../lib/gcc/i686-w64-mingw32/5.2.0/../../../../i686-w64-mingw32/lib/../lib/libmingwex.a(lib32_libmingwex_a-misc.o)
                0x00406c70                __Balloc_D2A
                0x00406d40                __Bfree_D2A
                0x00406db0                __multadd_D2A
                0x00406ea0                __i2b_D2A
                0x00406ed0                __mult_D2A
                0x00407050                __pow5mult_D2A
                0x004071c0                __lshift_D2A
                0x004072f0                __cmp_D2A
                0x00407340                __diff_D2A
                0x004074e0                __b2d_D2A
                0x00407600                __d2b_D2A
                0x00407700                __strcp_D2A
 .text          0x00407730      0x3a0 c:/Program Files (x86)/mingw-w64/i686-5.2.0-posix-dwarf-rt_v4-rev0/mingw32/bin/../lib/gcc/i686-w64-mingw32/5.2.0/../../../../i686-w64-mingw32/lib/../lib/libmingwex.a(lib32_libmingwex_a-mbrtowc.o)
                0x004078c0                mbrtowc
                0x00407920                mbsrtowcs
                0x00407a70                mbrlen
 .text          0x00407ad0      0x220 c:/Program Files (x86)/mingw-w64/i686-5.2.0-posix-dwarf-rt_v4-rev0/mingw32/bin/../lib/gcc/i686-w64-mingw32/5.2.0/../../../../i686-w64-mingw32/lib/../lib/libmingwex.a(lib32_libmingwex_a-wcrtomb.o)
                0x00407b70                wcrtomb
                0x00407bc0                wcsrtombs
 .text          0x00407cf0        0x8 c:/Program Files (x86)/mingw-w64/i686-5.2.0-posix-dwarf-rt_v4-rev0/mingw32/bin/../lib/gcc/i686-w64-mingw32/5.2.0/../../../../i686-w64-mingw32/lib/../lib/libmsvcrt.a(dkhcs01282.o)
                0x00407cf0                wcsstr
 .text          0x00407cf8        0x8 c:/Program Files (x86)/mingw-w64/i686-5.2.0-posix-dwarf-rt_v4-rev0/mingw32/bin/../lib/gcc/i686-w64-mingw32/5.2.0/../../../../i686-w64-mingw32/lib/../lib/libmsvcrt.a(dkhcs01271.o)
                0x00407cf8                wcslen
 .text          0x00407d00        0x8 c:/Program Files (x86)/mingw-w64/i686-5.2.0-posix-dwarf-rt_v4-rev0/mingw32/bin/../lib/gcc/i686-w64-mingw32/5.2.0/../../../../i686-w64-mingw32/lib/../lib/libmsvcrt.a(dkhcs01265.o)
                0x00407d00                wcscmp
 .text          0x00407d08        0x8 c:/Program Files (x86)/mingw-w64/i686-5.2.0-posix-dwarf-rt_v4-rev0/mingw32/bin/../lib/gcc/i686-w64-mingw32/5.2.0/../../../../i686-w64-mingw32/lib/../lib/libmsvcrt.a(dkhcs01249.o)
                0x00407d08                vfprintf
 .text          0x00407d10        0x8 c:/Program Files (x86)/mingw-w64/i686-5.2.0-posix-dwarf-rt_v4-rev0/mingw32/bin/../lib/gcc/i686-w64-mingw32/5.2.0/../../../../i686-w64-mingw32/lib/../lib/libmsvcrt.a(dkhcs01229.o)
                0x00407d10                strtol
 .text          0x00407d18        0x8 c:/Program Files (x86)/mingw-w64/i686-5.2.0-posix-dwarf-rt_v4-rev0/mingw32/bin/../lib/gcc/i686-w64-mingw32/5.2.0/../../../../i686-w64-mingw32/lib/../lib/libmsvcrt.a(dkhcs01222.o)
                0x00407d18                strstr
 .text          0x00407d20        0x8 c:/Program Files (x86)/mingw-w64/i686-5.2.0-posix-dwarf-rt_v4-rev0/mingw32/bin/../lib/gcc/i686-w64-mingw32/5.2.0/../../../../i686-w64-mingw32/lib/../lib/libmsvcrt.a(dkhcs01220.o)
                0x00407d20                strrchr
 .text          0x00407d28        0x8 c:/Program Files (x86)/mingw-w64/i686-5.2.0-posix-dwarf-rt_v4-rev0/mingw32/bin/../lib/gcc/i686-w64-mingw32/5.2.0/../../../../i686-w64-mingw32/lib/../lib/libmsvcrt.a(dkhcs01216.o)
                0x00407d28                strncmp
 .text          0x00407d30        0x8 c:/Program Files (x86)/mingw-w64/i686-5.2.0-posix-dwarf-rt_v4-rev0/mingw32/bin/../lib/gcc/i686-w64-mingw32/5.2.0/../../../../i686-w64-mingw32/lib/../lib/libmsvcrt.a(dkhcs01213.o)
                0x00407d30                strlen
 .text          0x00407d38        0x8 c:/Program Files (x86)/mingw-w64/i686-5.2.0-posix-dwarf-rt_v4-rev0/mingw32/bin/../lib/gcc/i686-w64-mingw32/5.2.0/../../../../i686-w64-mingw32/lib/../lib/libmsvcrt.a(dkhcs01211.o)
                0x00407d38                strerror
 .text          0x00407d40        0x8 c:/Program Files (x86)/mingw-w64/i686-5.2.0-posix-dwarf-rt_v4-rev0/mingw32/bin/../lib/gcc/i686-w64-mingw32/5.2.0/../../../../i686-w64-mingw32/lib/../lib/libmsvcrt.a(dkhcs01206.o)
                0x00407d40                strcmp
 .text          0x00407d48        0x8 c:/Program Files (x86)/mingw-w64/i686-5.2.0-posix-dwarf-rt_v4-rev0/mingw32/bin/../lib/gcc/i686-w64-mingw32/5.2.0/../../../../i686-w64-mingw32/lib/../lib/libmsvcrt.a(dkhcs01205.o)
                0x00407d48                strchr
 .text          0x00407d50        0x8 c:/Program Files (x86)/mingw-w64/i686-5.2.0-posix-dwarf-rt_v4-rev0/mingw32/bin/../lib/gcc/i686-w64-mingw32/5.2.0/../../../../i686-w64-mingw32/lib/../lib/libmsvcrt.a(dkhcs01195.o)
                0x00407d50                signal
 .text          0x00407d58        0x8 c:/Program Files (x86)/mingw-w64/i686-5.2.0-posix-dwarf-rt_v4-rev0/mingw32/bin/../lib/gcc/i686-w64-mingw32/5.2.0/../../../../i686-w64-mingw32/lib/../lib/libmsvcrt.a(dkhcs01187.o)
                0x00407d58                remove
 .text          0x00407d60        0x8 c:/Program Files (x86)/mingw-w64/i686-5.2.0-posix-dwarf-rt_v4-rev0/mingw32/bin/../lib/gcc/i686-w64-mingw32/5.2.0/../../../../i686-w64-mingw32/lib/../lib/libmsvcrt.a(dkhcs01170.o)
                0x00407d60                memcpy
 .text          0x00407d68        0x8 c:/Program Files (x86)/mingw-w64/i686-5.2.0-posix-dwarf-rt_v4-rev0/mingw32/bin/../lib/gcc/i686-w64-mingw32/5.2.0/../../../../i686-w64-mingw32/lib/../lib/libmsvcrt.a(dkhcs01166.o)
                0x00407d68                memmove
 .text          0x00407d70        0x8 c:/Program Files (x86)/mingw-w64/i686-5.2.0-posix-dwarf-rt_v4-rev0/mingw32/bin/../lib/gcc/i686-w64-mingw32/5.2.0/../../../../i686-w64-mingw32/lib/../lib/libmsvcrt.a(dkhcs01165.o)
                0x00407d70                memcmp
 .text          0x00407d78        0x8 c:/Program Files (x86)/mingw-w64/i686-5.2.0-posix-dwarf-rt_v4-rev0/mingw32/bin/../lib/gcc/i686-w64-mingw32/5.2.0/../../../../i686-w64-mingw32/lib/../lib/libmsvcrt.a(dkhcs01159.o)
                0x00407d78                malloc
 .text          0x00407d80        0x8 c:/Program Files (x86)/mingw-w64/i686-5.2.0-posix-dwarf-rt_v4-rev0/mingw32/bin/../lib/gcc/i686-w64-mingw32/5.2.0/../../../../i686-w64-mingw32/lib/../lib/libmsvcrt.a(dkhcs01146.o)
                0x00407d80                _localtime32
 .text          0x00407d88        0x8 c:/Program Files (x86)/mingw-w64/i686-5.2.0-posix-dwarf-rt_v4-rev0/mingw32/bin/../lib/gcc/i686-w64-mingw32/5.2.0/../../../../i686-w64-mingw32/lib/../lib/libmsvcrt.a(dkhcs01145.o)
                0x00407d88                localeconv
 .text          0x00407d90        0x8 c:/Program Files (x86)/mingw-w64/i686-5.2.0-posix-dwarf-rt_v4-rev0/mingw32/bin/../lib/gcc/i686-w64-mingw32/5.2.0/../../../../i686-w64-mingw32/lib/../lib/libmsvcrt.a(dkhcs01135.o)
                0x00407d90                isupper
 .text          0x00407d98        0x8 c:/Program Files (x86)/mingw-w64/i686-5.2.0-posix-dwarf-rt_v4-rev0/mingw32/bin/../lib/gcc/i686-w64-mingw32/5.2.0/../../../../i686-w64-mingw32/lib/../lib/libmsvcrt.a(dkhcs01134.o)
                0x00407d98                isspace
 .text          0x00407da0        0x8 c:/Program Files (x86)/mingw-w64/i686-5.2.0-posix-dwarf-rt_v4-rev0/mingw32/bin/../lib/gcc/i686-w64-mingw32/5.2.0/../../../../i686-w64-mingw32/lib/../lib/libmsvcrt.a(dkhcs01131.o)
                0x00407da0                islower
 .text          0x00407da8        0x8 c:/Program Files (x86)/mingw-w64/i686-5.2.0-posix-dwarf-rt_v4-rev0/mingw32/bin/../lib/gcc/i686-w64-mingw32/5.2.0/../../../../i686-w64-mingw32/lib/../lib/libmsvcrt.a(dkhcs01117.o)
                0x00407da8                getenv
 .text          0x00407db0        0x8 c:/Program Files (x86)/mingw-w64/i686-5.2.0-posix-dwarf-rt_v4-rev0/mingw32/bin/../lib/gcc/i686-w64-mingw32/5.2.0/../../../../i686-w64-mingw32/lib/../lib/libmsvcrt.a(dkhcs01112.o)
                0x00407db0                fwrite
 .text          0x00407db8        0x8 c:/Program Files (x86)/mingw-w64/i686-5.2.0-posix-dwarf-rt_v4-rev0/mingw32/bin/../lib/gcc/i686-w64-mingw32/5.2.0/../../../../i686-w64-mingw32/lib/../lib/libmsvcrt.a(dkhcs01109.o)
                0x00407db8                ftell
 .text          0x00407dc0        0x8 c:/Program Files (x86)/mingw-w64/i686-5.2.0-posix-dwarf-rt_v4-rev0/mingw32/bin/../lib/gcc/i686-w64-mingw32/5.2.0/../../../../i686-w64-mingw32/lib/../lib/libmsvcrt.a(dkhcs01107.o)
                0x00407dc0                fseek
 .text          0x00407dc8        0x8 c:/Program Files (x86)/mingw-w64/i686-5.2.0-posix-dwarf-rt_v4-rev0/mingw32/bin/../lib/gcc/i686-w64-mingw32/5.2.0/../../../../i686-w64-mingw32/lib/../lib/libmsvcrt.a(dkhcs01101.o)
                0x00407dc8                free
 .text          0x00407dd0        0x8 c:/Program Files (x86)/mingw-w64/i686-5.2.0-posix-dwarf-rt_v4-rev0/mingw32/bin/../lib/gcc/i686-w64-mingw32/5.2.0/../../../../i686-w64-mingw32/lib/../lib/libmsvcrt.a(dkhcs01100.o)
                0x00407dd0                fread
 .text          0x00407dd8        0x8 c:/Program Files (x86)/mingw-w64/i686-5.2.0-posix-dwarf-rt_v4-rev0/mingw32/bin/../lib/gcc/i686-w64-mingw32/5.2.0/../../../../i686-w64-mingw32/lib/../lib/libmsvcrt.a(dkhcs01096.o)
                0x00407dd8                fputc
 .text          0x00407de0        0x8 c:/Program Files (x86)/mingw-w64/i686-5.2.0-posix-dwarf-rt_v4-rev0/mingw32/bin/../lib/gcc/i686-w64-mingw32/5.2.0/../../../../i686-w64-mingw32/lib/../lib/libmsvcrt.a(dkhcs01094.o)
                0x00407de0                fprintf
 .text          0x00407de8        0x8 c:/Program Files (x86)/mingw-w64/i686-5.2.0-posix-dwarf-rt_v4-rev0/mingw32/bin/../lib/gcc/i686-w64-mingw32/5.2.0/../../../../i686-w64-mingw32/lib/../lib/libmsvcrt.a(dkhcs01092.o)
                0x00407de8                fopen
 .text          0x00407df0        0x8 c:/Program Files (x86)/mingw-w64/i686-5.2.0-posix-dwarf-rt_v4-rev0/mingw32/bin/../lib/gcc/i686-w64-mingw32/5.2.0/../../../../i686-w64-mingw32/lib/../lib/libmsvcrt.a(dkhcs01084.o)
                0x00407df0                fflush
 .text          0x00407df8        0x8 c:/Program Files (x86)/mingw-w64/i686-5.2.0-posix-dwarf-rt_v4-rev0/mingw32/bin/../lib/gcc/i686-w64-mingw32/5.2.0/../../../../i686-w64-mingw32/lib/../lib/libmsvcrt.a(dkhcs01081.o)
                0x00407df8                fclose
 .text          0x00407e00        0x8 c:/Program Files (x86)/mingw-w64/i686-5.2.0-posix-dwarf-rt_v4-rev0/mingw32/bin/../lib/gcc/i686-w64-mingw32/5.2.0/../../../../i686-w64-mingw32/lib/../lib/libmsvcrt.a(dkhcs01078.o)
                0x00407e00                exit
 .text          0x00407e08        0x8 c:/Program Files (x86)/mingw-w64/i686-5.2.0-posix-dwarf-rt_v4-rev0/mingw32/bin/../lib/gcc/i686-w64-mingw32/5.2.0/../../../../i686-w64-mingw32/lib/../lib/libmsvcrt.a(dkhcs01067.o)
                0x00407e08                calloc
 .text          0x00407e10        0x8 c:/Program Files (x86)/mingw-w64/i686-5.2.0-posix-dwarf-rt_v4-rev0/mingw32/bin/../lib/gcc/i686-w64-mingw32/5.2.0/../../../../i686-w64-mingw32/lib/../lib/libmsvcrt.a(dkhcs01055.o)
                0x00407e10                abort
 .text          0x00407e18        0x8 c:/Program Files (x86)/mingw-w64/i686-5.2.0-posix-dwarf-rt_v4-rev0/mingw32/bin/../lib/gcc/i686-w64-mingw32/5.2.0/../../../../i686-w64-mingw32/lib/../lib/libmsvcrt.a(dkhcs01013.o)
                0x00407e18                write
 .text          0x00407e20        0x8 c:/Program Files (x86)/mingw-w64/i686-5.2.0-posix-dwarf-rt_v4-rev0/mingw32/bin/../lib/gcc/i686-w64-mingw32/5.2.0/../../../../i686-w64-mingw32/lib/../lib/libmsvcrt.a(dkhcs00840.o)
                0x00407e20                _unlock
 .text          0x00407e28        0x8 c:/Program Files (x86)/mingw-w64/i686-5.2.0-posix-dwarf-rt_v4-rev0/mingw32/bin/../lib/gcc/i686-w64-mingw32/5.2.0/../../../../i686-w64-mingw32/lib/../lib/libmsvcrt.a(dkhcs00658.o)
                0x00407e28                read
 .text          0x00407e30        0x0 c:/Program Files (x86)/mingw-w64/i686-5.2.0-posix-dwarf-rt_v4-rev0/mingw32/bin/../lib/gcc/i686-w64-mingw32/5.2.0/../../../../i686-w64-mingw32/lib/../lib/libmsvcrt.a(dkhcs00627.o)
 .text          0x00407e30        0x8 c:/Program Files (x86)/mingw-w64/i686-5.2.0-posix-dwarf-rt_v4-rev0/mingw32/bin/../lib/gcc/i686-w64-mingw32/5.2.0/../../../../i686-w64-mingw32/lib/../lib/libmsvcrt.a(dkhcs00460.o)
                0x00407e30                _lock
 .text          0x00407e38        0x0 c:/Program Files (x86)/mingw-w64/i686-5.2.0-posix-dwarf-rt_v4-rev0/mingw32/bin/../lib/gcc/i686-w64-mingw32/5.2.0/../../../../i686-w64-mingw32/lib/../lib/libmsvcrt.a(dkhcs00354.o)
 .text          0x00407e38        0x8 c:/Program Files (x86)/mingw-w64/i686-5.2.0-posix-dwarf-rt_v4-rev0/mingw32/bin/../lib/gcc/i686-w64-mingw32/5.2.0/../../../../i686-w64-mingw32/lib/../lib/libmsvcrt.a(dkhcs00350.o)
                0x00407e38                _initterm
 .text          0x00407e40        0x0 c:/Program Files (x86)/mingw-w64/i686-5.2.0-posix-dwarf-rt_v4-rev0/mingw32/bin/../lib/gcc/i686-w64-mingw32/5.2.0/../../../../i686-w64-mingw32/lib/../lib/libmsvcrt.a(dkhcs00275.o)
 .text          0x00407e40        0x8 c:/Program Files (x86)/mingw-w64/i686-5.2.0-posix-dwarf-rt_v4-rev0/mingw32/bin/../lib/gcc/i686-w64-mingw32/5.2.0/../../../../i686-w64-mingw32/lib/../lib/libmsvcrt.a(dkhcs00248.o)
                0x00407e40                fdopen
 .text          0x00407e48        0x8 c:/Program Files (x86)/mingw-w64/i686-5.2.0-posix-dwarf-rt_v4-rev0/mingw32/bin/../lib/gcc/i686-w64-mingw32/5.2.0/../../../../i686-w64-mingw32/lib/../lib/libmsvcrt.a(dkhcs00243.o)
                0x00407e48                _exit
 .text          0x00407e50        0x8 c:/Program Files (x86)/mingw-w64/i686-5.2.0-posix-dwarf-rt_v4-rev0/mingw32/bin/../lib/gcc/i686-w64-mingw32/5.2.0/../../../../i686-w64-mingw32/lib/../lib/libmsvcrt.a(dkhcs00224.o)
                0x00407e50                _errno
 .text          0x00407e58        0x8 c:/Program Files (x86)/mingw-w64/i686-5.2.0-posix-dwarf-rt_v4-rev0/mingw32/bin/../lib/gcc/i686-w64-mingw32/5.2.0/../../../../i686-w64-mingw32/lib/../lib/libmsvcrt.a(dkhcs00214.o)
                0x00407e58                dup2
 .text          0x00407e60        0x8 c:/Program Files (x86)/mingw-w64/i686-5.2.0-posix-dwarf-rt_v4-rev0/mingw32/bin/../lib/gcc/i686-w64-mingw32/5.2.0/../../../../i686-w64-mingw32/lib/../lib/libmsvcrt.a(dkhcs00212.o)
                0x00407e60                dup
 .text          0x00407e68        0x8 c:/Program Files (x86)/mingw-w64/i686-5.2.0-posix-dwarf-rt_v4-rev0/mingw32/bin/../lib/gcc/i686-w64-mingw32/5.2.0/../../../../i686-w64-mingw32/lib/../lib/libmsvcrt.a(dkhcs00191.o)
                0x00407e68                creat
 .text          0x00407e70        0x8 c:/Program Files (x86)/mingw-w64/i686-5.2.0-posix-dwarf-rt_v4-rev0/mingw32/bin/../lib/gcc/i686-w64-mingw32/5.2.0/../../../../i686-w64-mingw32/lib/../lib/libmsvcrt.a(dkhcs00177.o)
                0x00407e70                close
 .text          0x00407e78        0x8 c:/Program Files (x86)/mingw-w64/i686-5.2.0-posix-dwarf-rt_v4-rev0/mingw32/bin/../lib/gcc/i686-w64-mingw32/5.2.0/../../../../i686-w64-mingw32/lib/../lib/libmsvcrt.a(dkhcs00163.o)
                0x00407e78                _cexit
 .text          0x00407e80        0x8 c:/Program Files (x86)/mingw-w64/i686-5.2.0-posix-dwarf-rt_v4-rev0/mingw32/bin/../lib/gcc/i686-w64-mingw32/5.2.0/../../../../i686-w64-mingw32/lib/../lib/libmsvcrt.a(dkhcs00145.o)
                0x00407e80                _amsg_exit
 .text          0x00407e88        0x0 c:/Program Files (x86)/mingw-w64/i686-5.2.0-posix-dwarf-rt_v4-rev0/mingw32/bin/../lib/gcc/i686-w64-mingw32/5.2.0/../../../../i686-w64-mingw32/lib/../lib/libmsvcrt.a(dkhcs00123.o)
 .text          0x00407e88        0x8 c:/Program Files (x86)/mingw-w64/i686-5.2.0-posix-dwarf-rt_v4-rev0/mingw32/bin/../lib/gcc/i686-w64-mingw32/5.2.0/../../../../i686-w64-mingw32/lib/../lib/libmsvcrt.a(dkhcs00108.o)
                0x00407e88                __setusermatherr
 .text          0x00407e90        0x8 c:/Program Files (x86)/mingw-w64/i686-5.2.0-posix-dwarf-rt_v4-rev0/mingw32/bin/../lib/gcc/i686-w64-mingw32/5.2.0/../../../../i686-w64-mingw32/lib/../lib/libmsvcrt.a(dkhcs00105.o)
                0x00407e90                __set_app_type
 .text          0x00407e98        0x0 c:/Program Files (x86)/mingw-w64/i686-5.2.0-posix-dwarf-rt_v4-rev0/mingw32/bin/../lib/gcc/i686-w64-mingw32/5.2.0/../../../../i686-w64-mingw32/lib/../lib/libmsvcrt.a(dkhcs00070.o)
 .text          0x00407e98        0x0 c:/Program Files (x86)/mingw-w64/i686-5.2.0-posix-dwarf-rt_v4-rev0/mingw32/bin/../lib/gcc/i686-w64-mingw32/5.2.0/../../../../i686-w64-mingw32/lib/../lib/libmsvcrt.a(dkhcs00059.o)
 .text          0x00407e98        0x8 c:/Program Files (x86)/mingw-w64/i686-5.2.0-posix-dwarf-rt_v4-rev0/mingw32/bin/../lib/gcc/i686-w64-mingw32/5.2.0/../../../../i686-w64-mingw32/lib/../lib/libmsvcrt.a(dkhcs00058.o)
                0x00407e98                __getmainargs
 .text          0x00407ea0        0x8 c:/Program Files (x86)/mingw-w64/i686-5.2.0-posix-dwarf-rt_v4-rev0/mingw32/bin/../lib/gcc/i686-w64-mingw32/5.2.0/../../../../i686-w64-mingw32/lib/../lib/libmsvcrt.a(dkhcs00055.o)
                0x00407ea0                __dllonexit
 *fill*         0x00407ea8        0x8 
 .text          0x00407eb0       0x20 c:/Program Files (x86)/mingw-w64/i686-5.2.0-posix-dwarf-rt_v4-rev0/mingw32/bin/../lib/gcc/i686-w64-mingw32/5.2.0/../../../../i686-w64-mingw32/lib/../lib/libmsvcrt.a(lib32_libmsvcrt_a-invalid_parameter_handler.o)
                0x00407eb0                _get_invalid_parameter_handler
                0x00407ec0                _set_invalid_parameter_handler
 .text          0x00407ed0       0xd0 c:/Program Files (x86)/mingw-w64/i686-5.2.0-posix-dwarf-rt_v4-rev0/mingw32/bin/../lib/gcc/i686-w64-mingw32/5.2.0/../../../../i686-w64-mingw32/lib/../lib/libmsvcrt.a(lib32_libmsvcrt_a-output_format.o)
                0x00407f80                _set_output_format
                0x00407f90                _get_output_format
 .text          0x00407fa0       0xe0 c:/Program Files (x86)/mingw-w64/i686-5.2.0-posix-dwarf-rt_v4-rev0/mingw32/bin/../lib/gcc/i686-w64-mingw32/5.2.0/../../../../i686-w64-mingw32/lib/../lib/libmsvcrt.a(lib32_libmsvcrt_a-lc_locale_func.o)
                0x00408070                ___lc_codepage_func
 .text          0x00408080        0x0 c:/Program Files (x86)/mingw-w64/i686-5.2.0-posix-dwarf-rt_v4-rev0/mingw32/bin/../lib/gcc/i686-w64-mingw32/5.2.0/../../../../i686-w64-mingw32/lib/../lib/libmsvcrt.a(dkhch.o)
 .text          0x00408080        0x8 c:/Program Files (x86)/mingw-w64/i686-5.2.0-posix-dwarf-rt_v4-rev0/mingw32/bin/../lib/gcc/i686-w64-mingw32/5.2.0/../../../../i686-w64-mingw32/lib/../lib/libmsvcrt.a(dkhcs01193.o)
                0x00408080                setlocale
 .text          0x00408088        0x8 c:/Program Files (x86)/mingw-w64/i686-5.2.0-posix-dwarf-rt_v4-rev0/mingw32/bin/../lib/gcc/i686-w64-mingw32/5.2.0/../../../../i686-w64-mingw32/lib/../lib/libmsvcrt.a(dkhcs01063.o)
                0x00408088                atoi
 .text          0x00408090        0x0 c:/Program Files (x86)/mingw-w64/i686-5.2.0-posix-dwarf-rt_v4-rev0/mingw32/bin/../lib/gcc/i686-w64-mingw32/5.2.0/../../../../i686-w64-mingw32/lib/../lib/libmsvcrt.a(dkhct.o)
 .text          0x00408090        0x0 c:/Program Files (x86)/mingw-w64/i686-5.2.0-posix-dwarf-rt_v4-rev0/mingw32/bin/../lib/gcc/i686-w64-mingw32/5.2.0/../../../../i686-w64-mingw32/lib/../lib/libuser32.a(duyeh.o)
 .text          0x00408090        0x0 c:/Program Files (x86)/mingw-w64/i686-5.2.0-posix-dwarf-rt_v4-rev0/mingw32/bin/../lib/gcc/i686-w64-mingw32/5.2.0/../../../../i686-w64-mingw32/lib/../lib/libuser32.a(duyet.o)
 .text          0x00408090        0x0 c:/Program Files (x86)/mingw-w64/i686-5.2.0-posix-dwarf-rt_v4-rev0/mingw32/bin/../lib/gcc/i686-w64-mingw32/5.2.0/../../../../i686-w64-mingw32/lib/../lib/libkernel32.a(degeh.o)
 .text          0x00408090        0x0 c:/Program Files (x86)/mingw-w64/i686-5.2.0-posix-dwarf-rt_v4-rev0/mingw32/bin/../lib/gcc/i686-w64-mingw32/5.2.0/../../../../i686-w64-mingw32/lib/../lib/libkernel32.a(deget.o)
 .text          0x00408090        0x8 c:/Program Files (x86)/mingw-w64/i686-5.2.0-posix-dwarf-rt_v4-rev0/mingw32/bin/../lib/gcc/i686-w64-mingw32/5.2.0/../../../../i686-w64-mingw32/lib/../lib/libgcc_s.a(d000120.o)
                0x00408090                __umoddi3
 .text          0x00408098        0x8 c:/Program Files (x86)/mingw-w64/i686-5.2.0-posix-dwarf-rt_v4-rev0/mingw32/bin/../lib/gcc/i686-w64-mingw32/5.2.0/../../../../i686-w64-mingw32/lib/../lib/libgcc_s.a(d000118.o)
                0x00408098                __udivdi3
 .text          0x004080a0        0x0 c:/Program Files (x86)/mingw-w64/i686-5.2.0-posix-dwarf-rt_v4-rev0/mingw32/bin/../lib/gcc/i686-w64-mingw32/5.2.0/crtend.o
 *(SORT(.text$*))
 .text$_Z3lenPKc
                0x004080a0       0x14 main.o
                0x004080a0                len(char const*)
 .text$_Z5equalRK8string20PKc
                0x004080b4      0x1dc main.o
                0x004080b4                equal(string20 const&, char const*)
 .text$_ZL6printfPKcz
                0x00408290       0x1c gtest-all.o
 .text$_ZL7fprintfP6_iobufPKcz
                0x004082ac       0x24 gtest-all.o
 .text$_ZL8snprintfPcjPKcz.constprop.610
                0x004082d0       0x2c gtest-all.o
 .text$_ZN18Assign_string_Test8TestBodyEv
                0x004082fc      0x3c8 main.o
                0x004082fc                Assign_string_Test::TestBody()
 .text$_ZN18Assign_string_TestD0Ev
                0x004086c4       0x1c main.o
                0x004086c4                Assign_string_Test::~Assign_string_Test()
 .text$_ZN18Assign_string_TestD1Ev
                0x004086e0       0x18 main.o
                0x004086e0                Assign_string_Test::~Assign_string_Test()
 .text$_ZN18Assign_string_TestD4Ev
                0x004086f8       0x2c main.o
 .text$_ZN22Constructors_Char_Test8TestBodyEv
                0x00408724      0x150 main.o
                0x00408724                Constructors_Char_Test::TestBody()
 .text$_ZN22Constructors_Char_TestD0Ev
                0x00408874       0x1c main.o
                0x00408874                Constructors_Char_Test::~Constructors_Char_Test()
 .text$_ZN22Constructors_Char_TestD1Ev
                0x00408890       0x18 main.o
                0x00408890                Constructors_Char_Test::~Constructors_Char_Test()
 .text$_ZN22Constructors_Char_TestD4Ev
                0x004088a8       0x2c main.o
 .text$_ZN25Constructors_Default_Test8TestBodyEv
                0x004088d4       0xcc main.o
                0x004088d4                Constructors_Default_Test::TestBody()
 .text$_ZN25Constructors_Default_TestD0Ev
                0x004089a0       0x1c main.o
                0x004089a0                Constructors_Default_Test::~Constructors_Default_Test()
 .text$_ZN25Constructors_Default_TestD1Ev
                0x004089bc       0x18 main.o
                0x004089bc                Constructors_Default_Test::~Constructors_Default_Test()
 .text$_ZN25Constructors_Default_TestD4Ev
                0x004089d4       0x2c main.o
 .text$_ZN5bmptk3nowEv
                0x00408a00       0x18 win.o
                0x00408a00                bmptk::now()
 .text$_ZN5bmptk4waitEx
                0x00408a18       0xa4 win.o
                0x00408a18                bmptk::wait(long long)
 .text$_ZN7testing10TestResult14RecordPropertyERKNSt7__cxx1112basic_stringIcSt11char_traitsIcESaIcEEERKNS_12TestPropertyE
                0x00408abc      0x170 gtest-all.o
                0x00408abc                testing::TestResult::RecordProperty(std::__cxx11::basic_string<char, std::char_traits<char>, std::allocator<char> > const&, testing::TestProperty const&)
 .text$_ZN7testing10TestResult17AddTestPartResultERKNS_14TestPartResultE
                0x00408c2c        0xc gtest-all.o
                0x00408c2c                testing::TestResult::AddTestPartResult(testing::TestPartResult const&)
 .text$_ZN7testing10TestResult20ClearTestPartResultsEv
                0x00408c38       0x28 gtest-all.o
                0x00408c38                testing::TestResult::ClearTestPartResults()
 .text$_ZN7testing10TestResult20ValidateTestPropertyERKNSt7__cxx1112basic_stringIcSt11char_traitsIcESaIcEEERKNS_12TestPropertyE
                0x00408c60       0x50 gtest-all.o
                0x00408c60                testing::TestResult::ValidateTestProperty(std::__cxx11::basic_string<char, std::char_traits<char>, std::allocator<char> > const&, testing::TestProperty const&)
 .text$_ZN7testing10TestResult5ClearEv
                0x00408cb0       0x50 gtest-all.o
                0x00408cb0                testing::TestResult::Clear()
 .text$_ZN7testing10TestResultC2Ev
                0x00408d00       0x44 gtest-all.o
                0x00408d00                testing::TestResult::TestResult()
                0x00408d00                testing::TestResult::TestResult()
 .text$_ZN7testing10TestResultD2Ev
                0x00408d44       0x44 gtest-all.o
                0x00408d44                testing::TestResult::~TestResult()
                0x00408d44                testing::TestResult::~TestResult()
 .text$_ZN7testing11IsSubstringEPKcS1_PKwS3_
                0x00408d88       0x30 gtest-all.o
                0x00408d88                testing::IsSubstring(char const*, char const*, wchar_t const*, wchar_t const*)
 .text$_ZN7testing11IsSubstringEPKcS1_RKNSt7__cxx1112basic_stringIcSt11char_traitsIcESaIcEEES9_
                0x00408db8       0x30 gtest-all.o
                0x00408db8                testing::IsSubstring(char const*, char const*, std::__cxx11::basic_string<char, std::char_traits<char>, std::allocator<char> > const&, std::__cxx11::basic_string<char, std::char_traits<char>, std::allocator<char> > const&)
 .text$_ZN7testing11IsSubstringEPKcS1_RKNSt7__cxx1112basic_stringIwSt11char_traitsIwESaIwEEES9_
                0x00408de8       0x30 gtest-all.o
                0x00408de8                testing::IsSubstring(char const*, char const*, std::__cxx11::basic_string<wchar_t, std::char_traits<wchar_t>, std::allocator<wchar_t> > const&, std::__cxx11::basic_string<wchar_t, std::char_traits<wchar_t>, std::allocator<wchar_t> > const&)
 .text$_ZN7testing11IsSubstringEPKcS1_S1_S1_
                0x00408e18       0x30 gtest-all.o
                0x00408e18                testing::IsSubstring(char const*, char const*, char const*, char const*)
 .text$_ZN7testing12_GLOBAL__N_115IsSubstringImplINSt7__cxx1112basic_stringIcSt11char_traitsIcESaIcEEEEENS_15AssertionResultEbPKcSA_RKT_SD_
                0x00408e48      0x168 gtest-all.o
 .text$_ZN7testing12_GLOBAL__N_115IsSubstringImplINSt7__cxx1112basic_stringIwSt11char_traitsIwESaIwEEEEENS_15AssertionResultEbPKcSA_RKT_SD_
                0x00408fb0      0x168 gtest-all.o
 .text$_ZN7testing12_GLOBAL__N_115IsSubstringImplIPKcEENS_15AssertionResultEbS3_S3_RKT_S7_
                0x00409118      0x178 gtest-all.o
 .text$_ZN7testing12_GLOBAL__N_115IsSubstringImplIPKwEENS_15AssertionResultEbPKcS6_RKT_S9_
                0x00409290      0x1bc gtest-all.o
 .text$_ZN7testing12_GLOBAL__N_126PrintByteSegmentInObjectToEPKhjjPSo.constprop.573
                0x0040944c       0x90 gtest-all.o
 .text$_ZN7testing13PrintToStringIPKcEENSt7__cxx1112basic_stringIcSt11char_traitsIcESaIcEEERKT_
                0x004094dc       0x8c gtest-all.o
                0x004094dc                std::__cxx11::basic_string<char, std::char_traits<char>, std::allocator<char> > testing::PrintToString<char const*>(char const* const&)
 .text$_ZN7testing13PrintToStringIPKwEENSt7__cxx1112basic_stringIcSt11char_traitsIcESaIcEEERKT_
                0x00409568      0x104 gtest-all.o
                0x00409568                std::__cxx11::basic_string<char, std::char_traits<char>, std::allocator<char> > testing::PrintToString<wchar_t const*>(wchar_t const* const&)
 .text$_ZN7testing13PrintToStringIcEENSt7__cxx1112basic_stringIcSt11char_traitsIcESaIcEEERKT_
                0x0040966c       0x58 main.o
                0x0040966c                std::__cxx11::basic_string<char, std::char_traits<char>, std::allocator<char> > testing::PrintToString<char>(char const&)
 .text$_ZN7testing13PrintToStringIiEENSt7__cxx1112basic_stringIcSt11char_traitsIcESaIcEEERKT_
                0x004096c4       0x54 main.o
                0x004096c4                std::__cxx11::basic_string<char, std::char_traits<char>, std::allocator<char> > testing::PrintToString<int>(int const&)
 .text$_ZN7testing13PrintToStringIxEENSt7__cxx1112basic_stringIcSt11char_traitsIcESaIcEEERKT_
                0x00409718       0x5c gtest-all.o
                0x00409718                std::__cxx11::basic_string<char, std::char_traits<char>, std::allocator<char> > testing::PrintToString<long long>(long long const&)
 .text$_ZN7testing14ExitedWithCodeC2Ei
                0x00409774        0xc gtest-all.o
                0x00409774                testing::ExitedWithCode::ExitedWithCode(int)
                0x00409774                testing::ExitedWithCode::ExitedWithCode(int)
 .text$_ZN7testing14InitGoogleTestEPiPPc
                0x00409780       0xb4 gtest-all.o
                0x00409780                testing::InitGoogleTest(int*, char**)
 .text$_ZN7testing14InitGoogleTestEPiPPw
                0x00409834       0x9c gtest-all.o
                0x00409834                testing::InitGoogleTest(int*, wchar_t**)
 .text$_ZN7testing14IsNotSubstringEPKcS1_PKwS3_
                0x004098d0       0x2c gtest-all.o
                0x004098d0                testing::IsNotSubstring(char const*, char const*, wchar_t const*, wchar_t const*)
 .text$_ZN7testing14IsNotSubstringEPKcS1_RKNSt7__cxx1112basic_stringIcSt11char_traitsIcESaIcEEES9_
                0x004098fc       0x2c gtest-all.o
                0x004098fc                testing::IsNotSubstring(char const*, char const*, std::__cxx11::basic_string<char, std::char_traits<char>, std::allocator<char> > const&, std::__cxx11::basic_string<char, std::char_traits<char>, std::allocator<char> > const&)
 .text$_ZN7testing14IsNotSubstringEPKcS1_RKNSt7__cxx1112basic_stringIwSt11char_traitsIwESaIwEEES9_
                0x00409928       0x2c gtest-all.o
                0x00409928                testing::IsNotSubstring(char const*, char const*, std::__cxx11::basic_string<wchar_t, std::char_traits<wchar_t>, std::allocator<wchar_t> > const&, std::__cxx11::basic_string<wchar_t, std::char_traits<wchar_t>, std::allocator<wchar_t> > const&)
 .text$_ZN7testing14IsNotSubstringEPKcS1_S1_S1_
                0x00409954       0x2c gtest-all.o
                0x00409954                testing::IsNotSubstring(char const*, char const*, char const*, char const*)
 .text$_ZN7testing14TestPartResult14ExtractSummaryB5cxx11EPKc
                0x00409980       0x50 gtest-all.o
                0x00409980                testing::TestPartResult::ExtractSummary[abi:cxx11](char const*)
 .text$_ZN7testing15AssertionResult13AppendMessageERKNS_7MessageE
                0x004099d0       0x64 gtest-all.o
                0x004099d0                testing::AssertionResult::AppendMessage(testing::Message const&)
 .text$_ZN7testing15AssertionResultC2ERKS0_
                0x00409a34       0x44 gtest-all.o
                0x00409a34                testing::AssertionResult::AssertionResult(testing::AssertionResult const&)
                0x00409a34                testing::AssertionResult::AssertionResult(testing::AssertionResult const&)
 .text$_ZN7testing15AssertionResultlsIA16_cEERS0_RKT_
                0x00409a78       0x48 gtest-all.o
                0x00409a78                testing::AssertionResult& testing::AssertionResult::operator<< <char [16]>(char const (&) [16])
 .text$_ZN7testing15AssertionResultlsINS_14TestPartResultEEERS0_RKT_
                0x00409ac0       0x48 gtest-all.o
                0x00409ac0                testing::AssertionResult& testing::AssertionResult::operator<< <testing::TestPartResult>(testing::TestPartResult const&)
 .text$_ZN7testing15AssertionResultlsINS_7MessageEEERS0_RKT_
                0x00409b08       0x48 gtest-all.o
                0x00409b08                testing::AssertionResult& testing::AssertionResult::operator<< <testing::Message>(testing::Message const&)
 .text$_ZN7testing15AssertionResultlsINSt7__cxx1112basic_stringIcSt11char_traitsIcESaIcEEEEERS0_RKT_
                0x00409b50       0x48 gtest-all.o
                0x00409b50                testing::AssertionResult& testing::AssertionResult::operator<< <std::__cxx11::basic_string<char, std::char_traits<char>, std::allocator<char> > >(std::__cxx11::basic_string<char, std::char_traits<char>, std::allocator<char> > const&)
 .text$_ZN7testing15AssertionResultlsINSt7__cxx1112basic_stringIwSt11char_traitsIwESaIwEEEEERS0_RKT_
                0x00409b98       0x3c gtest-all.o
                0x00409b98                testing::AssertionResult& testing::AssertionResult::operator<< <std::__cxx11::basic_string<wchar_t, std::char_traits<wchar_t>, std::allocator<wchar_t> > >(std::__cxx11::basic_string<wchar_t, std::char_traits<wchar_t>, std::allocator<wchar_t> > const&)
 .text$_ZN7testing15AssertionResultlsIPKcEERS0_RKT_
                0x00409bd4       0x40 gtest-all.o
                0x00409bd4                testing::AssertionResult& testing::AssertionResult::operator<< <char const*>(char const* const&)
 .text$_ZN7testing15AssertionResultlsIdEERS0_RKT_
                0x00409c14       0x48 gtest-all.o
                0x00409c14                testing::AssertionResult& testing::AssertionResult::operator<< <double>(double const&)
 .text$_ZN7testing16AssertionFailureERKNS_7MessageE
                0x00409c5c       0x3c gtest-all.o
                0x00409c5c                testing::AssertionFailure(testing::Message const&)
 .text$_ZN7testing16AssertionFailureEv
                0x00409c98       0x14 gtest-all.o
                0x00409c98                testing::AssertionFailure()
 .text$_ZN7testing16AssertionSuccessEv
                0x00409cac       0x14 gtest-all.o
                0x00409cac                testing::AssertionSuccess()
 .text$_ZN7testing18TestEventListeners22SetDefaultXmlGeneratorEPNS_17TestEventListenerE
                0x00409cc0       0x48 gtest-all.o
                0x00409cc0                testing::TestEventListeners::SetDefaultXmlGenerator(testing::TestEventListener*)
 .text$_ZN7testing18TestEventListeners23SetDefaultResultPrinterEPNS_17TestEventListenerE
                0x00409d08       0x48 gtest-all.o
                0x00409d08                testing::TestEventListeners::SetDefaultResultPrinter(testing::TestEventListener*)
 .text$_ZN7testing18TestEventListeners23SuppressEventForwardingEv
                0x00409d50        0xc gtest-all.o
                0x00409d50                testing::TestEventListeners::SuppressEventForwarding()
 .text$_ZN7testing18TestEventListeners6AppendEPNS_17TestEventListenerE
                0x00409d5c       0x24 gtest-all.o
                0x00409d5c                testing::TestEventListeners::Append(testing::TestEventListener*)
 .text$_ZN7testing18TestEventListeners7ReleaseEPNS_17TestEventListenerE
                0x00409d80       0x2c gtest-all.o
                0x00409d80                testing::TestEventListeners::Release(testing::TestEventListener*)
 .text$_ZN7testing18TestEventListeners8repeaterEv
                0x00409dac        0x8 gtest-all.o
                0x00409dac                testing::TestEventListeners::repeater()
 .text$_ZN7testing18TestEventListenersC2Ev
                0x00409db4       0x4c gtest-all.o
                0x00409db4                testing::TestEventListeners::TestEventListeners()
                0x00409db4                testing::TestEventListeners::TestEventListeners()
 .text$_ZN7testing18TestEventListenersD2Ev
                0x00409e00       0x14 gtest-all.o
                0x00409e00                testing::TestEventListeners::~TestEventListeners()
                0x00409e00                testing::TestEventListeners::~TestEventListeners()
 .text$_ZN7testing19TestPartResultArray6AppendERKNS_14TestPartResultE
                0x00409e14        0xc gtest-all.o
                0x00409e14                testing::TestPartResultArray::Append(testing::TestPartResult const&)
 .text$_ZN7testing22EmptyTestEventListener11OnTestStartERKNS_8TestInfoE
                0x00409e20        0x8 gtest-all.o
                0x00409e20                testing::EmptyTestEventListener::OnTestStart(testing::TestInfo const&)
 .text$_ZN7testing22EmptyTestEventListener13OnTestCaseEndERKNS_8TestCaseE
                0x00409e28        0x8 gtest-all.o
                0x00409e28                testing::EmptyTestEventListener::OnTestCaseEnd(testing::TestCase const&)
 .text$_ZN7testing22EmptyTestEventListener15OnTestCaseStartERKNS_8TestCaseE
                0x00409e30        0x8 gtest-all.o
                0x00409e30                testing::EmptyTestEventListener::OnTestCaseStart(testing::TestCase const&)
 .text$_ZN7testing22EmptyTestEventListener16OnTestPartResultERKNS_14TestPartResultE
                0x00409e38        0x8 gtest-all.o
                0x00409e38                testing::EmptyTestEventListener::OnTestPartResult(testing::TestPartResult const&)
 .text$_ZN7testing22EmptyTestEventListener16OnTestProgramEndERKNS_8UnitTestE
                0x00409e40        0x8 gtest-all.o
                0x00409e40                testing::EmptyTestEventListener::OnTestProgramEnd(testing::UnitTest const&)
 .text$_ZN7testing22EmptyTestEventListener18OnTestIterationEndERKNS_8UnitTestEi
                0x00409e48        0x8 gtest-all.o
                0x00409e48                testing::EmptyTestEventListener::OnTestIterationEnd(testing::UnitTest const&, int)
 .text$_ZN7testing22EmptyTestEventListener18OnTestProgramStartERKNS_8UnitTestE
                0x00409e50        0x8 gtest-all.o
                0x00409e50                testing::EmptyTestEventListener::OnTestProgramStart(testing::UnitTest const&)
 .text$_ZN7testing22EmptyTestEventListener20OnTestIterationStartERKNS_8UnitTestEi
                0x00409e58        0x8 gtest-all.o
                0x00409e58                testing::EmptyTestEventListener::OnTestIterationStart(testing::UnitTest const&, int)
 .text$_ZN7testing22EmptyTestEventListener22OnEnvironmentsSetUpEndERKNS_8UnitTestE
                0x00409e60        0x8 gtest-all.o
                0x00409e60                testing::EmptyTestEventListener::OnEnvironmentsSetUpEnd(testing::UnitTest const&)
 .text$_ZN7testing22EmptyTestEventListener24OnEnvironmentsSetUpStartERKNS_8UnitTestE
                0x00409e68        0x8 gtest-all.o
                0x00409e68                testing::EmptyTestEventListener::OnEnvironmentsSetUpStart(testing::UnitTest const&)
 .text$_ZN7testing22EmptyTestEventListener25OnEnvironmentsTearDownEndERKNS_8UnitTestE
                0x00409e70        0x8 gtest-all.o
                0x00409e70                testing::EmptyTestEventListener::OnEnvironmentsTearDownEnd(testing::UnitTest const&)
 .text$_ZN7testing22EmptyTestEventListener27OnEnvironmentsTearDownStartERKNS_8UnitTestE
                0x00409e78        0x8 gtest-all.o
                0x00409e78                testing::EmptyTestEventListener::OnEnvironmentsTearDownStart(testing::UnitTest const&)
 .text$_ZN7testing22EmptyTestEventListener9OnTestEndERKNS_8TestInfoE
                0x00409e80        0x8 gtest-all.o
                0x00409e80                testing::EmptyTestEventListener::OnTestEnd(testing::TestInfo const&)
 .text$_ZN7testing22EmptyTestEventListenerD0Ev
                0x00409e88       0x10 gtest-all.o
                0x00409e88                testing::EmptyTestEventListener::~EmptyTestEventListener()
 .text$_ZN7testing22EmptyTestEventListenerD1Ev
                0x00409e98        0x8 gtest-all.o
                0x00409e98                testing::EmptyTestEventListener::~EmptyTestEventListener()
 .text$_ZN7testing24ValidateTestPropertyNameERKNSt7__cxx1112basic_stringIcSt11char_traitsIcESaIcEEERKSt6vectorIS5_SaIS5_EE
                0x00409ea0      0x1e8 gtest-all.o
                0x00409ea0                testing::ValidateTestPropertyName(std::__cxx11::basic_string<char, std::char_traits<char>, std::allocator<char> > const&, std::vector<std::__cxx11::basic_string<char, std::char_traits<char>, std::allocator<char> >, std::allocator<std::__cxx11::basic_string<char, std::char_traits<char>, std::allocator<char> > > > const&)
 .text$_ZN7testing32ScopedFakeTestPartResultReporter20ReportTestPartResultERKNS_14TestPartResultE
                0x0040a088        0xc gtest-all.o
                0x0040a088                testing::ScopedFakeTestPartResultReporter::ReportTestPartResult(testing::TestPartResult const&)
 .text$_ZN7testing32ScopedFakeTestPartResultReporter4InitEv
                0x0040a094       0x2c gtest-all.o
                0x0040a094                testing::ScopedFakeTestPartResultReporter::Init()
 .text$_ZN7testing32ScopedFakeTestPartResultReporterC2ENS0_13InterceptModeEPNS_19TestPartResultArrayE
                0x0040a0c0       0x24 gtest-all.o
                0x0040a0c0                testing::ScopedFakeTestPartResultReporter::ScopedFakeTestPartResultReporter(testing::ScopedFakeTestPartResultReporter::InterceptMode, testing::TestPartResultArray*)
                0x0040a0c0                testing::ScopedFakeTestPartResultReporter::ScopedFakeTestPartResultReporter(testing::ScopedFakeTestPartResultReporter::InterceptMode, testing::TestPartResultArray*)
 .text$_ZN7testing32ScopedFakeTestPartResultReporterC2EPNS_19TestPartResultArrayE
                0x0040a0e4       0x24 gtest-all.o
                0x0040a0e4                testing::ScopedFakeTestPartResultReporter::ScopedFakeTestPartResultReporter(testing::TestPartResultArray*)
                0x0040a0e4                testing::ScopedFakeTestPartResultReporter::ScopedFakeTestPartResultReporter(testing::TestPartResultArray*)
 .text$_ZN7testing32ScopedFakeTestPartResultReporterD0Ev
                0x0040a108       0x1c gtest-all.o
                0x0040a108                testing::ScopedFakeTestPartResultReporter::~ScopedFakeTestPartResultReporter()
 .text$_ZN7testing32ScopedFakeTestPartResultReporterD2Ev
                0x0040a124       0x28 gtest-all.o
                0x0040a124                testing::ScopedFakeTestPartResultReporter::~ScopedFakeTestPartResultReporter()
                0x0040a124                testing::ScopedFakeTestPartResultReporter::~ScopedFakeTestPartResultReporter()
 .text$_ZN7testing4Test11DeleteSelf_Ev
                0x0040a14c       0x14 gtest-all.o
                0x0040a14c                testing::Test::DeleteSelf_()
 .text$_ZN7testing4Test13SetUpTestCaseEv
                0x0040a160        0x8 main.o
                0x0040a160                testing::Test::SetUpTestCase()
 .text$_ZN7testing4Test14RecordPropertyERKNSt7__cxx1112basic_stringIcSt11char_traitsIcESaIcEEES8_
                0x0040a168       0x24 gtest-all.o
                0x0040a168                testing::Test::RecordProperty(std::__cxx11::basic_string<char, std::char_traits<char>, std::allocator<char> > const&, std::__cxx11::basic_string<char, std::char_traits<char>, std::allocator<char> > const&)
 .text$_ZN7testing4Test14RecordPropertyERKNSt7__cxx1112basic_stringIcSt11char_traitsIcESaIcEEEi
                0x0040a18c       0x70 gtest-all.o
                0x0040a18c                testing::Test::RecordProperty(std::__cxx11::basic_string<char, std::char_traits<char>, std::allocator<char> > const&, int)
 .text$_ZN7testing4Test15HasFatalFailureEv
                0x0040a1fc       0x20 gtest-all.o
                0x0040a1fc                testing::Test::HasFatalFailure()
 .text$_ZN7testing4Test16TearDownTestCaseEv
                0x0040a21c        0x8 main.o
                0x0040a21c                testing::Test::TearDownTestCase()
 .text$_ZN7testing4Test18HasNonfatalFailureEv
                0x0040a224       0x20 gtest-all.o
                0x0040a224                testing::Test::HasNonfatalFailure()
 .text$_ZN7testing4Test19HasSameFixtureClassEv
                0x0040a244      0x318 gtest-all.o
                0x0040a244                testing::Test::HasSameFixtureClass()
 .text$_ZN7testing4Test3RunEv
                0x0040a55c       0x78 gtest-all.o
                0x0040a55c                testing::Test::Run()
 .text$_ZN7testing4Test5SetupEv
                0x0040a5d4        0x8 gtest-all.o
                0x0040a5d4                testing::Test::Setup()
 .text$_ZN7testing4TestC2Ev
                0x0040a5dc      0x16c gtest-all.o
                0x0040a5dc                testing::Test::Test()
                0x0040a5dc                testing::Test::Test()
 .text$_ZN7testing4TestD0Ev
                0x0040a748       0x1c gtest-all.o
                0x0040a748                testing::Test::~Test()
 .text$_ZN7testing4TestD2Ev
                0x0040a764      0x14c gtest-all.o
                0x0040a764                testing::Test::~Test()
                0x0040a764                testing::Test::~Test()
 .text$_ZN7testing7FloatLEEPKcS1_ff
                0x0040a8b0       0x38 gtest-all.o
                0x0040a8b0                testing::FloatLE(char const*, char const*, float, float)
 .text$_ZN7testing7MessageC2Ev
                0x0040a8e8       0x44 gtest-all.o
                0x0040a8e8                testing::Message::Message()
                0x0040a8e8                testing::Message::Message()
 .text$_ZN7testing7MessagelsEPKw
                0x0040a92c        0xc gtest-all.o
                0x0040a92c                testing::Message::operator<<(wchar_t const*)
 .text$_ZN7testing7MessagelsEPw
                0x0040a938       0x40 gtest-all.o
                0x0040a938                testing::Message::operator<<(wchar_t*)
 .text$_ZN7testing7MessagelsERKNSt7__cxx1112basic_stringIwSt11char_traitsIwESaIwEEE
                0x0040a978       0x8c gtest-all.o
                0x0040a978                testing::Message::operator<<(std::__cxx11::basic_string<wchar_t, std::char_traits<wchar_t>, std::allocator<wchar_t> > const&)
 .text$_ZN7testing7MessagelsIA34_cEERS0_RKT_
                0x0040aa04       0x28 gtest-all.o
                0x0040aa04                testing::Message& testing::Message::operator<< <char [34]>(char const (&) [34])
 .text$_ZN7testing7MessagelsIKcEERS0_RKPT_.isra.120
                0x0040aa2c       0x38 gtest-all.o
 .text$_ZN7testing7MessagelsINSt7__cxx1112basic_stringIcSt11char_traitsIcESaIcEEEEERS0_RKT_
                0x0040aa64       0x28 gtest-all.o
                0x0040aa64                testing::Message& testing::Message::operator<< <std::__cxx11::basic_string<char, std::char_traits<char>, std::allocator<char> > >(std::__cxx11::basic_string<char, std::char_traits<char>, std::allocator<char> > const&)
 .text$_ZN7testing8DoubleLEEPKcS1_dd
                0x0040aa8c       0x38 gtest-all.o
                0x0040aa8c                testing::DoubleLE(char const*, char const*, double, double)
 .text$_ZN7testing8TestCase10TestFailedEPKNS_8TestInfoE
                0x0040aac4       0x1c gtest-all.o
                0x0040aac4                testing::TestCase::TestFailed(testing::TestInfo const*)
 .text$_ZN7testing8TestCase10TestPassedEPKNS_8TestInfoE
                0x0040aae0       0x20 gtest-all.o
                0x0040aae0                testing::TestCase::TestPassed(testing::TestInfo const*)
 .text$_ZN7testing8TestCase11AddTestInfoEPNS_8TestInfoE
                0x0040ab00       0xb0 gtest-all.o
                0x0040ab00                testing::TestCase::AddTestInfo(testing::TestInfo*)
 .text$_ZN7testing8TestCase11ClearResultEv
                0x0040abb0       0x2c gtest-all.o
                0x0040abb0                testing::TestCase::ClearResult()
 .text$_ZN7testing8TestCase12ShuffleTestsEPNS_8internal6RandomE
                0x0040abdc       0x34 gtest-all.o
                0x0040abdc                testing::TestCase::ShuffleTests(testing::internal::Random*)
 .text$_ZN7testing8TestCase12TestDisabledEPKNS_8TestInfoE
                0x0040ac10        0xc gtest-all.o
                0x0040ac10                testing::TestCase::TestDisabled(testing::TestInfo const*)
 .text$_ZN7testing8TestCase13ShouldRunTestEPKNS_8TestInfoE
                0x0040ac1c        0xc gtest-all.o
                0x0040ac1c                testing::TestCase::ShouldRunTest(testing::TestInfo const*)
 .text$_ZN7testing8TestCase14TestReportableEPKNS_8TestInfoE
                0x0040ac28        0xc gtest-all.o
                0x0040ac28                testing::TestCase::TestReportable(testing::TestInfo const*)
 .text$_ZN7testing8TestCase14UnshuffleTestsEv
                0x0040ac34       0x20 gtest-all.o
                0x0040ac34                testing::TestCase::UnshuffleTests()
 .text$_ZN7testing8TestCase16RunSetUpTestCaseEv
                0x0040ac54        0xc gtest-all.o
                0x0040ac54                testing::TestCase::RunSetUpTestCase()
 .text$_ZN7testing8TestCase18GetMutableTestInfoEi
                0x0040ac60       0x3c gtest-all.o
                0x0040ac60                testing::TestCase::GetMutableTestInfo(int)
 .text$_ZN7testing8TestCase19ClearTestCaseResultEPS0_
                0x0040ac9c        0xc gtest-all.o
                0x0040ac9c                testing::TestCase::ClearTestCaseResult(testing::TestCase*)
 .text$_ZN7testing8TestCase19RunTearDownTestCaseEv
                0x0040aca8        0xc gtest-all.o
                0x0040aca8                testing::TestCase::RunTearDownTestCase()
 .text$_ZN7testing8TestCase22TestReportableDisabledEPKNS_8TestInfoE
                0x0040acb4       0x14 gtest-all.o
                0x0040acb4                testing::TestCase::TestReportableDisabled(testing::TestInfo const*)
 .text$_ZN7testing8TestCase3RunEv
                0x0040acc8       0xcc gtest-all.o
                0x0040acc8                testing::TestCase::Run()
 .text$_ZN7testing8TestCaseC2EPKcS2_PFvvES4_
                0x0040ad94       0xa0 gtest-all.o
                0x0040ad94                testing::TestCase::TestCase(char const*, char const*, void (*)(), void (*)())
                0x0040ad94                testing::TestCase::TestCase(char const*, char const*, void (*)(), void (*)())
 .text$_ZN7testing8TestCaseD0Ev
                0x0040ae34       0x1c gtest-all.o
                0x0040ae34                testing::TestCase::~TestCase()
 .text$_ZN7testing8TestCaseD2Ev
                0x0040ae50       0x64 gtest-all.o
                0x0040ae50                testing::TestCase::~TestCase()
                0x0040ae50                testing::TestCase::~TestCase()
 .text$_ZN7testing8TestInfo15ClearTestResultEPS0_
                0x0040aeb4       0x10 gtest-all.o
                0x0040aeb4                testing::TestInfo::ClearTestResult(testing::TestInfo*)
 .text$_ZN7testing8TestInfo3RunEv
                0x0040aec4       0xcc gtest-all.o
                0x0040aec4                testing::TestInfo::Run()
 .text$_ZN7testing8TestInfoC2ERKNSt7__cxx1112basic_stringIcSt11char_traitsIcESaIcEEES8_PKcSA_PKvPNS_8internal15TestFactoryBaseE
                0x0040af90       0xa0 gtest-all.o
                0x0040af90                testing::TestInfo::TestInfo(std::__cxx11::basic_string<char, std::char_traits<char>, std::allocator<char> > const&, std::__cxx11::basic_string<char, std::char_traits<char>, std::allocator<char> > const&, char const*, char const*, void const*, testing::internal::TestFactoryBase*)
                0x0040af90                testing::TestInfo::TestInfo(std::__cxx11::basic_string<char, std::char_traits<char>, std::allocator<char> > const&, std::__cxx11::basic_string<char, std::char_traits<char>, std::allocator<char> > const&, char const*, char const*, void const*, testing::internal::TestFactoryBase*)
 .text$_ZN7testing8TestInfoD2Ev
                0x0040b030       0x50 gtest-all.o
                0x0040b030                testing::TestInfo::~TestInfo()
                0x0040b030                testing::TestInfo::~TestInfo()
 .text$_ZN7testing8UnitTest11GetInstanceEv
                0x0040b080       0x3c gtest-all.o
                0x0040b080                testing::UnitTest::GetInstance()
 .text$_ZN7testing8UnitTest13PopGTestTraceEv
                0x0040b0bc       0x20 gtest-all.o
                0x0040b0bc                testing::UnitTest::PopGTestTrace()
 .text$_ZN7testing8UnitTest14AddEnvironmentEPNS_11EnvironmentE
                0x0040b0dc       0xa8 gtest-all.o
                0x0040b0dc                testing::UnitTest::AddEnvironment(testing::Environment*)
 .text$_ZN7testing8UnitTest14PushGTestTraceERKNS_8internal9TraceInfoE
                0x0040b184       0x5c gtest-all.o
                0x0040b184                testing::UnitTest::PushGTestTrace(testing::internal::TraceInfo const&)
 .text$_ZN7testing8UnitTest14RecordPropertyERKNSt7__cxx1112basic_stringIcSt11char_traitsIcESaIcEEES8_
                0x0040b1e0       0x50 gtest-all.o
                0x0040b1e0                testing::UnitTest::RecordProperty(std::__cxx11::basic_string<char, std::char_traits<char>, std::allocator<char> > const&, std::__cxx11::basic_string<char, std::char_traits<char>, std::allocator<char> > const&)
 .text$_ZN7testing8UnitTest17AddTestPartResultENS_14TestPartResult4TypeEPKciRKNSt7__cxx1112basic_stringIcSt11char_traitsIcESaIcEEESC_
                0x0040b230      0x264 gtest-all.o
                0x0040b230                testing::UnitTest::AddTestPartResult(testing::TestPartResult::Type, char const*, int, std::__cxx11::basic_string<char, std::char_traits<char>, std::allocator<char> > const&, std::__cxx11::basic_string<char, std::char_traits<char>, std::allocator<char> > const&)
 .text$_ZN7testing8UnitTest18GetMutableTestCaseEi
                0x0040b494        0xc gtest-all.o
                0x0040b494                testing::UnitTest::GetMutableTestCase(int)
 .text$_ZN7testing8UnitTest27parameterized_test_registryEv
                0x0040b4a0        0xc gtest-all.o
                0x0040b4a0                testing::UnitTest::parameterized_test_registry()
 .text$_ZN7testing8UnitTest3RunEv
                0x0040b4ac       0xa4 gtest-all.o
                0x0040b4ac                testing::UnitTest::Run()
 .text$_ZN7testing8UnitTest9listenersEv
                0x0040b550       0x10 gtest-all.o
                0x0040b550                testing::UnitTest::listeners()
 .text$_ZN7testing8UnitTestC2Ev
                0x0040b560       0x34 gtest-all.o
                0x0040b560                testing::UnitTest::UnitTest()
                0x0040b560                testing::UnitTest::UnitTest()
 .text$_ZN7testing8UnitTestD0Ev
                0x0040b594       0x1c gtest-all.o
                0x0040b594                testing::UnitTest::~UnitTest()
 .text$_ZN7testing8UnitTestD2Ev
                0x0040b5b0       0x1c gtest-all.o
                0x0040b5b0                testing::UnitTest::~UnitTest()
                0x0040b5b0                testing::UnitTest::~UnitTest()
 .text$_ZN7testing8internal10AlwaysTrueEv
                0x0040b5cc        0x8 gtest-all.o
                0x0040b5cc                testing::internal::AlwaysTrue()
 .text$_ZN7testing8internal10AutoHandle5ResetEPv
                0x0040b5d4       0x30 gtest-all.o
                0x0040b5d4                testing::internal::AutoHandle::Reset(void*)
 .text$_ZN7testing8internal10AutoHandle5ResetEv
                0x0040b604       0x18 gtest-all.o
                0x0040b604                testing::internal::AutoHandle::Reset()
 .text$_ZN7testing8internal10ParseInt32ERKNS_7MessageEPKcPi
                0x0040b61c      0x180 gtest-all.o
                0x0040b61c                testing::internal::ParseInt32(testing::Message const&, char const*, int*)
 .text$_ZN7testing8internal10SkipPrefixEPKcPS2_
                0x0040b79c       0x48 gtest-all.o
                0x0040b79c                testing::internal::SkipPrefix(char const*, char const**)
 .text$_ZN7testing8internal10scoped_ptrIKNSt7__cxx1112basic_stringIcSt11char_traitsIcESaIcEEEE5resetEPS8_
                0x0040b7e4       0x34 gtest-all.o
                0x0040b7e4                testing::internal::scoped_ptr<std::__cxx11::basic_string<char, std::char_traits<char>, std::allocator<char> > const>::reset(std::__cxx11::basic_string<char, std::char_traits<char>, std::allocator<char> > const*)
 .text$_ZN7testing8internal10scoped_ptrINS0_24InternalRunDeathTestFlagEE5resetEPS2_
                0x0040b818       0x44 gtest-all.o
                0x0040b818                testing::internal::scoped_ptr<testing::internal::InternalRunDeathTestFlag>::reset(testing::internal::InternalRunDeathTestFlag*)
 .text$_ZN7testing8internal10scoped_ptrINSt7__cxx1112basic_stringIcSt11char_traitsIcESaIcEEEE5resetEPS7_
                0x0040b85c       0x34 gtest-all.o
                0x0040b85c                testing::internal::scoped_ptr<std::__cxx11::basic_string<char, std::char_traits<char>, std::allocator<char> > >::reset(std::__cxx11::basic_string<char, std::char_traits<char>, std::allocator<char> >*)